This is pdfTeX, Version 3.141592653-2.6-1.40.27 (TeX Live 2025/nixos.org) (preloaded format=pdflatex 1980.1.1)  18 APR 2026 11:42
entering extended mode
 restricted \write18 enabled.
 %&-line parsing enabled.
**ext-abs-pldi.tex
(./ext-abs-pldi.tex
LaTeX2e <2025-06-01> patch level 1
L3 programming layer <2025-06-09>

(/nix/store/7gzcpqky6jdns8idf571r6mcw0f9cfw6-texlive-combined-2025-texmfdist/te
x/latex/base/article.cls
Document Class: article 2025/01/22 v1.4n Standard LaTeX document class

(/nix/store/7gzcpqky6jdns8idf571r6mcw0f9cfw6-texlive-combined-2025-texmfdist/te
x/latex/base/size10.clo
File: size10.clo 2025/01/22 v1.4n Standard LaTeX file (size option)
)
\c@part=\count275
\c@section=\count276
\c@subsection=\count277
\c@subsubsection=\count278
\c@paragraph=\count279
\c@subparagraph=\count280
\c@figure=\count281
\c@table=\count282
\abovecaptionskip=\skip49
\belowcaptionskip=\skip50
\bibindent=\dimen148
)
(/nix/store/7gzcpqky6jdns8idf571r6mcw0f9cfw6-texlive-combined-2025-texmfdist/te
x/latex/base/inputenc.sty
Package: inputenc 2024/02/08 v1.3d Input encoding file
\inpenc@prehook=\toks17
\inpenc@posthook=\toks18
)
(/nix/store/7gzcpqky6jdns8idf571r6mcw0f9cfw6-texlive-combined-2025-texmfdist/te
x/latex/biblatex/biblatex.sty
Package: biblatex 2024/03/21 v3.20 programmable bibliographies (PK/MW)

(/nix/store/7gzcpqky6jdns8idf571r6mcw0f9cfw6-texlive-combined-2025-texmfdist/te
x/generic/pdftexcmds/pdftexcmds.sty
Package: pdftexcmds 2020-06-27 v0.33 Utility functions of pdfTeX for LuaTeX (HO
)

(/nix/store/7gzcpqky6jdns8idf571r6mcw0f9cfw6-texlive-combined-2025-texmfdist/te
x/generic/infwarerr/infwarerr.sty
Package: infwarerr 2019/12/03 v1.5 Providing info/warning/error messages (HO)
)
(/nix/store/7gzcpqky6jdns8idf571r6mcw0f9cfw6-texlive-combined-2025-texmfdist/te
x/generic/iftex/iftex.sty
Package: iftex 2024/12/12 v1.0g TeX engine tests
)
(/nix/store/7gzcpqky6jdns8idf571r6mcw0f9cfw6-texlive-combined-2025-texmfdist/te
x/generic/ltxcmds/ltxcmds.sty
Package: ltxcmds 2023-12-04 v1.26 LaTeX kernel commands for general use (HO)
)
Package pdftexcmds Info: \pdf@primitive is available.
Package pdftexcmds Info: \pdf@ifprimitive is available.
Package pdftexcmds Info: \pdfdraftmode found.
)
(/nix/store/7gzcpqky6jdns8idf571r6mcw0f9cfw6-texlive-combined-2025-texmfdist/te
x/latex/etoolbox/etoolbox.sty
Package: etoolbox 2025/02/11 v2.5l e-TeX tools for LaTeX (JAW)
\etb@tempcnta=\count283
)
(/nix/store/7gzcpqky6jdns8idf571r6mcw0f9cfw6-texlive-combined-2025-texmfdist/te
x/latex/graphics/keyval.sty
Package: keyval 2022/05/29 v1.15 key=value parser (DPC)
\KV@toks@=\toks19
)
(/nix/store/7gzcpqky6jdns8idf571r6mcw0f9cfw6-texlive-combined-2025-texmfdist/te
x/latex/kvoptions/kvoptions.sty
Package: kvoptions 2022-06-15 v3.15 Key value format for package options (HO)

(/nix/store/7gzcpqky6jdns8idf571r6mcw0f9cfw6-texlive-combined-2025-texmfdist/te
x/latex/kvsetkeys/kvsetkeys.sty
Package: kvsetkeys 2022-10-05 v1.19 Key value parser (HO)
))
(/nix/store/7gzcpqky6jdns8idf571r6mcw0f9cfw6-texlive-combined-2025-texmfdist/te
x/latex/logreq/logreq.sty
Package: logreq 2010/08/04 v1.0 xml request logger
\lrq@indent=\count284

(/nix/store/7gzcpqky6jdns8idf571r6mcw0f9cfw6-texlive-combined-2025-texmfdist/te
x/latex/logreq/logreq.def
File: logreq.def 2010/08/04 v1.0 logreq spec v1.0
))
(/nix/store/7gzcpqky6jdns8idf571r6mcw0f9cfw6-texlive-combined-2025-texmfdist/te
x/latex/base/ifthen.sty
Package: ifthen 2024/03/16 v1.1e Standard LaTeX ifthen package (DPC)
)
(/nix/store/7gzcpqky6jdns8idf571r6mcw0f9cfw6-texlive-combined-2025-texmfdist/te
x/latex/url/url.sty
\Urlmuskip=\muskip17
Package: url 2013/09/16  ver 3.4  Verb mode for urls, etc.
)
\c@tabx@nest=\count285
\c@listtotal=\count286
\c@listcount=\count287
\c@liststart=\count288
\c@liststop=\count289
\c@citecount=\count290
\c@citetotal=\count291
\c@multicitecount=\count292
\c@multicitetotal=\count293
\c@instcount=\count294
\c@maxnames=\count295
\c@minnames=\count296
\c@maxitems=\count297
\c@minitems=\count298
\c@citecounter=\count299
\c@maxcitecounter=\count300
\c@savedcitecounter=\count301
\c@uniquelist=\count302
\c@uniquename=\count303
\c@refsection=\count304
\c@refsegment=\count305
\c@maxextratitle=\count306
\c@maxextratitleyear=\count307
\c@maxextraname=\count308
\c@maxextradate=\count309
\c@maxextraalpha=\count310
\c@abbrvpenalty=\count311
\c@highnamepenalty=\count312
\c@lownamepenalty=\count313
\c@maxparens=\count314
\c@parenlevel=\count315
\blx@tempcnta=\count316
\blx@tempcntb=\count317
\blx@tempcntc=\count318
\c@blx@maxsection=\count319
\blx@maxsegment@0=\count320
\blx@notetype=\count321
\blx@parenlevel@text=\count322
\blx@parenlevel@foot=\count323
\blx@sectionciteorder@0=\count324
\blx@sectionciteorderinternal@0=\count325
\blx@entrysetcounter=\count326
\blx@biblioinstance=\count327
\labelnumberwidth=\skip51
\labelalphawidth=\skip52
\biblabelsep=\skip53
\bibitemsep=\skip54
\bibnamesep=\skip55
\bibinitsep=\skip56
\bibparsep=\skip57
\bibhang=\skip58
\blx@bcfin=\read2
\blx@bcfout=\write3
\blx@langwohyphens=\language90
\c@mincomprange=\count328
\c@maxcomprange=\count329
\c@mincompwidth=\count330
Package biblatex Info: Trying to load biblatex default data model...
Package biblatex Info: ... file 'blx-dm.def' found.

(/nix/store/7gzcpqky6jdns8idf571r6mcw0f9cfw6-texlive-combined-2025-texmfdist/te
x/latex/biblatex/blx-dm.def
File: blx-dm.def 2024/03/21 v3.20 biblatex datamodel (PK/MW)
)
Package biblatex Info: Trying to load biblatex custom data model...
Package biblatex Info: ... file 'biblatex-dm.cfg' not found.
\c@afterword=\count331
\c@savedafterword=\count332
\c@annotator=\count333
\c@savedannotator=\count334
\c@author=\count335
\c@savedauthor=\count336
\c@bookauthor=\count337
\c@savedbookauthor=\count338
\c@commentator=\count339
\c@savedcommentator=\count340
\c@editor=\count341
\c@savededitor=\count342
\c@editora=\count343
\c@savededitora=\count344
\c@editorb=\count345
\c@savededitorb=\count346
\c@editorc=\count347
\c@savededitorc=\count348
\c@foreword=\count349
\c@savedforeword=\count350
\c@holder=\count351
\c@savedholder=\count352
\c@introduction=\count353
\c@savedintroduction=\count354
\c@namea=\count355
\c@savednamea=\count356
\c@nameb=\count357
\c@savednameb=\count358
\c@namec=\count359
\c@savednamec=\count360
\c@translator=\count361
\c@savedtranslator=\count362
\c@shortauthor=\count363
\c@savedshortauthor=\count364
\c@shorteditor=\count365
\c@savedshorteditor=\count366
\c@labelname=\count367
\c@savedlabelname=\count368
\c@institution=\count369
\c@savedinstitution=\count370
\c@lista=\count371
\c@savedlista=\count372
\c@listb=\count373
\c@savedlistb=\count374
\c@listc=\count375
\c@savedlistc=\count376
\c@listd=\count377
\c@savedlistd=\count378
\c@liste=\count379
\c@savedliste=\count380
\c@listf=\count381
\c@savedlistf=\count382
\c@location=\count383
\c@savedlocation=\count384
\c@organization=\count385
\c@savedorganization=\count386
\c@origlocation=\count387
\c@savedoriglocation=\count388
\c@origpublisher=\count389
\c@savedorigpublisher=\count390
\c@publisher=\count391
\c@savedpublisher=\count392
\c@language=\count393
\c@savedlanguage=\count394
\c@origlanguage=\count395
\c@savedoriglanguage=\count396
\c@pageref=\count397
\c@savedpageref=\count398
\shorthandwidth=\skip59
\shortjournalwidth=\skip60
\shortserieswidth=\skip61
\shorttitlewidth=\skip62
\shortauthorwidth=\skip63
\shorteditorwidth=\skip64
\locallabelnumberwidth=\skip65
\locallabelalphawidth=\skip66
\localshorthandwidth=\skip67
\localshortjournalwidth=\skip68
\localshortserieswidth=\skip69
\localshorttitlewidth=\skip70
\localshortauthorwidth=\skip71
\localshorteditorwidth=\skip72
Package biblatex Info: Trying to load compatibility code...
Package biblatex Info: ... file 'blx-compat.def' found.

(/nix/store/7gzcpqky6jdns8idf571r6mcw0f9cfw6-texlive-combined-2025-texmfdist/te
x/latex/biblatex/blx-compat.def
File: blx-compat.def 2024/03/21 v3.20 biblatex compatibility (PK/MW)
)
Package biblatex Info: Trying to load generic definitions...
Package biblatex Info: ... file 'biblatex.def' found.

(/nix/store/7gzcpqky6jdns8idf571r6mcw0f9cfw6-texlive-combined-2025-texmfdist/te
x/latex/biblatex/biblatex.def
File: biblatex.def 2024/03/21 v3.20 biblatex compatibility (PK/MW)
\c@textcitecount=\count399
\c@textcitetotal=\count400
\c@textcitemaxnames=\count401
\c@biburlbigbreakpenalty=\count402
\c@biburlbreakpenalty=\count403
\c@biburlnumpenalty=\count404
\c@biburlucpenalty=\count405
\c@biburllcpenalty=\count406
\biburlbigskip=\muskip18
\biburlnumskip=\muskip19
\biburlucskip=\muskip20
\biburllcskip=\muskip21
\c@smartand=\count407
)
Package biblatex Info: Trying to load natbib compatibility...
Package biblatex Info: ... file 'blx-natbib.def' found.

(/nix/store/7gzcpqky6jdns8idf571r6mcw0f9cfw6-texlive-combined-2025-texmfdist/te
x/latex/biblatex/blx-natbib.def
File: blx-natbib.def 2024/03/21 v3.20 biblatex compatibility (PK/MW)
Package biblatex Info: Delimiter 'nameyeardelim' in context '' already defined,
 overwriting.
)
Package biblatex Info: Trying to load bibliography style 'numeric'...
Package biblatex Info: ... file 'numeric.bbx' found.

(/nix/store/7gzcpqky6jdns8idf571r6mcw0f9cfw6-texlive-combined-2025-texmfdist/te
x/latex/biblatex/bbx/numeric.bbx
File: numeric.bbx 2024/03/21 v3.20 biblatex bibliography style (PK/MW)
Package biblatex Info: Trying to load bibliography style 'standard'...
Package biblatex Info: ... file 'standard.bbx' found.

(/nix/store/7gzcpqky6jdns8idf571r6mcw0f9cfw6-texlive-combined-2025-texmfdist/te
x/latex/biblatex/bbx/standard.bbx
File: standard.bbx 2024/03/21 v3.20 biblatex bibliography style (PK/MW)
\c@bbx:relatedcount=\count408
\c@bbx:relatedtotal=\count409
))
Package biblatex Info: Trying to load citation style 'numeric'...
Package biblatex Info: ... file 'numeric.cbx' found.

(/nix/store/7gzcpqky6jdns8idf571r6mcw0f9cfw6-texlive-combined-2025-texmfdist/te
x/latex/biblatex/cbx/numeric.cbx
File: numeric.cbx 2024/03/21 v3.20 biblatex citation style (PK/MW)
Package biblatex Info: Redefining '\cite'.
Package biblatex Info: Redefining '\parencite'.
Package biblatex Info: Redefining '\footcite'.
Package biblatex Info: Redefining '\footcitetext'.
Package biblatex Info: Redefining '\smartcite'.
Package biblatex Info: Redefining '\supercite'.
Package biblatex Info: Redefining '\textcite'.
Package biblatex Info: Redefining '\textcites'.
Package biblatex Info: Redefining '\cites'.
Package biblatex Info: Redefining '\parencites'.
Package biblatex Info: Redefining '\smartcites'.
)
Package biblatex Info: Trying to load configuration file...
Package biblatex Info: ... file 'biblatex.cfg' found.

(/nix/store/7gzcpqky6jdns8idf571r6mcw0f9cfw6-texlive-combined-2025-texmfdist/te
x/latex/biblatex/biblatex.cfg
File: biblatex.cfg 
)
Package biblatex Info: Input encoding 'utf8' detected.
Package biblatex Info: Document encoding is UTF8 ....

(/nix/store/7gzcpqky6jdns8idf571r6mcw0f9cfw6-texlive-combined-2025-texmfdist/te
x/latex/l3kernel/expl3.sty
Package: expl3 2025-06-09 L3 programming layer (loader) 

(/nix/store/7gzcpqky6jdns8idf571r6mcw0f9cfw6-texlive-combined-2025-texmfdist/te
x/latex/l3backend/l3backend-pdftex.def
File: l3backend-pdftex.def 2025-06-09 L3 backend support: PDF output (pdfTeX)
\l__color_backend_stack_int=\count410
))
Package biblatex Info: ... and expl3
(biblatex)             2025-06-09 L3 programming layer (loader) 
(biblatex)             is new enough (at least 2020/04/06),
(biblatex)             setting 'casechanger=expl3'.

(/nix/store/7gzcpqky6jdns8idf571r6mcw0f9cfw6-texlive-combined-2025-texmfdist/te
x/latex/biblatex/blx-case-expl3.sty
(/nix/store/7gzcpqky6jdns8idf571r6mcw0f9cfw6-texlive-combined-2025-texmfdist/te
x/latex/l3packages/xparse/xparse.sty
Package: xparse 2024-08-16 L3 Experimental document command parser
)
Package: blx-case-expl3 2024/03/21 v3.20 expl3 case changing code for biblatex
))
(/nix/store/7gzcpqky6jdns8idf571r6mcw0f9cfw6-texlive-combined-2025-texmfdist/te
x/latex/hyperref/hyperref.sty
Package: hyperref 2025-06-21 v7.01n Hypertext links for LaTeX

(/nix/store/7gzcpqky6jdns8idf571r6mcw0f9cfw6-texlive-combined-2025-texmfdist/te
x/generic/kvdefinekeys/kvdefinekeys.sty
Package: kvdefinekeys 2019-12-19 v1.6 Define keys (HO)
)
(/nix/store/7gzcpqky6jdns8idf571r6mcw0f9cfw6-texlive-combined-2025-texmfdist/te
x/generic/pdfescape/pdfescape.sty
Package: pdfescape 2019/12/09 v1.15 Implements pdfTeX's escape features (HO)
)
(/nix/store/7gzcpqky6jdns8idf571r6mcw0f9cfw6-texlive-combined-2025-texmfdist/te
x/latex/hycolor/hycolor.sty
Package: hycolor 2020-01-27 v1.10 Color options for hyperref/bookmark (HO)
)
(/nix/store/7gzcpqky6jdns8idf571r6mcw0f9cfw6-texlive-combined-2025-texmfdist/te
x/latex/hyperref/nameref.sty
Package: nameref 2025-06-21 v2.57 Cross-referencing by name of section

(/nix/store/7gzcpqky6jdns8idf571r6mcw0f9cfw6-texlive-combined-2025-texmfdist/te
x/latex/refcount/refcount.sty
Package: refcount 2019/12/15 v3.6 Data extraction from label references (HO)
)
(/nix/store/7gzcpqky6jdns8idf571r6mcw0f9cfw6-texlive-combined-2025-texmfdist/te
x/generic/gettitlestring/gettitlestring.sty
Package: gettitlestring 2019/12/15 v1.6 Cleanup title references (HO)
)
\c@section@level=\count411
)
(/nix/store/7gzcpqky6jdns8idf571r6mcw0f9cfw6-texlive-combined-2025-texmfdist/te
x/generic/stringenc/stringenc.sty
Package: stringenc 2019/11/29 v1.12 Convert strings between diff. encodings (HO
)
)
\@linkdim=\dimen149
\Hy@linkcounter=\count412
\Hy@pagecounter=\count413

(/nix/store/7gzcpqky6jdns8idf571r6mcw0f9cfw6-texlive-combined-2025-texmfdist/te
x/latex/hyperref/pd1enc.def
File: pd1enc.def 2025-06-21 v7.01n Hyperref: PDFDocEncoding definition (HO)
Now handling font encoding PD1 ...
... no UTF-8 mapping file for font encoding PD1
)
(/nix/store/7gzcpqky6jdns8idf571r6mcw0f9cfw6-texlive-combined-2025-texmfdist/te
x/generic/intcalc/intcalc.sty
Package: intcalc 2019/12/15 v1.3 Expandable calculations with integers (HO)
)
\Hy@SavedSpaceFactor=\count414

(/nix/store/7gzcpqky6jdns8idf571r6mcw0f9cfw6-texlive-combined-2025-texmfdist/te
x/latex/hyperref/puenc.def
File: puenc.def 2025-06-21 v7.01n Hyperref: PDF Unicode definition (HO)
Now handling font encoding PU ...
... no UTF-8 mapping file for font encoding PU
)
Package hyperref Info: Hyper figures OFF on input line 4181.
Package hyperref Info: Link nesting OFF on input line 4186.
Package hyperref Info: Hyper index ON on input line 4189.
Package hyperref Info: Plain pages OFF on input line 4196.
Package hyperref Info: Backreferencing OFF on input line 4201.
Package hyperref Info: Implicit mode ON; LaTeX internals redefined.
Package hyperref Info: Bookmarks ON on input line 4448.
\c@Hy@tempcnt=\count415
LaTeX Info: Redefining \url on input line 4787.
\XeTeXLinkMargin=\dimen150

(/nix/store/7gzcpqky6jdns8idf571r6mcw0f9cfw6-texlive-combined-2025-texmfdist/te
x/generic/bitset/bitset.sty
Package: bitset 2019/12/09 v1.3 Handle bit-vector datatype (HO)

(/nix/store/7gzcpqky6jdns8idf571r6mcw0f9cfw6-texlive-combined-2025-texmfdist/te
x/generic/bigintcalc/bigintcalc.sty
Package: bigintcalc 2019/12/15 v1.5 Expandable calculations on big integers (HO
)
))
\Fld@menulength=\count416
\Field@Width=\dimen151
\Fld@charsize=\dimen152
Package hyperref Info: Hyper figures OFF on input line 6066.
Package hyperref Info: Link nesting OFF on input line 6071.
Package hyperref Info: Hyper index ON on input line 6074.
Package hyperref Info: backreferencing OFF on input line 6081.
Package hyperref Info: Link coloring OFF on input line 6086.
Package hyperref Info: Link coloring with OCG OFF on input line 6091.
Package hyperref Info: PDF/A mode OFF on input line 6096.
\Hy@abspage=\count417
\c@Item=\count418
\c@Hfootnote=\count419
)
Package hyperref Info: Driver (autodetected): hpdftex.

(/nix/store/7gzcpqky6jdns8idf571r6mcw0f9cfw6-texlive-combined-2025-texmfdist/te
x/latex/hyperref/hpdftex.def
File: hpdftex.def 2025-06-21 v7.01n Hyperref driver for pdfTeX
\Fld@listcount=\count420
\c@bookmark@seq@number=\count421

(/nix/store/7gzcpqky6jdns8idf571r6mcw0f9cfw6-texlive-combined-2025-texmfdist/te
x/latex/rerunfilecheck/rerunfilecheck.sty
Package: rerunfilecheck 2025-06-21 v1.11 Rerun checks for auxiliary files (HO)

(/nix/store/7gzcpqky6jdns8idf571r6mcw0f9cfw6-texlive-combined-2025-texmfdist/te
x/generic/uniquecounter/uniquecounter.sty
Package: uniquecounter 2019/12/15 v1.4 Provide unlimited unique counter (HO)
)
Package uniquecounter Info: New unique counter `rerunfilecheck' on input line 2
84.
)
\Hy@SectionHShift=\skip73
)
Package hyperref Info: Option `colorlinks' set `true' on input line 14.

(/nix/store/7gzcpqky6jdns8idf571r6mcw0f9cfw6-texlive-combined-2025-texmfdist/te
x/latex/graphviz/graphviz.sty
Package: graphviz 2013/08/15 v0.94 .dtx graphviz file

(/nix/store/7gzcpqky6jdns8idf571r6mcw0f9cfw6-texlive-combined-2025-texmfdist/te
x/latex/graphics/graphicx.sty
Package: graphicx 2024/12/31 v1.2e Enhanced LaTeX Graphics (DPC,SPQR)

(/nix/store/7gzcpqky6jdns8idf571r6mcw0f9cfw6-texlive-combined-2025-texmfdist/te
x/latex/graphics/graphics.sty
Package: graphics 2024/08/06 v1.4g Standard LaTeX Graphics (DPC,SPQR)

(/nix/store/7gzcpqky6jdns8idf571r6mcw0f9cfw6-texlive-combined-2025-texmfdist/te
x/latex/graphics/trig.sty
Package: trig 2023/12/02 v1.11 sin cos tan (DPC)
)
(/nix/store/7gzcpqky6jdns8idf571r6mcw0f9cfw6-texlive-combined-2025-texmfdist/te
x/latex/graphics-cfg/graphics.cfg
File: graphics.cfg 2016/06/04 v1.11 sample graphics configuration
)
Package graphics Info: Driver file: pdftex.def on input line 106.

(/nix/store/7gzcpqky6jdns8idf571r6mcw0f9cfw6-texlive-combined-2025-texmfdist/te
x/latex/graphics-def/pdftex.def
File: pdftex.def 2024/04/13 v1.2c Graphics/color driver for pdftex
))
\Gin@req@height=\dimen153
\Gin@req@width=\dimen154
))
(/nix/store/7gzcpqky6jdns8idf571r6mcw0f9cfw6-texlive-combined-2025-texmfdist/te
x/latex/amsmath/amsmath.sty
Package: amsmath 2025/06/16 v2.17y AMS math features
\@mathmargin=\skip74

For additional information on amsmath, use the `?' option.

(/nix/store/7gzcpqky6jdns8idf571r6mcw0f9cfw6-texlive-combined-2025-texmfdist/te
x/latex/amsmath/amstext.sty
Package: amstext 2024/11/17 v2.01 AMS text

(/nix/store/7gzcpqky6jdns8idf571r6mcw0f9cfw6-texlive-combined-2025-texmfdist/te
x/latex/amsmath/amsgen.sty
File: amsgen.sty 1999/11/30 v2.0 generic functions
\@emptytoks=\toks20
\ex@=\dimen155
))
(/nix/store/7gzcpqky6jdns8idf571r6mcw0f9cfw6-texlive-combined-2025-texmfdist/te
x/latex/amsmath/amsbsy.sty
Package: amsbsy 1999/11/29 v1.2d Bold Symbols
\pmbraise@=\dimen156
)
(/nix/store/7gzcpqky6jdns8idf571r6mcw0f9cfw6-texlive-combined-2025-texmfdist/te
x/latex/amsmath/amsopn.sty
Package: amsopn 2022/04/08 v2.04 operator names
)
\inf@bad=\count422
LaTeX Info: Redefining \frac on input line 233.
\uproot@=\count423
\leftroot@=\count424
LaTeX Info: Redefining \overline on input line 398.
LaTeX Info: Redefining \colon on input line 409.
\classnum@=\count425
\DOTSCASE@=\count426
LaTeX Info: Redefining \ldots on input line 495.
LaTeX Info: Redefining \dots on input line 498.
LaTeX Info: Redefining \cdots on input line 619.
\Mathstrutbox@=\box53
\strutbox@=\box54
LaTeX Info: Redefining \big on input line 721.
LaTeX Info: Redefining \Big on input line 722.
LaTeX Info: Redefining \bigg on input line 723.
LaTeX Info: Redefining \Bigg on input line 724.
\big@size=\dimen157
LaTeX Font Info:    Redeclaring font encoding OML on input line 742.
LaTeX Font Info:    Redeclaring font encoding OMS on input line 743.
\macc@depth=\count427
LaTeX Info: Redefining \bmod on input line 904.
LaTeX Info: Redefining \pmod on input line 909.
LaTeX Info: Redefining \smash on input line 939.
LaTeX Info: Redefining \relbar on input line 969.
LaTeX Info: Redefining \Relbar on input line 970.
\c@MaxMatrixCols=\count428
\dotsspace@=\muskip22
\c@parentequation=\count429
\dspbrk@lvl=\count430
\tag@help=\toks21
\row@=\count431
\column@=\count432
\maxfields@=\count433
\andhelp@=\toks22
\eqnshift@=\dimen158
\alignsep@=\dimen159
\tagshift@=\dimen160
\tagwidth@=\dimen161
\totwidth@=\dimen162
\lineht@=\dimen163
\@envbody=\toks23
\multlinegap=\skip75
\multlinetaggap=\skip76
\mathdisplay@stack=\toks24
LaTeX Info: Redefining \[ on input line 2949.
LaTeX Info: Redefining \] on input line 2950.
)
(/nix/store/7gzcpqky6jdns8idf571r6mcw0f9cfw6-texlive-combined-2025-texmfdist/te
x/latex/amscls/amsthm.sty
Package: amsthm 2020/05/29 v2.20.6
\thm@style=\toks25
\thm@bodyfont=\toks26
\thm@headfont=\toks27
\thm@notefont=\toks28
\thm@headpunct=\toks29
\thm@preskip=\skip77
\thm@postskip=\skip78
\thm@headsep=\skip79
\dth@everypar=\toks30
)
(/nix/store/7gzcpqky6jdns8idf571r6mcw0f9cfw6-texlive-combined-2025-texmfdist/te
x/latex/amsfonts/amssymb.sty
Package: amssymb 2013/01/14 v3.01 AMS font symbols

(/nix/store/7gzcpqky6jdns8idf571r6mcw0f9cfw6-texlive-combined-2025-texmfdist/te
x/latex/amsfonts/amsfonts.sty
Package: amsfonts 2013/01/14 v3.01 Basic AMSFonts support
\symAMSa=\mathgroup4
\symAMSb=\mathgroup5
LaTeX Font Info:    Redeclaring math symbol \hbar on input line 98.
LaTeX Font Info:    Overwriting math alphabet `\mathfrak' in version `bold'
(Font)                  U/euf/m/n --> U/euf/b/n on input line 106.
))
(/nix/store/7gzcpqky6jdns8idf571r6mcw0f9cfw6-texlive-combined-2025-texmfdist/te
x/latex/pgf/frontendlayer/tikz.sty
(/nix/store/7gzcpqky6jdns8idf571r6mcw0f9cfw6-texlive-combined-2025-texmfdist/te
x/latex/pgf/basiclayer/pgf.sty
(/nix/store/7gzcpqky6jdns8idf571r6mcw0f9cfw6-texlive-combined-2025-texmfdist/te
x/latex/pgf/utilities/pgfrcs.sty
(/nix/store/7gzcpqky6jdns8idf571r6mcw0f9cfw6-texlive-combined-2025-texmfdist/te
x/generic/pgf/utilities/pgfutil-common.tex
\pgfutil@everybye=\toks31
\pgfutil@tempdima=\dimen164
\pgfutil@tempdimb=\dimen165
)
(/nix/store/7gzcpqky6jdns8idf571r6mcw0f9cfw6-texlive-combined-2025-texmfdist/te
x/generic/pgf/utilities/pgfutil-latex.def
\pgfutil@abb=\box55
)
(/nix/store/7gzcpqky6jdns8idf571r6mcw0f9cfw6-texlive-combined-2025-texmfdist/te
x/generic/pgf/utilities/pgfrcs.code.tex
(/nix/store/7gzcpqky6jdns8idf571r6mcw0f9cfw6-texlive-combined-2025-texmfdist/te
x/generic/pgf/pgf.revision.tex)
Package: pgfrcs 2023-01-15 v3.1.10 (3.1.10)
))
Package: pgf 2023-01-15 v3.1.10 (3.1.10)

(/nix/store/7gzcpqky6jdns8idf571r6mcw0f9cfw6-texlive-combined-2025-texmfdist/te
x/latex/pgf/basiclayer/pgfcore.sty
(/nix/store/7gzcpqky6jdns8idf571r6mcw0f9cfw6-texlive-combined-2025-texmfdist/te
x/latex/pgf/systemlayer/pgfsys.sty
(/nix/store/7gzcpqky6jdns8idf571r6mcw0f9cfw6-texlive-combined-2025-texmfdist/te
x/generic/pgf/systemlayer/pgfsys.code.tex
Package: pgfsys 2023-01-15 v3.1.10 (3.1.10)

(/nix/store/7gzcpqky6jdns8idf571r6mcw0f9cfw6-texlive-combined-2025-texmfdist/te
x/generic/pgf/utilities/pgfkeys.code.tex
\pgfkeys@pathtoks=\toks32
\pgfkeys@temptoks=\toks33

(/nix/store/7gzcpqky6jdns8idf571r6mcw0f9cfw6-texlive-combined-2025-texmfdist/te
x/generic/pgf/utilities/pgfkeyslibraryfiltered.code.tex
\pgfkeys@tmptoks=\toks34
))
\pgf@x=\dimen166
\pgf@y=\dimen167
\pgf@xa=\dimen168
\pgf@ya=\dimen169
\pgf@xb=\dimen170
\pgf@yb=\dimen171
\pgf@xc=\dimen172
\pgf@yc=\dimen173
\pgf@xd=\dimen174
\pgf@yd=\dimen175
\w@pgf@writea=\write4
\r@pgf@reada=\read3
\c@pgf@counta=\count434
\c@pgf@countb=\count435
\c@pgf@countc=\count436
\c@pgf@countd=\count437
\t@pgf@toka=\toks35
\t@pgf@tokb=\toks36
\t@pgf@tokc=\toks37
\pgf@sys@id@count=\count438

(/nix/store/7gzcpqky6jdns8idf571r6mcw0f9cfw6-texlive-combined-2025-texmfdist/te
x/generic/pgf/systemlayer/pgf.cfg
File: pgf.cfg 2023-01-15 v3.1.10 (3.1.10)
)
Driver file for pgf: pgfsys-pdftex.def

(/nix/store/7gzcpqky6jdns8idf571r6mcw0f9cfw6-texlive-combined-2025-texmfdist/te
x/generic/pgf/systemlayer/pgfsys-pdftex.def
File: pgfsys-pdftex.def 2023-01-15 v3.1.10 (3.1.10)

(/nix/store/7gzcpqky6jdns8idf571r6mcw0f9cfw6-texlive-combined-2025-texmfdist/te
x/generic/pgf/systemlayer/pgfsys-common-pdf.def
File: pgfsys-common-pdf.def 2023-01-15 v3.1.10 (3.1.10)
)))
(/nix/store/7gzcpqky6jdns8idf571r6mcw0f9cfw6-texlive-combined-2025-texmfdist/te
x/generic/pgf/systemlayer/pgfsyssoftpath.code.tex
File: pgfsyssoftpath.code.tex 2023-01-15 v3.1.10 (3.1.10)
\pgfsyssoftpath@smallbuffer@items=\count439
\pgfsyssoftpath@bigbuffer@items=\count440
)
(/nix/store/7gzcpqky6jdns8idf571r6mcw0f9cfw6-texlive-combined-2025-texmfdist/te
x/generic/pgf/systemlayer/pgfsysprotocol.code.tex
File: pgfsysprotocol.code.tex 2023-01-15 v3.1.10 (3.1.10)
))
(/nix/store/7gzcpqky6jdns8idf571r6mcw0f9cfw6-texlive-combined-2025-texmfdist/te
x/latex/xcolor/xcolor.sty
Package: xcolor 2024/09/29 v3.02 LaTeX color extensions (UK)

(/nix/store/7gzcpqky6jdns8idf571r6mcw0f9cfw6-texlive-combined-2025-texmfdist/te
x/latex/graphics-cfg/color.cfg
File: color.cfg 2016/01/02 v1.6 sample color configuration
)
Package xcolor Info: Driver file: pdftex.def on input line 274.

(/nix/store/7gzcpqky6jdns8idf571r6mcw0f9cfw6-texlive-combined-2025-texmfdist/te
x/latex/graphics/mathcolor.ltx)
Package xcolor Info: Model `cmy' substituted by `cmy0' on input line 1349.
Package xcolor Info: Model `hsb' substituted by `rgb' on input line 1353.
Package xcolor Info: Model `RGB' extended on input line 1365.
Package xcolor Info: Model `HTML' substituted by `rgb' on input line 1367.
Package xcolor Info: Model `Hsb' substituted by `hsb' on input line 1368.
Package xcolor Info: Model `tHsb' substituted by `hsb' on input line 1369.
Package xcolor Info: Model `HSB' substituted by `hsb' on input line 1370.
Package xcolor Info: Model `Gray' substituted by `gray' on input line 1371.
Package xcolor Info: Model `wave' substituted by `hsb' on input line 1372.
)
(/nix/store/7gzcpqky6jdns8idf571r6mcw0f9cfw6-texlive-combined-2025-texmfdist/te
x/generic/pgf/basiclayer/pgfcore.code.tex
Package: pgfcore 2023-01-15 v3.1.10 (3.1.10)

(/nix/store/7gzcpqky6jdns8idf571r6mcw0f9cfw6-texlive-combined-2025-texmfdist/te
x/generic/pgf/math/pgfmath.code.tex
(/nix/store/7gzcpqky6jdns8idf571r6mcw0f9cfw6-texlive-combined-2025-texmfdist/te
x/generic/pgf/math/pgfmathutil.code.tex)
(/nix/store/7gzcpqky6jdns8idf571r6mcw0f9cfw6-texlive-combined-2025-texmfdist/te
x/generic/pgf/math/pgfmathparser.code.tex
\pgfmath@dimen=\dimen176
\pgfmath@count=\count441
\pgfmath@box=\box56
\pgfmath@toks=\toks38
\pgfmath@stack@operand=\toks39
\pgfmath@stack@operation=\toks40
)
(/nix/store/7gzcpqky6jdns8idf571r6mcw0f9cfw6-texlive-combined-2025-texmfdist/te
x/generic/pgf/math/pgfmathfunctions.code.tex)
(/nix/store/7gzcpqky6jdns8idf571r6mcw0f9cfw6-texlive-combined-2025-texmfdist/te
x/generic/pgf/math/pgfmathfunctions.basic.code.tex)
(/nix/store/7gzcpqky6jdns8idf571r6mcw0f9cfw6-texlive-combined-2025-texmfdist/te
x/generic/pgf/math/pgfmathfunctions.trigonometric.code.tex)
(/nix/store/7gzcpqky6jdns8idf571r6mcw0f9cfw6-texlive-combined-2025-texmfdist/te
x/generic/pgf/math/pgfmathfunctions.random.code.tex)
(/nix/store/7gzcpqky6jdns8idf571r6mcw0f9cfw6-texlive-combined-2025-texmfdist/te
x/generic/pgf/math/pgfmathfunctions.comparison.code.tex)
(/nix/store/7gzcpqky6jdns8idf571r6mcw0f9cfw6-texlive-combined-2025-texmfdist/te
x/generic/pgf/math/pgfmathfunctions.base.code.tex)
(/nix/store/7gzcpqky6jdns8idf571r6mcw0f9cfw6-texlive-combined-2025-texmfdist/te
x/generic/pgf/math/pgfmathfunctions.round.code.tex)
(/nix/store/7gzcpqky6jdns8idf571r6mcw0f9cfw6-texlive-combined-2025-texmfdist/te
x/generic/pgf/math/pgfmathfunctions.misc.code.tex)
(/nix/store/7gzcpqky6jdns8idf571r6mcw0f9cfw6-texlive-combined-2025-texmfdist/te
x/generic/pgf/math/pgfmathfunctions.integerarithmetics.code.tex)
(/nix/store/7gzcpqky6jdns8idf571r6mcw0f9cfw6-texlive-combined-2025-texmfdist/te
x/generic/pgf/math/pgfmathcalc.code.tex)
(/nix/store/7gzcpqky6jdns8idf571r6mcw0f9cfw6-texlive-combined-2025-texmfdist/te
x/generic/pgf/math/pgfmathfloat.code.tex
\c@pgfmathroundto@lastzeros=\count442
))
(/nix/store/7gzcpqky6jdns8idf571r6mcw0f9cfw6-texlive-combined-2025-texmfdist/te
x/generic/pgf/math/pgfint.code.tex)
(/nix/store/7gzcpqky6jdns8idf571r6mcw0f9cfw6-texlive-combined-2025-texmfdist/te
x/generic/pgf/basiclayer/pgfcorepoints.code.tex
File: pgfcorepoints.code.tex 2023-01-15 v3.1.10 (3.1.10)
\pgf@picminx=\dimen177
\pgf@picmaxx=\dimen178
\pgf@picminy=\dimen179
\pgf@picmaxy=\dimen180
\pgf@pathminx=\dimen181
\pgf@pathmaxx=\dimen182
\pgf@pathminy=\dimen183
\pgf@pathmaxy=\dimen184
\pgf@xx=\dimen185
\pgf@xy=\dimen186
\pgf@yx=\dimen187
\pgf@yy=\dimen188
\pgf@zx=\dimen189
\pgf@zy=\dimen190
)
(/nix/store/7gzcpqky6jdns8idf571r6mcw0f9cfw6-texlive-combined-2025-texmfdist/te
x/generic/pgf/basiclayer/pgfcorepathconstruct.code.tex
File: pgfcorepathconstruct.code.tex 2023-01-15 v3.1.10 (3.1.10)
\pgf@path@lastx=\dimen191
\pgf@path@lasty=\dimen192
)
(/nix/store/7gzcpqky6jdns8idf571r6mcw0f9cfw6-texlive-combined-2025-texmfdist/te
x/generic/pgf/basiclayer/pgfcorepathusage.code.tex
File: pgfcorepathusage.code.tex 2023-01-15 v3.1.10 (3.1.10)
\pgf@shorten@end@additional=\dimen193
\pgf@shorten@start@additional=\dimen194
)
(/nix/store/7gzcpqky6jdns8idf571r6mcw0f9cfw6-texlive-combined-2025-texmfdist/te
x/generic/pgf/basiclayer/pgfcorescopes.code.tex
File: pgfcorescopes.code.tex 2023-01-15 v3.1.10 (3.1.10)
\pgfpic=\box57
\pgf@hbox=\box58
\pgf@layerbox@main=\box59
\pgf@picture@serial@count=\count443
)
(/nix/store/7gzcpqky6jdns8idf571r6mcw0f9cfw6-texlive-combined-2025-texmfdist/te
x/generic/pgf/basiclayer/pgfcoregraphicstate.code.tex
File: pgfcoregraphicstate.code.tex 2023-01-15 v3.1.10 (3.1.10)
\pgflinewidth=\dimen195
)
(/nix/store/7gzcpqky6jdns8idf571r6mcw0f9cfw6-texlive-combined-2025-texmfdist/te
x/generic/pgf/basiclayer/pgfcoretransformations.code.tex
File: pgfcoretransformations.code.tex 2023-01-15 v3.1.10 (3.1.10)
\pgf@pt@x=\dimen196
\pgf@pt@y=\dimen197
\pgf@pt@temp=\dimen198
)
(/nix/store/7gzcpqky6jdns8idf571r6mcw0f9cfw6-texlive-combined-2025-texmfdist/te
x/generic/pgf/basiclayer/pgfcorequick.code.tex
File: pgfcorequick.code.tex 2023-01-15 v3.1.10 (3.1.10)
)
(/nix/store/7gzcpqky6jdns8idf571r6mcw0f9cfw6-texlive-combined-2025-texmfdist/te
x/generic/pgf/basiclayer/pgfcoreobjects.code.tex
File: pgfcoreobjects.code.tex 2023-01-15 v3.1.10 (3.1.10)
)
(/nix/store/7gzcpqky6jdns8idf571r6mcw0f9cfw6-texlive-combined-2025-texmfdist/te
x/generic/pgf/basiclayer/pgfcorepathprocessing.code.tex
File: pgfcorepathprocessing.code.tex 2023-01-15 v3.1.10 (3.1.10)
)
(/nix/store/7gzcpqky6jdns8idf571r6mcw0f9cfw6-texlive-combined-2025-texmfdist/te
x/generic/pgf/basiclayer/pgfcorearrows.code.tex
File: pgfcorearrows.code.tex 2023-01-15 v3.1.10 (3.1.10)
\pgfarrowsep=\dimen199
)
(/nix/store/7gzcpqky6jdns8idf571r6mcw0f9cfw6-texlive-combined-2025-texmfdist/te
x/generic/pgf/basiclayer/pgfcoreshade.code.tex
File: pgfcoreshade.code.tex 2023-01-15 v3.1.10 (3.1.10)
\pgf@max=\dimen256
\pgf@sys@shading@range@num=\count444
\pgf@shadingcount=\count445
)
(/nix/store/7gzcpqky6jdns8idf571r6mcw0f9cfw6-texlive-combined-2025-texmfdist/te
x/generic/pgf/basiclayer/pgfcoreimage.code.tex
File: pgfcoreimage.code.tex 2023-01-15 v3.1.10 (3.1.10)
)
(/nix/store/7gzcpqky6jdns8idf571r6mcw0f9cfw6-texlive-combined-2025-texmfdist/te
x/generic/pgf/basiclayer/pgfcoreexternal.code.tex
File: pgfcoreexternal.code.tex 2023-01-15 v3.1.10 (3.1.10)
\pgfexternal@startupbox=\box60
)
(/nix/store/7gzcpqky6jdns8idf571r6mcw0f9cfw6-texlive-combined-2025-texmfdist/te
x/generic/pgf/basiclayer/pgfcorelayers.code.tex
File: pgfcorelayers.code.tex 2023-01-15 v3.1.10 (3.1.10)
)
(/nix/store/7gzcpqky6jdns8idf571r6mcw0f9cfw6-texlive-combined-2025-texmfdist/te
x/generic/pgf/basiclayer/pgfcoretransparency.code.tex
File: pgfcoretransparency.code.tex 2023-01-15 v3.1.10 (3.1.10)
)
(/nix/store/7gzcpqky6jdns8idf571r6mcw0f9cfw6-texlive-combined-2025-texmfdist/te
x/generic/pgf/basiclayer/pgfcorepatterns.code.tex
File: pgfcorepatterns.code.tex 2023-01-15 v3.1.10 (3.1.10)
)
(/nix/store/7gzcpqky6jdns8idf571r6mcw0f9cfw6-texlive-combined-2025-texmfdist/te
x/generic/pgf/basiclayer/pgfcorerdf.code.tex
File: pgfcorerdf.code.tex 2023-01-15 v3.1.10 (3.1.10)
)))
(/nix/store/7gzcpqky6jdns8idf571r6mcw0f9cfw6-texlive-combined-2025-texmfdist/te
x/generic/pgf/modules/pgfmoduleshapes.code.tex
File: pgfmoduleshapes.code.tex 2023-01-15 v3.1.10 (3.1.10)
\pgfnodeparttextbox=\box61
)
(/nix/store/7gzcpqky6jdns8idf571r6mcw0f9cfw6-texlive-combined-2025-texmfdist/te
x/generic/pgf/modules/pgfmoduleplot.code.tex
File: pgfmoduleplot.code.tex 2023-01-15 v3.1.10 (3.1.10)
)
(/nix/store/7gzcpqky6jdns8idf571r6mcw0f9cfw6-texlive-combined-2025-texmfdist/te
x/latex/pgf/compatibility/pgfcomp-version-0-65.sty
Package: pgfcomp-version-0-65 2023-01-15 v3.1.10 (3.1.10)
\pgf@nodesepstart=\dimen257
\pgf@nodesepend=\dimen258
)
(/nix/store/7gzcpqky6jdns8idf571r6mcw0f9cfw6-texlive-combined-2025-texmfdist/te
x/latex/pgf/compatibility/pgfcomp-version-1-18.sty
Package: pgfcomp-version-1-18 2023-01-15 v3.1.10 (3.1.10)
))
(/nix/store/7gzcpqky6jdns8idf571r6mcw0f9cfw6-texlive-combined-2025-texmfdist/te
x/latex/pgf/utilities/pgffor.sty
(/nix/store/7gzcpqky6jdns8idf571r6mcw0f9cfw6-texlive-combined-2025-texmfdist/te
x/latex/pgf/utilities/pgfkeys.sty
(/nix/store/7gzcpqky6jdns8idf571r6mcw0f9cfw6-texlive-combined-2025-texmfdist/te
x/generic/pgf/utilities/pgfkeys.code.tex))
(/nix/store/7gzcpqky6jdns8idf571r6mcw0f9cfw6-texlive-combined-2025-texmfdist/te
x/latex/pgf/math/pgfmath.sty
(/nix/store/7gzcpqky6jdns8idf571r6mcw0f9cfw6-texlive-combined-2025-texmfdist/te
x/generic/pgf/math/pgfmath.code.tex))
(/nix/store/7gzcpqky6jdns8idf571r6mcw0f9cfw6-texlive-combined-2025-texmfdist/te
x/generic/pgf/utilities/pgffor.code.tex
Package: pgffor 2023-01-15 v3.1.10 (3.1.10)
\pgffor@iter=\dimen259
\pgffor@skip=\dimen260
\pgffor@stack=\toks41
\pgffor@toks=\toks42
))
(/nix/store/7gzcpqky6jdns8idf571r6mcw0f9cfw6-texlive-combined-2025-texmfdist/te
x/generic/pgf/frontendlayer/tikz/tikz.code.tex
Package: tikz 2023-01-15 v3.1.10 (3.1.10)

(/nix/store/7gzcpqky6jdns8idf571r6mcw0f9cfw6-texlive-combined-2025-texmfdist/te
x/generic/pgf/libraries/pgflibraryplothandlers.code.tex
File: pgflibraryplothandlers.code.tex 2023-01-15 v3.1.10 (3.1.10)
\pgf@plot@mark@count=\count446
\pgfplotmarksize=\dimen261
)
\tikz@lastx=\dimen262
\tikz@lasty=\dimen263
\tikz@lastxsaved=\dimen264
\tikz@lastysaved=\dimen265
\tikz@lastmovetox=\dimen266
\tikz@lastmovetoy=\dimen267
\tikzleveldistance=\dimen268
\tikzsiblingdistance=\dimen269
\tikz@figbox=\box62
\tikz@figbox@bg=\box63
\tikz@tempbox=\box64
\tikz@tempbox@bg=\box65
\tikztreelevel=\count447
\tikznumberofchildren=\count448
\tikznumberofcurrentchild=\count449
\tikz@fig@count=\count450

(/nix/store/7gzcpqky6jdns8idf571r6mcw0f9cfw6-texlive-combined-2025-texmfdist/te
x/generic/pgf/modules/pgfmodulematrix.code.tex
File: pgfmodulematrix.code.tex 2023-01-15 v3.1.10 (3.1.10)
\pgfmatrixcurrentrow=\count451
\pgfmatrixcurrentcolumn=\count452
\pgf@matrix@numberofcolumns=\count453
)
\tikz@expandcount=\count454

(/nix/store/7gzcpqky6jdns8idf571r6mcw0f9cfw6-texlive-combined-2025-texmfdist/te
x/generic/pgf/frontendlayer/tikz/libraries/tikzlibrarytopaths.code.tex
File: tikzlibrarytopaths.code.tex 2023-01-15 v3.1.10 (3.1.10)
)))
(./freetikz.sty
Package: freetikz 
\pgf@layerbox@edgelayer=\box66
\pgf@layerboxsaved@edgelayer=\box67
\pgf@layerbox@nodelayer=\box68
\pgf@layerboxsaved@nodelayer=\box69
\pgf@layerbox@foreground=\box70
\pgf@layerboxsaved@foreground=\box71
\pgf@layerbox@background=\box72
\pgf@layerboxsaved@background=\box73
\morphismheight=\skip80
\minimummorphismwidth=\skip81
\stateheight=\skip82
\minimumstatewidth=\skip83
\connectheight=\skip84
)
(/nix/store/7gzcpqky6jdns8idf571r6mcw0f9cfw6-texlive-combined-2025-texmfdist/te
x/generic/pgf/frontendlayer/tikz/libraries/tikzlibraryshapes.geometric.code.tex
File: tikzlibraryshapes.geometric.code.tex 2023-01-15 v3.1.10 (3.1.10)

(/nix/store/7gzcpqky6jdns8idf571r6mcw0f9cfw6-texlive-combined-2025-texmfdist/te
x/generic/pgf/libraries/shapes/pgflibraryshapes.geometric.code.tex
File: pgflibraryshapes.geometric.code.tex 2023-01-15 v3.1.10 (3.1.10)
))
(/nix/store/7gzcpqky6jdns8idf571r6mcw0f9cfw6-texlive-combined-2025-texmfdist/te
x/generic/pgf/frontendlayer/tikz/libraries/tikzlibrarycalc.code.tex
File: tikzlibrarycalc.code.tex 2023-01-15 v3.1.10 (3.1.10)
)
(/nix/store/7gzcpqky6jdns8idf571r6mcw0f9cfw6-texlive-combined-2025-texmfdist/te
x/generic/pgf/frontendlayer/tikz/libraries/tikzlibraryarrows.code.tex
File: tikzlibraryarrows.code.tex 2023-01-15 v3.1.10 (3.1.10)

(/nix/store/7gzcpqky6jdns8idf571r6mcw0f9cfw6-texlive-combined-2025-texmfdist/te
x/generic/pgf/libraries/pgflibraryarrows.code.tex
File: pgflibraryarrows.code.tex 2023-01-15 v3.1.10 (3.1.10)
\arrowsize=\dimen270
))
(/nix/store/7gzcpqky6jdns8idf571r6mcw0f9cfw6-texlive-combined-2025-texmfdist/te
x/generic/pgf/frontendlayer/tikz/libraries/tikzlibrarydecorations.markings.code
.tex
(/nix/store/7gzcpqky6jdns8idf571r6mcw0f9cfw6-texlive-combined-2025-texmfdist/te
x/generic/pgf/frontendlayer/tikz/libraries/tikzlibrarydecorations.code.tex
(/nix/store/7gzcpqky6jdns8idf571r6mcw0f9cfw6-texlive-combined-2025-texmfdist/te
x/generic/pgf/modules/pgfmoduledecorations.code.tex
\pgfdecoratedcompleteddistance=\dimen271
\pgfdecoratedremainingdistance=\dimen272
\pgfdecoratedinputsegmentcompleteddistance=\dimen273
\pgfdecoratedinputsegmentremainingdistance=\dimen274
\pgf@decorate@distancetomove=\dimen275
\pgf@decorate@repeatstate=\count455
\pgfdecorationsegmentamplitude=\dimen276
\pgfdecorationsegmentlength=\dimen277
)
\tikz@lib@dec@box=\box74
)
(/nix/store/7gzcpqky6jdns8idf571r6mcw0f9cfw6-texlive-combined-2025-texmfdist/te
x/generic/pgf/libraries/decorations/pgflibrarydecorations.markings.code.tex))
(/nix/store/7gzcpqky6jdns8idf571r6mcw0f9cfw6-texlive-combined-2025-texmfdist/te
x/generic/pgf/frontendlayer/tikz/libraries/tikzlibraryfit.code.tex
File: tikzlibraryfit.code.tex 2023-01-15 v3.1.10 (3.1.10)
)
(/nix/store/7gzcpqky6jdns8idf571r6mcw0f9cfw6-texlive-combined-2025-texmfdist/te
x/latex/string-diagrams/string-diagrams.sty
Package: string-diagrams 2023/06/13 v0.2.1 Draw string diagrams using TikZ
)
(/nix/store/7gzcpqky6jdns8idf571r6mcw0f9cfw6-texlive-combined-2025-texmfdist/te
x/latex/comment/comment.sty
\CommentStream=\write5
 Excluding comment 'comment')
(/nix/store/7gzcpqky6jdns8idf571r6mcw0f9cfw6-texlive-combined-2025-texmfdist/te
x/latex/tools/tabularx.sty
Package: tabularx 2023/12/11 v2.12a `tabularx' package (DPC)

(/nix/store/7gzcpqky6jdns8idf571r6mcw0f9cfw6-texlive-combined-2025-texmfdist/te
x/latex/tools/array.sty
Package: array 2025/06/08 v2.6j Tabular extension package (FMi)
\col@sep=\dimen278
\ar@mcellbox=\box75
\extrarowheight=\dimen279
\NC@list=\toks43
\extratabsurround=\skip85
\backup@length=\skip86
\ar@cellbox=\box76
)
\TX@col@width=\dimen280
\TX@old@table=\dimen281
\TX@old@col=\dimen282
\TX@target=\dimen283
\TX@delta=\dimen284
\TX@cols=\count456
\TX@ftn=\toks44
)
(/nix/store/7gzcpqky6jdns8idf571r6mcw0f9cfw6-texlive-combined-2025-texmfdist/te
x/latex/fixme/fixme.sty
Package: fixme 2019/01/03 v4.5 Collaborative annotations for LaTeX2e

(/nix/store/7gzcpqky6jdns8idf571r6mcw0f9cfw6-texlive-combined-2025-texmfdist/te
x/latex/tools/verbatim.sty
Package: verbatim 2024-01-22 v1.5x LaTeX2e package for verbatim enhancements
\every@verbatim=\toks45
\verbatim@line=\toks46
\verbatim@in@stream=\read4
)
(/nix/store/7gzcpqky6jdns8idf571r6mcw0f9cfw6-texlive-combined-2025-texmfdist/te
x/latex/xkeyval/xkeyval.sty
Package: xkeyval 2022/06/16 v2.9 package option processing (HA)

(/nix/store/7gzcpqky6jdns8idf571r6mcw0f9cfw6-texlive-combined-2025-texmfdist/te
x/generic/xkeyval/xkeyval.tex
(/nix/store/7gzcpqky6jdns8idf571r6mcw0f9cfw6-texlive-combined-2025-texmfdist/te
x/generic/xkeyval/xkvutils.tex
\XKV@toks=\toks47
\XKV@tempa@toks=\toks48
)
\XKV@depth=\count457
File: xkeyval.tex 2014/12/03 v2.7a key=value parser (HA)
))
\lox@file=\read5
\c@fixmecount=\count458
\c@fxnotecount=\count459
\c@fxwarningcount=\count460
\c@fxerrorcount=\count461
\c@fxfatalcount=\count462
)
(/nix/store/7gzcpqky6jdns8idf571r6mcw0f9cfw6-texlive-combined-2025-texmfdist/te
x/latex/fixme/themes/fxthemecolor.sty
Package: fxthemecolor 

(/nix/store/7gzcpqky6jdns8idf571r6mcw0f9cfw6-texlive-combined-2025-texmfdist/te
x/latex/fixme/layouts/env/fxenvlayoutcolor.sty
Package: fxenvlayoutcolor 
)
(/nix/store/7gzcpqky6jdns8idf571r6mcw0f9cfw6-texlive-combined-2025-texmfdist/te
x/latex/fixme/layouts/target/fxtargetlayoutcolor.sty
Package: fxtargetlayoutcolor 
))
(/nix/store/7gzcpqky6jdns8idf571r6mcw0f9cfw6-texlive-combined-2025-texmfdist/te
x/latex/parskip/parskip.sty
Package: parskip 2021-03-14 v2.0h non-zero parskip adjustments
)
(/nix/store/7gzcpqky6jdns8idf571r6mcw0f9cfw6-texlive-combined-2025-texmfdist/te
x/latex/chngcntr/chngcntr.sty
Package: chngcntr 2018/04/09 v1.1a change counter resetting
Package chngcntr Info: \counterwithout already defined.
(chngcntr)             Quitting chngcntr on input line 21.
)
(/nix/store/7gzcpqky6jdns8idf571r6mcw0f9cfw6-texlive-combined-2025-texmfdist/te
x/generic/ulem/ulem.sty
\UL@box=\box77
\UL@hyphenbox=\box78
\UL@skip=\skip87
\UL@hook=\toks49
\UL@height=\dimen285
\UL@pe=\count463
\UL@pixel=\dimen286
\ULC@box=\box79
Package: ulem 2019/11/18
\ULdepth=\dimen287
)
(/nix/store/7gzcpqky6jdns8idf571r6mcw0f9cfw6-texlive-combined-2025-texmfdist/te
x/latex/listings/listings.sty
\lst@mode=\count464
\lst@gtempboxa=\box80
\lst@token=\toks50
\lst@length=\count465
\lst@currlwidth=\dimen288
\lst@column=\count466
\lst@pos=\count467
\lst@lostspace=\dimen289
\lst@width=\dimen290
\lst@newlines=\count468
\lst@lineno=\count469
\lst@maxwidth=\dimen291

(/nix/store/7gzcpqky6jdns8idf571r6mcw0f9cfw6-texlive-combined-2025-texmfdist/te
x/latex/listings/lstpatch.sty
File: lstpatch.sty 2024/09/23 1.10c (Carsten Heinz)
)
(/nix/store/7gzcpqky6jdns8idf571r6mcw0f9cfw6-texlive-combined-2025-texmfdist/te
x/latex/listings/lstmisc.sty
File: lstmisc.sty 2024/09/23 1.10c (Carsten Heinz)
\c@lstnumber=\count470
\lst@skipnumbers=\count471
\lst@framebox=\box81
)
(/nix/store/7gzcpqky6jdns8idf571r6mcw0f9cfw6-texlive-combined-2025-texmfdist/te
x/latex/listings/listings.cfg
File: listings.cfg 2024/09/23 1.10c listings configuration
))
Package: listings 2024/09/23 1.10c (Carsten Heinz)
\@quotelevel=\count472
\@quotereset=\count473
 (./ext-abs-pldi.aux)
\openout1 = `ext-abs-pldi.aux'.

LaTeX Font Info:    Checking defaults for OML/cmm/m/it on input line 51.
LaTeX Font Info:    ... okay on input line 51.
LaTeX Font Info:    Checking defaults for OMS/cmsy/m/n on input line 51.
LaTeX Font Info:    ... okay on input line 51.
LaTeX Font Info:    Checking defaults for OT1/cmr/m/n on input line 51.
LaTeX Font Info:    ... okay on input line 51.
LaTeX Font Info:    Checking defaults for T1/cmr/m/n on input line 51.
LaTeX Font Info:    ... okay on input line 51.
LaTeX Font Info:    Checking defaults for TS1/cmr/m/n on input line 51.
LaTeX Font Info:    ... okay on input line 51.
LaTeX Font Info:    Checking defaults for OMX/cmex/m/n on input line 51.
LaTeX Font Info:    ... okay on input line 51.
LaTeX Font Info:    Checking defaults for U/cmr/m/n on input line 51.
LaTeX Font Info:    ... okay on input line 51.
LaTeX Font Info:    Checking defaults for PD1/pdf/m/n on input line 51.
LaTeX Font Info:    ... okay on input line 51.
LaTeX Font Info:    Checking defaults for PU/pdf/m/n on input line 51.
LaTeX Font Info:    ... okay on input line 51.
Package biblatex Info: Trying to load language 'english'...
Package biblatex Info: ... file 'english.lbx' found.

(/nix/store/7gzcpqky6jdns8idf571r6mcw0f9cfw6-texlive-combined-2025-texmfdist/te
x/latex/biblatex/lbx/english.lbx
File: english.lbx 2024/03/21 v3.20 biblatex localization (PK/MW)
)
Package biblatex Info: Input encoding 'utf8' detected.
Package biblatex Info: Automatic encoding selection.
(biblatex)             Assuming data encoding 'utf8'.
\openout3 = `ext-abs-pldi.bcf'.

Package biblatex Info: Trying to load bibliographic data...
Package biblatex Info: ... file 'ext-abs-pldi.bbl' found.
 (./ext-abs-pldi.bbl)
Package biblatex Info: Reference section=0 on input line 51.
Package biblatex Info: Reference segment=0 on input line 51.
Package hyperref Info: Link coloring ON on input line 51.
 (./ext-abs-pldi.out)
(./ext-abs-pldi.out)
\@outlinefile=\write6
\openout6 = `ext-abs-pldi.out'.


(/nix/store/7gzcpqky6jdns8idf571r6mcw0f9cfw6-texlive-combined-2025-texmfdist/te
x/context/base/mkii/supp-pdf.mkii
[Loading MPS to PDF converter (version 2006.09.02).]
\scratchcounter=\count474
\scratchdimen=\dimen292
\scratchbox=\box82
\nofMPsegments=\count475
\nofMParguments=\count476
\everyMPshowfont=\toks51
\MPscratchCnt=\count477
\MPscratchDim=\dimen293
\MPnumerator=\count478
\makeMPintoPDFobject=\count479
\everyMPtoPDFconversion=\toks52
)
(/nix/store/7gzcpqky6jdns8idf571r6mcw0f9cfw6-texlive-combined-2025-texmfdist/te
x/latex/epstopdf-pkg/epstopdf-base.sty
Package: epstopdf-base 2020-01-24 v2.11 Base part for package epstopdf
Package epstopdf-base Info: Redefining graphics rule for `.eps' on input line 4
85.

(/nix/store/7gzcpqky6jdns8idf571r6mcw0f9cfw6-texlive-combined-2025-texmfdist/te
x/latex/latexconfig/epstopdf-sys.cfg
File: epstopdf-sys.cfg 2010/07/13 v1.3 Configuration of (r)epstopdf for TeX Liv
e
))
Couldn't patch \deferred@thm@head!
\c@lstlisting=\count480
LaTeX Font Info:    Trying to load font information for U+msa on input line 54.


(/nix/store/7gzcpqky6jdns8idf571r6mcw0f9cfw6-texlive-combined-2025-texmfdist/te
x/latex/amsfonts/umsa.fd
File: umsa.fd 2013/01/14 v3.01 AMS symbols A
)
LaTeX Font Info:    Trying to load font information for U+msb on input line 54.


(/nix/store/7gzcpqky6jdns8idf571r6mcw0f9cfw6-texlive-combined-2025-texmfdist/te
x/latex/amsfonts/umsb.fd
File: umsb.fd 2013/01/14 v3.01 AMS symbols B
)

LaTeX Warning: `!h' float specifier changed to `!ht'.



[1

{/nix/store/39wiqbp570g11jldip739mgrk1fbkmvy-texlive-combined-2025/share/texmf-
var/fonts/map/pdftex/updmap/pdftex.map}]

[2]

Package hyperref Warning: Token not allowed in a PDF string (Unicode):
(hyperref)                removing `\\' on input line 181.



[3]

[4]
Overfull \hbox (3.01651pt too wide) in paragraph at lines 212--212
[]\OT1/cmr/m/n/10 Saul Shanabrook. \OT1/cmr/m/it/10 Cus-tom Data Struc-tures in
 E-Graphs\OT1/cmr/m/n/10 . PLSE Blog. Feb. 24,
 []



[5]
Overfull \hbox (1.7768pt too wide) in paragraph at lines 212--212
[]\OT1/cmr/m/n/10 Philip Zucker. \OT1/cmr/m/it/10 Omelets Need Onions: E-graphs
 Mod-ulo The-o-ries via Bottom-
 []


FiXme Summary: Number of notes: 0,
(FiXme)        Number of warnings: 0,
(FiXme)        Number of errors: 0,
(FiXme)        Number of fatal errors: 0,
(FiXme)        Total: 0.



[6] (./ext-abs-pldi.aux)
 ***********
LaTeX2e <2025-06-01> patch level 1
L3 programming layer <2025-06-09>
 ***********
Package rerunfilecheck Info: File `ext-abs-pldi.out' has not changed.
(rerunfilecheck)             Checksum: 815BE036DB2FECA0E549917647B4960D;1536.
Package logreq Info: Writing requests to 'ext-abs-pldi.run.xml'.
\openout1 = `ext-abs-pldi.run.xml'.

 ) 
Here is how much of TeX's memory you used:
 32082 strings out of 467888
 633498 string characters out of 5412697
 1416364 words of memory out of 5000000
 60124 multiletter control sequences out of 15000+600000
 636846 words of font info for 80 fonts, out of 8000000 for 9000
 1141 hyphenation exceptions out of 8191
 84i,8n,91p,1189b,1484s stack positions out of 10000i,1000n,20000p,200000b,200000s
</nix/store/7gzcpqky6jdns8idf571r6mcw0f9cfw6-texlive-combined-2025-texmfdist/
fonts/type1/public/amsfonts/cm/cmbx12.pfb></nix/store/7gzcpqky6jdns8idf571r6mcw
0f9cfw6-texlive-combined-2025-texmfdist/fonts/type1/public/amsfonts/cm/cmcsc10.
pfb></nix/store/7gzcpqky6jdns8idf571r6mcw0f9cfw6-texlive-combined-2025-texmfdis
t/fonts/type1/public/amsfonts/cm/cmmi10.pfb></nix/store/7gzcpqky6jdns8idf571r6m
cw0f9cfw6-texlive-combined-2025-texmfdist/fonts/type1/public/amsfonts/cm/cmmi5.
pfb></nix/store/7gzcpqky6jdns8idf571r6mcw0f9cfw6-texlive-combined-2025-texmfdis
t/fonts/type1/public/amsfonts/cm/cmmi6.pfb></nix/store/7gzcpqky6jdns8idf571r6mc
w0f9cfw6-texlive-combined-2025-texmfdist/fonts/type1/public/amsfonts/cm/cmmi7.p
fb></nix/store/7gzcpqky6jdns8idf571r6mcw0f9cfw6-texlive-combined-2025-texmfdist
/fonts/type1/public/amsfonts/cm/cmmi9.pfb></nix/store/7gzcpqky6jdns8idf571r6mcw
0f9cfw6-texlive-combined-2025-texmfdist/fonts/type1/public/amsfonts/cm/cmr10.pf
b></nix/store/7gzcpqky6jdns8idf571r6mcw0f9cfw6-texlive-combined-2025-texmfdist/
fonts/type1/public/amsfonts/cm/cmr12.pfb></nix/store/7gzcpqky6jdns8idf571r6mcw0
f9cfw6-texlive-combined-2025-texmfdist/fonts/type1/public/amsfonts/cm/cmr17.pfb
></nix/store/7gzcpqky6jdns8idf571r6mcw0f9cfw6-texlive-combined-2025-texmfdist/f
onts/type1/public/amsfonts/cm/cmr6.pfb></nix/store/7gzcpqky6jdns8idf571r6mcw0f9
cfw6-texlive-combined-2025-texmfdist/fonts/type1/public/amsfonts/cm/cmr7.pfb></
nix/store/7gzcpqky6jdns8idf571r6mcw0f9cfw6-texlive-combined-2025-texmfdist/font
s/type1/public/amsfonts/cm/cmr8.pfb></nix/store/7gzcpqky6jdns8idf571r6mcw0f9cfw
6-texlive-combined-2025-texmfdist/fonts/type1/public/amsfonts/cm/cmsy10.pfb></n
ix/store/7gzcpqky6jdns8idf571r6mcw0f9cfw6-texlive-combined-2025-texmfdist/fonts
/type1/public/amsfonts/cm/cmti10.pfb></nix/store/7gzcpqky6jdns8idf571r6mcw0f9cf
w6-texlive-combined-2025-texmfdist/fonts/type1/public/amsfonts/cm/cmtt10.pfb>
Output written on ext-abs-pldi.pdf (6 pages, 213236 bytes).
PDF statistics:
 198 PDF objects out of 1000 (max. 8388607)
 156 compressed objects within 2 object streams
 28 named destinations out of 1000 (max. 500000)
 69 words of extra memory for PDF output out of 10000 (max. 10000000)

