INFO:  latexindent.pl version 3.24.5, 2025-03-13, a script to indent .tex files
       latexindent.pl lives here: /nix/store/2laj3mfxsjqlbz6h9zvgd3i310yg626g-latexindent-3.24.5-tex/scripts/latexindent/
       Sun Mar  8 20:53:02 2026
       Filename: writings/thesis.tex
INFO:  Processing switches:
       -w|--overwrite: Overwrite mode active, will make a back up before overwriting
INFO:  Directory for backup files and log file indent.log:
       writings
INFO:  Perl modules are being loaded from the following directories:
       /nix/store/0m9dv7ml6vddmxj79s98l102d03sf9f1-perl-5.42.0/lib/perl5/5.42.0/FindBin.pm
       /nix/store/9m0ld4f36cs7xdpginqjdrd91b4qryqa-perl-5.42.0-env/lib/perl5/site_perl/5.42.0/YAML/Tiny.pm
       /nix/store/0m9dv7ml6vddmxj79s98l102d03sf9f1-perl-5.42.0/lib/perl5/5.42.0/File/Copy.pm
       /nix/store/0m9dv7ml6vddmxj79s98l102d03sf9f1-perl-5.42.0/lib/perl5/5.42.0/File/Basename.pm
       /nix/store/0m9dv7ml6vddmxj79s98l102d03sf9f1-perl-5.42.0/lib/perl5/5.42.0/Getopt/Long.pm
       /nix/store/9m0ld4f36cs7xdpginqjdrd91b4qryqa-perl-5.42.0-env/lib/perl5/site_perl/5.42.0/File/HomeDir.pm
INFO:  LatexIndent perl modules are being loaded from, for example:
       /nix/store/2laj3mfxsjqlbz6h9zvgd3i310yg626g-latexindent-3.24.5-tex/scripts/latexindent/LatexIndent/Document.pm
INFO:  YAML settings read: defaultSettings.yaml
       Reading defaultSettings.yaml from /nix/store/2laj3mfxsjqlbz6h9zvgd3i310yg626g-latexindent-3.24.5-tex/scripts/latexindent/defaultSettings.yaml
INFO:  YAML reading settings
       Home directory is /home/pree
       latexindent.pl didn't find indentconfig.yaml or .indentconfig.yaml
       see all possible locations: https://latexindentpl.readthedocs.io/en/latest/sec-appendices.html#indentconfig-options)
INFO:  Backup procedure (-w flag active):
       Backing up writings/thesis.tex to writings/thesis.bak0...
       writings/thesis.tex will be overwritten after indentation
INFO:  Phase 1: searching for objects
INFO:  Phase 2: finding surrounding indentation
INFO:  Phase 3: indenting objects
INFO:  Phase 4: final indentation check
INFO:  Output routine:
       Overwriting file writings/thesis.tex
       --------------
INFO:  Please direct all communication/issues to:
        https://github.com/cmhughes/latexindent.pl
