This is pdfTeX, Version 3.141592653-2.6-1.40.27 (TeX Live 2025/nixos.org) (preloaded format=pdflatex 1980.1.1)  27 JAN 2026 20:37
entering extended mode
 restricted \write18 enabled.
 %&-line parsing enabled.
**prop.tex
(./prop.tex
LaTeX2e <2025-06-01> patch level 1
L3 programming layer <2025-06-09>

(/nix/store/2jpbkaqjgrk7r6b3aacp5vvlgjfhmpbg-texlive-combined-2025-texmfdist/te
x/latex/base/article.cls
Document Class: article 2025/01/22 v1.4n Standard LaTeX document class

(/nix/store/2jpbkaqjgrk7r6b3aacp5vvlgjfhmpbg-texlive-combined-2025-texmfdist/te
x/latex/base/size10.clo
File: size10.clo 2025/01/22 v1.4n Standard LaTeX file (size option)
)
\c@part=\count275
\c@section=\count276
\c@subsection=\count277
\c@subsubsection=\count278
\c@paragraph=\count279
\c@subparagraph=\count280
\c@figure=\count281
\c@table=\count282
\abovecaptionskip=\skip49
\belowcaptionskip=\skip50
\bibindent=\dimen148
)
(/nix/store/2jpbkaqjgrk7r6b3aacp5vvlgjfhmpbg-texlive-combined-2025-texmfdist/te
x/latex/base/inputenc.sty
Package: inputenc 2024/02/08 v1.3d Input encoding file
\inpenc@prehook=\toks17
\inpenc@posthook=\toks18
)
(/nix/store/2jpbkaqjgrk7r6b3aacp5vvlgjfhmpbg-texlive-combined-2025-texmfdist/te
x/latex/natbib/natbib.sty
Package: natbib 2010/09/13 8.31b (PWD, AO)
\bibhang=\skip51
\bibsep=\skip52
LaTeX Info: Redefining \cite on input line 694.
\c@NAT@ctr=\count283
)
(/nix/store/2jpbkaqjgrk7r6b3aacp5vvlgjfhmpbg-texlive-combined-2025-texmfdist/te
x/latex/hyperref/hyperref.sty
Package: hyperref 2025-06-21 v7.01n Hypertext links for LaTeX

(/nix/store/2jpbkaqjgrk7r6b3aacp5vvlgjfhmpbg-texlive-combined-2025-texmfdist/te
x/generic/iftex/iftex.sty
Package: iftex 2024/12/12 v1.0g TeX engine tests
)
(/nix/store/2jpbkaqjgrk7r6b3aacp5vvlgjfhmpbg-texlive-combined-2025-texmfdist/te
x/latex/graphics/keyval.sty
Package: keyval 2022/05/29 v1.15 key=value parser (DPC)
\KV@toks@=\toks19
)
(/nix/store/2jpbkaqjgrk7r6b3aacp5vvlgjfhmpbg-texlive-combined-2025-texmfdist/te
x/latex/kvsetkeys/kvsetkeys.sty
Package: kvsetkeys 2022-10-05 v1.19 Key value parser (HO)
)
(/nix/store/2jpbkaqjgrk7r6b3aacp5vvlgjfhmpbg-texlive-combined-2025-texmfdist/te
x/generic/kvdefinekeys/kvdefinekeys.sty
Package: kvdefinekeys 2019-12-19 v1.6 Define keys (HO)
)
(/nix/store/2jpbkaqjgrk7r6b3aacp5vvlgjfhmpbg-texlive-combined-2025-texmfdist/te
x/generic/pdfescape/pdfescape.sty
Package: pdfescape 2019/12/09 v1.15 Implements pdfTeX's escape features (HO)

(/nix/store/2jpbkaqjgrk7r6b3aacp5vvlgjfhmpbg-texlive-combined-2025-texmfdist/te
x/generic/ltxcmds/ltxcmds.sty
Package: ltxcmds 2023-12-04 v1.26 LaTeX kernel commands for general use (HO)
)
(/nix/store/2jpbkaqjgrk7r6b3aacp5vvlgjfhmpbg-texlive-combined-2025-texmfdist/te
x/generic/pdftexcmds/pdftexcmds.sty
Package: pdftexcmds 2020-06-27 v0.33 Utility functions of pdfTeX for LuaTeX (HO
)

(/nix/store/2jpbkaqjgrk7r6b3aacp5vvlgjfhmpbg-texlive-combined-2025-texmfdist/te
x/generic/infwarerr/infwarerr.sty
Package: infwarerr 2019/12/03 v1.5 Providing info/warning/error messages (HO)
)
Package pdftexcmds Info: \pdf@primitive is available.
Package pdftexcmds Info: \pdf@ifprimitive is available.
Package pdftexcmds Info: \pdfdraftmode found.
))
(/nix/store/2jpbkaqjgrk7r6b3aacp5vvlgjfhmpbg-texlive-combined-2025-texmfdist/te
x/latex/hycolor/hycolor.sty
Package: hycolor 2020-01-27 v1.10 Color options for hyperref/bookmark (HO)
)
(/nix/store/2jpbkaqjgrk7r6b3aacp5vvlgjfhmpbg-texlive-combined-2025-texmfdist/te
x/latex/hyperref/nameref.sty
Package: nameref 2025-06-21 v2.57 Cross-referencing by name of section

(/nix/store/2jpbkaqjgrk7r6b3aacp5vvlgjfhmpbg-texlive-combined-2025-texmfdist/te
x/latex/refcount/refcount.sty
Package: refcount 2019/12/15 v3.6 Data extraction from label references (HO)
)
(/nix/store/2jpbkaqjgrk7r6b3aacp5vvlgjfhmpbg-texlive-combined-2025-texmfdist/te
x/generic/gettitlestring/gettitlestring.sty
Package: gettitlestring 2019/12/15 v1.6 Cleanup title references (HO)

(/nix/store/2jpbkaqjgrk7r6b3aacp5vvlgjfhmpbg-texlive-combined-2025-texmfdist/te
x/latex/kvoptions/kvoptions.sty
Package: kvoptions 2022-06-15 v3.15 Key value format for package options (HO)
))
\c@section@level=\count284
)
(/nix/store/2jpbkaqjgrk7r6b3aacp5vvlgjfhmpbg-texlive-combined-2025-texmfdist/te
x/latex/etoolbox/etoolbox.sty
Package: etoolbox 2025/02/11 v2.5l e-TeX tools for LaTeX (JAW)
\etb@tempcnta=\count285
)
(/nix/store/2jpbkaqjgrk7r6b3aacp5vvlgjfhmpbg-texlive-combined-2025-texmfdist/te
x/generic/stringenc/stringenc.sty
Package: stringenc 2019/11/29 v1.12 Convert strings between diff. encodings (HO
)
)
\@linkdim=\dimen149
\Hy@linkcounter=\count286
\Hy@pagecounter=\count287

(/nix/store/2jpbkaqjgrk7r6b3aacp5vvlgjfhmpbg-texlive-combined-2025-texmfdist/te
x/latex/hyperref/pd1enc.def
File: pd1enc.def 2025-06-21 v7.01n Hyperref: PDFDocEncoding definition (HO)
Now handling font encoding PD1 ...
... no UTF-8 mapping file for font encoding PD1
)
(/nix/store/2jpbkaqjgrk7r6b3aacp5vvlgjfhmpbg-texlive-combined-2025-texmfdist/te
x/generic/intcalc/intcalc.sty
Package: intcalc 2019/12/15 v1.3 Expandable calculations with integers (HO)
)
\Hy@SavedSpaceFactor=\count288

(/nix/store/2jpbkaqjgrk7r6b3aacp5vvlgjfhmpbg-texlive-combined-2025-texmfdist/te
x/latex/hyperref/puenc.def
File: puenc.def 2025-06-21 v7.01n Hyperref: PDF Unicode definition (HO)
Now handling font encoding PU ...
... no UTF-8 mapping file for font encoding PU
)
Package hyperref Info: Hyper figures OFF on input line 4181.
Package hyperref Info: Link nesting OFF on input line 4186.
Package hyperref Info: Hyper index ON on input line 4189.
Package hyperref Info: Plain pages OFF on input line 4196.
Package hyperref Info: Backreferencing OFF on input line 4201.
Package hyperref Info: Implicit mode ON; LaTeX internals redefined.
Package hyperref Info: Bookmarks ON on input line 4448.
\c@Hy@tempcnt=\count289

(/nix/store/2jpbkaqjgrk7r6b3aacp5vvlgjfhmpbg-texlive-combined-2025-texmfdist/te
x/latex/url/url.sty
\Urlmuskip=\muskip17
Package: url 2013/09/16  ver 3.4  Verb mode for urls, etc.
)
LaTeX Info: Redefining \url on input line 4787.
\XeTeXLinkMargin=\dimen150

(/nix/store/2jpbkaqjgrk7r6b3aacp5vvlgjfhmpbg-texlive-combined-2025-texmfdist/te
x/generic/bitset/bitset.sty
Package: bitset 2019/12/09 v1.3 Handle bit-vector datatype (HO)

(/nix/store/2jpbkaqjgrk7r6b3aacp5vvlgjfhmpbg-texlive-combined-2025-texmfdist/te
x/generic/bigintcalc/bigintcalc.sty
Package: bigintcalc 2019/12/15 v1.5 Expandable calculations on big integers (HO
)
))
\Fld@menulength=\count290
\Field@Width=\dimen151
\Fld@charsize=\dimen152
Package hyperref Info: Hyper figures OFF on input line 6066.
Package hyperref Info: Link nesting OFF on input line 6071.
Package hyperref Info: Hyper index ON on input line 6074.
Package hyperref Info: backreferencing OFF on input line 6081.
Package hyperref Info: Link coloring OFF on input line 6086.
Package hyperref Info: Link coloring with OCG OFF on input line 6091.
Package hyperref Info: PDF/A mode OFF on input line 6096.
\Hy@abspage=\count291
\c@Item=\count292
\c@Hfootnote=\count293
)
Package hyperref Info: Driver (autodetected): hpdftex.

(/nix/store/2jpbkaqjgrk7r6b3aacp5vvlgjfhmpbg-texlive-combined-2025-texmfdist/te
x/latex/hyperref/hpdftex.def
File: hpdftex.def 2025-06-21 v7.01n Hyperref driver for pdfTeX
\Fld@listcount=\count294
\c@bookmark@seq@number=\count295

(/nix/store/2jpbkaqjgrk7r6b3aacp5vvlgjfhmpbg-texlive-combined-2025-texmfdist/te
x/latex/rerunfilecheck/rerunfilecheck.sty
Package: rerunfilecheck 2025-06-21 v1.11 Rerun checks for auxiliary files (HO)

(/nix/store/2jpbkaqjgrk7r6b3aacp5vvlgjfhmpbg-texlive-combined-2025-texmfdist/te
x/generic/uniquecounter/uniquecounter.sty
Package: uniquecounter 2019/12/15 v1.4 Provide unlimited unique counter (HO)
)
Package uniquecounter Info: New unique counter `rerunfilecheck' on input line 2
84.
)
\Hy@SectionHShift=\skip53
)
(/nix/store/2jpbkaqjgrk7r6b3aacp5vvlgjfhmpbg-texlive-combined-2025-texmfdist/te
x/latex/graphviz/graphviz.sty
Package: graphviz 2013/08/15 v0.94 .dtx graphviz file

(/nix/store/2jpbkaqjgrk7r6b3aacp5vvlgjfhmpbg-texlive-combined-2025-texmfdist/te
x/latex/graphics/graphicx.sty
Package: graphicx 2024/12/31 v1.2e Enhanced LaTeX Graphics (DPC,SPQR)

(/nix/store/2jpbkaqjgrk7r6b3aacp5vvlgjfhmpbg-texlive-combined-2025-texmfdist/te
x/latex/graphics/graphics.sty
Package: graphics 2024/08/06 v1.4g Standard LaTeX Graphics (DPC,SPQR)

(/nix/store/2jpbkaqjgrk7r6b3aacp5vvlgjfhmpbg-texlive-combined-2025-texmfdist/te
x/latex/graphics/trig.sty
Package: trig 2023/12/02 v1.11 sin cos tan (DPC)
)
(/nix/store/2jpbkaqjgrk7r6b3aacp5vvlgjfhmpbg-texlive-combined-2025-texmfdist/te
x/latex/graphics-cfg/graphics.cfg
File: graphics.cfg 2016/06/04 v1.11 sample graphics configuration
)
Package graphics Info: Driver file: pdftex.def on input line 106.

(/nix/store/2jpbkaqjgrk7r6b3aacp5vvlgjfhmpbg-texlive-combined-2025-texmfdist/te
x/latex/graphics-def/pdftex.def
File: pdftex.def 2024/04/13 v1.2c Graphics/color driver for pdftex
))
\Gin@req@height=\dimen153
\Gin@req@width=\dimen154
))
(/nix/store/2jpbkaqjgrk7r6b3aacp5vvlgjfhmpbg-texlive-combined-2025-texmfdist/te
x/latex/amsmath/amsmath.sty
Package: amsmath 2025/06/16 v2.17y AMS math features
\@mathmargin=\skip54

For additional information on amsmath, use the `?' option.

(/nix/store/2jpbkaqjgrk7r6b3aacp5vvlgjfhmpbg-texlive-combined-2025-texmfdist/te
x/latex/amsmath/amstext.sty
Package: amstext 2024/11/17 v2.01 AMS text

(/nix/store/2jpbkaqjgrk7r6b3aacp5vvlgjfhmpbg-texlive-combined-2025-texmfdist/te
x/latex/amsmath/amsgen.sty
File: amsgen.sty 1999/11/30 v2.0 generic functions
\@emptytoks=\toks20
\ex@=\dimen155
))
(/nix/store/2jpbkaqjgrk7r6b3aacp5vvlgjfhmpbg-texlive-combined-2025-texmfdist/te
x/latex/amsmath/amsbsy.sty
Package: amsbsy 1999/11/29 v1.2d Bold Symbols
\pmbraise@=\dimen156
)
(/nix/store/2jpbkaqjgrk7r6b3aacp5vvlgjfhmpbg-texlive-combined-2025-texmfdist/te
x/latex/amsmath/amsopn.sty
Package: amsopn 2022/04/08 v2.04 operator names
)
\inf@bad=\count296
LaTeX Info: Redefining \frac on input line 233.
\uproot@=\count297
\leftroot@=\count298
LaTeX Info: Redefining \overline on input line 398.
LaTeX Info: Redefining \colon on input line 409.
\classnum@=\count299
\DOTSCASE@=\count300
LaTeX Info: Redefining \ldots on input line 495.
LaTeX Info: Redefining \dots on input line 498.
LaTeX Info: Redefining \cdots on input line 619.
\Mathstrutbox@=\box53
\strutbox@=\box54
LaTeX Info: Redefining \big on input line 721.
LaTeX Info: Redefining \Big on input line 722.
LaTeX Info: Redefining \bigg on input line 723.
LaTeX Info: Redefining \Bigg on input line 724.
\big@size=\dimen157
LaTeX Font Info:    Redeclaring font encoding OML on input line 742.
LaTeX Font Info:    Redeclaring font encoding OMS on input line 743.
\macc@depth=\count301
LaTeX Info: Redefining \bmod on input line 904.
LaTeX Info: Redefining \pmod on input line 909.
LaTeX Info: Redefining \smash on input line 939.
LaTeX Info: Redefining \relbar on input line 969.
LaTeX Info: Redefining \Relbar on input line 970.
\c@MaxMatrixCols=\count302
\dotsspace@=\muskip18
\c@parentequation=\count303
\dspbrk@lvl=\count304
\tag@help=\toks21
\row@=\count305
\column@=\count306
\maxfields@=\count307
\andhelp@=\toks22
\eqnshift@=\dimen158
\alignsep@=\dimen159
\tagshift@=\dimen160
\tagwidth@=\dimen161
\totwidth@=\dimen162
\lineht@=\dimen163
\@envbody=\toks23
\multlinegap=\skip55
\multlinetaggap=\skip56
\mathdisplay@stack=\toks24
LaTeX Info: Redefining \[ on input line 2949.
LaTeX Info: Redefining \] on input line 2950.
)
(/nix/store/2jpbkaqjgrk7r6b3aacp5vvlgjfhmpbg-texlive-combined-2025-texmfdist/te
x/latex/todonotes/todonotes.sty
Package: todonotes 2024/01/05 v1.1.7 Todonotes source and documentation.
Package: todonotes 2024/01/05

(/nix/store/2jpbkaqjgrk7r6b3aacp5vvlgjfhmpbg-texlive-combined-2025-texmfdist/te
x/latex/base/ifthen.sty
Package: ifthen 2024/03/16 v1.1e Standard LaTeX ifthen package (DPC)
)
(/nix/store/2jpbkaqjgrk7r6b3aacp5vvlgjfhmpbg-texlive-combined-2025-texmfdist/te
x/latex/xkeyval/xkeyval.sty
Package: xkeyval 2022/06/16 v2.9 package option processing (HA)

(/nix/store/2jpbkaqjgrk7r6b3aacp5vvlgjfhmpbg-texlive-combined-2025-texmfdist/te
x/generic/xkeyval/xkeyval.tex
(/nix/store/2jpbkaqjgrk7r6b3aacp5vvlgjfhmpbg-texlive-combined-2025-texmfdist/te
x/generic/xkeyval/xkvutils.tex
\XKV@toks=\toks25
\XKV@tempa@toks=\toks26
)
\XKV@depth=\count308
File: xkeyval.tex 2014/12/03 v2.7a key=value parser (HA)
))
(/nix/store/2jpbkaqjgrk7r6b3aacp5vvlgjfhmpbg-texlive-combined-2025-texmfdist/te
x/latex/xcolor/xcolor.sty
Package: xcolor 2024/09/29 v3.02 LaTeX color extensions (UK)

(/nix/store/2jpbkaqjgrk7r6b3aacp5vvlgjfhmpbg-texlive-combined-2025-texmfdist/te
x/latex/graphics-cfg/color.cfg
File: color.cfg 2016/01/02 v1.6 sample color configuration
)
Package xcolor Info: Driver file: pdftex.def on input line 274.

(/nix/store/2jpbkaqjgrk7r6b3aacp5vvlgjfhmpbg-texlive-combined-2025-texmfdist/te
x/latex/graphics/mathcolor.ltx)
Package xcolor Info: Model `cmy' substituted by `cmy0' on input line 1349.
Package xcolor Info: Model `hsb' substituted by `rgb' on input line 1353.
Package xcolor Info: Model `RGB' extended on input line 1365.
Package xcolor Info: Model `HTML' substituted by `rgb' on input line 1367.
Package xcolor Info: Model `Hsb' substituted by `hsb' on input line 1368.
Package xcolor Info: Model `tHsb' substituted by `hsb' on input line 1369.
Package xcolor Info: Model `HSB' substituted by `hsb' on input line 1370.
Package xcolor Info: Model `Gray' substituted by `gray' on input line 1371.
Package xcolor Info: Model `wave' substituted by `hsb' on input line 1372.
)
(/nix/store/2jpbkaqjgrk7r6b3aacp5vvlgjfhmpbg-texlive-combined-2025-texmfdist/te
x/latex/pgf/frontendlayer/tikz.sty
(/nix/store/2jpbkaqjgrk7r6b3aacp5vvlgjfhmpbg-texlive-combined-2025-texmfdist/te
x/latex/pgf/basiclayer/pgf.sty
(/nix/store/2jpbkaqjgrk7r6b3aacp5vvlgjfhmpbg-texlive-combined-2025-texmfdist/te
x/latex/pgf/utilities/pgfrcs.sty
(/nix/store/2jpbkaqjgrk7r6b3aacp5vvlgjfhmpbg-texlive-combined-2025-texmfdist/te
x/generic/pgf/utilities/pgfutil-common.tex
\pgfutil@everybye=\toks27
\pgfutil@tempdima=\dimen164
\pgfutil@tempdimb=\dimen165
)
(/nix/store/2jpbkaqjgrk7r6b3aacp5vvlgjfhmpbg-texlive-combined-2025-texmfdist/te
x/generic/pgf/utilities/pgfutil-latex.def
\pgfutil@abb=\box55
)
(/nix/store/2jpbkaqjgrk7r6b3aacp5vvlgjfhmpbg-texlive-combined-2025-texmfdist/te
x/generic/pgf/utilities/pgfrcs.code.tex
(/nix/store/2jpbkaqjgrk7r6b3aacp5vvlgjfhmpbg-texlive-combined-2025-texmfdist/te
x/generic/pgf/pgf.revision.tex)
Package: pgfrcs 2023-01-15 v3.1.10 (3.1.10)
))
Package: pgf 2023-01-15 v3.1.10 (3.1.10)

(/nix/store/2jpbkaqjgrk7r6b3aacp5vvlgjfhmpbg-texlive-combined-2025-texmfdist/te
x/latex/pgf/basiclayer/pgfcore.sty
(/nix/store/2jpbkaqjgrk7r6b3aacp5vvlgjfhmpbg-texlive-combined-2025-texmfdist/te
x/latex/pgf/systemlayer/pgfsys.sty
(/nix/store/2jpbkaqjgrk7r6b3aacp5vvlgjfhmpbg-texlive-combined-2025-texmfdist/te
x/generic/pgf/systemlayer/pgfsys.code.tex
Package: pgfsys 2023-01-15 v3.1.10 (3.1.10)

(/nix/store/2jpbkaqjgrk7r6b3aacp5vvlgjfhmpbg-texlive-combined-2025-texmfdist/te
x/generic/pgf/utilities/pgfkeys.code.tex
\pgfkeys@pathtoks=\toks28
\pgfkeys@temptoks=\toks29

(/nix/store/2jpbkaqjgrk7r6b3aacp5vvlgjfhmpbg-texlive-combined-2025-texmfdist/te
x/generic/pgf/utilities/pgfkeyslibraryfiltered.code.tex
\pgfkeys@tmptoks=\toks30
))
\pgf@x=\dimen166
\pgf@y=\dimen167
\pgf@xa=\dimen168
\pgf@ya=\dimen169
\pgf@xb=\dimen170
\pgf@yb=\dimen171
\pgf@xc=\dimen172
\pgf@yc=\dimen173
\pgf@xd=\dimen174
\pgf@yd=\dimen175
\w@pgf@writea=\write3
\r@pgf@reada=\read2
\c@pgf@counta=\count309
\c@pgf@countb=\count310
\c@pgf@countc=\count311
\c@pgf@countd=\count312
\t@pgf@toka=\toks31
\t@pgf@tokb=\toks32
\t@pgf@tokc=\toks33
\pgf@sys@id@count=\count313

(/nix/store/2jpbkaqjgrk7r6b3aacp5vvlgjfhmpbg-texlive-combined-2025-texmfdist/te
x/generic/pgf/systemlayer/pgf.cfg
File: pgf.cfg 2023-01-15 v3.1.10 (3.1.10)
)
Driver file for pgf: pgfsys-pdftex.def

(/nix/store/2jpbkaqjgrk7r6b3aacp5vvlgjfhmpbg-texlive-combined-2025-texmfdist/te
x/generic/pgf/systemlayer/pgfsys-pdftex.def
File: pgfsys-pdftex.def 2023-01-15 v3.1.10 (3.1.10)

(/nix/store/2jpbkaqjgrk7r6b3aacp5vvlgjfhmpbg-texlive-combined-2025-texmfdist/te
x/generic/pgf/systemlayer/pgfsys-common-pdf.def
File: pgfsys-common-pdf.def 2023-01-15 v3.1.10 (3.1.10)
)))
(/nix/store/2jpbkaqjgrk7r6b3aacp5vvlgjfhmpbg-texlive-combined-2025-texmfdist/te
x/generic/pgf/systemlayer/pgfsyssoftpath.code.tex
File: pgfsyssoftpath.code.tex 2023-01-15 v3.1.10 (3.1.10)
\pgfsyssoftpath@smallbuffer@items=\count314
\pgfsyssoftpath@bigbuffer@items=\count315
)
(/nix/store/2jpbkaqjgrk7r6b3aacp5vvlgjfhmpbg-texlive-combined-2025-texmfdist/te
x/generic/pgf/systemlayer/pgfsysprotocol.code.tex
File: pgfsysprotocol.code.tex 2023-01-15 v3.1.10 (3.1.10)
))
(/nix/store/2jpbkaqjgrk7r6b3aacp5vvlgjfhmpbg-texlive-combined-2025-texmfdist/te
x/generic/pgf/basiclayer/pgfcore.code.tex
Package: pgfcore 2023-01-15 v3.1.10 (3.1.10)

(/nix/store/2jpbkaqjgrk7r6b3aacp5vvlgjfhmpbg-texlive-combined-2025-texmfdist/te
x/generic/pgf/math/pgfmath.code.tex
(/nix/store/2jpbkaqjgrk7r6b3aacp5vvlgjfhmpbg-texlive-combined-2025-texmfdist/te
x/generic/pgf/math/pgfmathutil.code.tex)
(/nix/store/2jpbkaqjgrk7r6b3aacp5vvlgjfhmpbg-texlive-combined-2025-texmfdist/te
x/generic/pgf/math/pgfmathparser.code.tex
\pgfmath@dimen=\dimen176
\pgfmath@count=\count316
\pgfmath@box=\box56
\pgfmath@toks=\toks34
\pgfmath@stack@operand=\toks35
\pgfmath@stack@operation=\toks36
)
(/nix/store/2jpbkaqjgrk7r6b3aacp5vvlgjfhmpbg-texlive-combined-2025-texmfdist/te
x/generic/pgf/math/pgfmathfunctions.code.tex)
(/nix/store/2jpbkaqjgrk7r6b3aacp5vvlgjfhmpbg-texlive-combined-2025-texmfdist/te
x/generic/pgf/math/pgfmathfunctions.basic.code.tex)
(/nix/store/2jpbkaqjgrk7r6b3aacp5vvlgjfhmpbg-texlive-combined-2025-texmfdist/te
x/generic/pgf/math/pgfmathfunctions.trigonometric.code.tex)
(/nix/store/2jpbkaqjgrk7r6b3aacp5vvlgjfhmpbg-texlive-combined-2025-texmfdist/te
x/generic/pgf/math/pgfmathfunctions.random.code.tex)
(/nix/store/2jpbkaqjgrk7r6b3aacp5vvlgjfhmpbg-texlive-combined-2025-texmfdist/te
x/generic/pgf/math/pgfmathfunctions.comparison.code.tex)
(/nix/store/2jpbkaqjgrk7r6b3aacp5vvlgjfhmpbg-texlive-combined-2025-texmfdist/te
x/generic/pgf/math/pgfmathfunctions.base.code.tex)
(/nix/store/2jpbkaqjgrk7r6b3aacp5vvlgjfhmpbg-texlive-combined-2025-texmfdist/te
x/generic/pgf/math/pgfmathfunctions.round.code.tex)
(/nix/store/2jpbkaqjgrk7r6b3aacp5vvlgjfhmpbg-texlive-combined-2025-texmfdist/te
x/generic/pgf/math/pgfmathfunctions.misc.code.tex)
(/nix/store/2jpbkaqjgrk7r6b3aacp5vvlgjfhmpbg-texlive-combined-2025-texmfdist/te
x/generic/pgf/math/pgfmathfunctions.integerarithmetics.code.tex)
(/nix/store/2jpbkaqjgrk7r6b3aacp5vvlgjfhmpbg-texlive-combined-2025-texmfdist/te
x/generic/pgf/math/pgfmathcalc.code.tex)
(/nix/store/2jpbkaqjgrk7r6b3aacp5vvlgjfhmpbg-texlive-combined-2025-texmfdist/te
x/generic/pgf/math/pgfmathfloat.code.tex
\c@pgfmathroundto@lastzeros=\count317
))
(/nix/store/2jpbkaqjgrk7r6b3aacp5vvlgjfhmpbg-texlive-combined-2025-texmfdist/te
x/generic/pgf/math/pgfint.code.tex)
(/nix/store/2jpbkaqjgrk7r6b3aacp5vvlgjfhmpbg-texlive-combined-2025-texmfdist/te
x/generic/pgf/basiclayer/pgfcorepoints.code.tex
File: pgfcorepoints.code.tex 2023-01-15 v3.1.10 (3.1.10)
\pgf@picminx=\dimen177
\pgf@picmaxx=\dimen178
\pgf@picminy=\dimen179
\pgf@picmaxy=\dimen180
\pgf@pathminx=\dimen181
\pgf@pathmaxx=\dimen182
\pgf@pathminy=\dimen183
\pgf@pathmaxy=\dimen184
\pgf@xx=\dimen185
\pgf@xy=\dimen186
\pgf@yx=\dimen187
\pgf@yy=\dimen188
\pgf@zx=\dimen189
\pgf@zy=\dimen190
)
(/nix/store/2jpbkaqjgrk7r6b3aacp5vvlgjfhmpbg-texlive-combined-2025-texmfdist/te
x/generic/pgf/basiclayer/pgfcorepathconstruct.code.tex
File: pgfcorepathconstruct.code.tex 2023-01-15 v3.1.10 (3.1.10)
\pgf@path@lastx=\dimen191
\pgf@path@lasty=\dimen192
)
(/nix/store/2jpbkaqjgrk7r6b3aacp5vvlgjfhmpbg-texlive-combined-2025-texmfdist/te
x/generic/pgf/basiclayer/pgfcorepathusage.code.tex
File: pgfcorepathusage.code.tex 2023-01-15 v3.1.10 (3.1.10)
\pgf@shorten@end@additional=\dimen193
\pgf@shorten@start@additional=\dimen194
)
(/nix/store/2jpbkaqjgrk7r6b3aacp5vvlgjfhmpbg-texlive-combined-2025-texmfdist/te
x/generic/pgf/basiclayer/pgfcorescopes.code.tex
File: pgfcorescopes.code.tex 2023-01-15 v3.1.10 (3.1.10)
\pgfpic=\box57
\pgf@hbox=\box58
\pgf@layerbox@main=\box59
\pgf@picture@serial@count=\count318
)
(/nix/store/2jpbkaqjgrk7r6b3aacp5vvlgjfhmpbg-texlive-combined-2025-texmfdist/te
x/generic/pgf/basiclayer/pgfcoregraphicstate.code.tex
File: pgfcoregraphicstate.code.tex 2023-01-15 v3.1.10 (3.1.10)
\pgflinewidth=\dimen195
)
(/nix/store/2jpbkaqjgrk7r6b3aacp5vvlgjfhmpbg-texlive-combined-2025-texmfdist/te
x/generic/pgf/basiclayer/pgfcoretransformations.code.tex
File: pgfcoretransformations.code.tex 2023-01-15 v3.1.10 (3.1.10)
\pgf@pt@x=\dimen196
\pgf@pt@y=\dimen197
\pgf@pt@temp=\dimen198
)
(/nix/store/2jpbkaqjgrk7r6b3aacp5vvlgjfhmpbg-texlive-combined-2025-texmfdist/te
x/generic/pgf/basiclayer/pgfcorequick.code.tex
File: pgfcorequick.code.tex 2023-01-15 v3.1.10 (3.1.10)
)
(/nix/store/2jpbkaqjgrk7r6b3aacp5vvlgjfhmpbg-texlive-combined-2025-texmfdist/te
x/generic/pgf/basiclayer/pgfcoreobjects.code.tex
File: pgfcoreobjects.code.tex 2023-01-15 v3.1.10 (3.1.10)
)
(/nix/store/2jpbkaqjgrk7r6b3aacp5vvlgjfhmpbg-texlive-combined-2025-texmfdist/te
x/generic/pgf/basiclayer/pgfcorepathprocessing.code.tex
File: pgfcorepathprocessing.code.tex 2023-01-15 v3.1.10 (3.1.10)
)
(/nix/store/2jpbkaqjgrk7r6b3aacp5vvlgjfhmpbg-texlive-combined-2025-texmfdist/te
x/generic/pgf/basiclayer/pgfcorearrows.code.tex
File: pgfcorearrows.code.tex 2023-01-15 v3.1.10 (3.1.10)
\pgfarrowsep=\dimen199
)
(/nix/store/2jpbkaqjgrk7r6b3aacp5vvlgjfhmpbg-texlive-combined-2025-texmfdist/te
x/generic/pgf/basiclayer/pgfcoreshade.code.tex
File: pgfcoreshade.code.tex 2023-01-15 v3.1.10 (3.1.10)
\pgf@max=\dimen256
\pgf@sys@shading@range@num=\count319
\pgf@shadingcount=\count320
)
(/nix/store/2jpbkaqjgrk7r6b3aacp5vvlgjfhmpbg-texlive-combined-2025-texmfdist/te
x/generic/pgf/basiclayer/pgfcoreimage.code.tex
File: pgfcoreimage.code.tex 2023-01-15 v3.1.10 (3.1.10)
)
(/nix/store/2jpbkaqjgrk7r6b3aacp5vvlgjfhmpbg-texlive-combined-2025-texmfdist/te
x/generic/pgf/basiclayer/pgfcoreexternal.code.tex
File: pgfcoreexternal.code.tex 2023-01-15 v3.1.10 (3.1.10)
\pgfexternal@startupbox=\box60
)
(/nix/store/2jpbkaqjgrk7r6b3aacp5vvlgjfhmpbg-texlive-combined-2025-texmfdist/te
x/generic/pgf/basiclayer/pgfcorelayers.code.tex
File: pgfcorelayers.code.tex 2023-01-15 v3.1.10 (3.1.10)
)
(/nix/store/2jpbkaqjgrk7r6b3aacp5vvlgjfhmpbg-texlive-combined-2025-texmfdist/te
x/generic/pgf/basiclayer/pgfcoretransparency.code.tex
File: pgfcoretransparency.code.tex 2023-01-15 v3.1.10 (3.1.10)
)
(/nix/store/2jpbkaqjgrk7r6b3aacp5vvlgjfhmpbg-texlive-combined-2025-texmfdist/te
x/generic/pgf/basiclayer/pgfcorepatterns.code.tex
File: pgfcorepatterns.code.tex 2023-01-15 v3.1.10 (3.1.10)
)
(/nix/store/2jpbkaqjgrk7r6b3aacp5vvlgjfhmpbg-texlive-combined-2025-texmfdist/te
x/generic/pgf/basiclayer/pgfcorerdf.code.tex
File: pgfcorerdf.code.tex 2023-01-15 v3.1.10 (3.1.10)
)))
(/nix/store/2jpbkaqjgrk7r6b3aacp5vvlgjfhmpbg-texlive-combined-2025-texmfdist/te
x/generic/pgf/modules/pgfmoduleshapes.code.tex
File: pgfmoduleshapes.code.tex 2023-01-15 v3.1.10 (3.1.10)
\pgfnodeparttextbox=\box61
)
(/nix/store/2jpbkaqjgrk7r6b3aacp5vvlgjfhmpbg-texlive-combined-2025-texmfdist/te
x/generic/pgf/modules/pgfmoduleplot.code.tex
File: pgfmoduleplot.code.tex 2023-01-15 v3.1.10 (3.1.10)
)
(/nix/store/2jpbkaqjgrk7r6b3aacp5vvlgjfhmpbg-texlive-combined-2025-texmfdist/te
x/latex/pgf/compatibility/pgfcomp-version-0-65.sty
Package: pgfcomp-version-0-65 2023-01-15 v3.1.10 (3.1.10)
\pgf@nodesepstart=\dimen257
\pgf@nodesepend=\dimen258
)
(/nix/store/2jpbkaqjgrk7r6b3aacp5vvlgjfhmpbg-texlive-combined-2025-texmfdist/te
x/latex/pgf/compatibility/pgfcomp-version-1-18.sty
Package: pgfcomp-version-1-18 2023-01-15 v3.1.10 (3.1.10)
))
(/nix/store/2jpbkaqjgrk7r6b3aacp5vvlgjfhmpbg-texlive-combined-2025-texmfdist/te
x/latex/pgf/utilities/pgffor.sty
(/nix/store/2jpbkaqjgrk7r6b3aacp5vvlgjfhmpbg-texlive-combined-2025-texmfdist/te
x/latex/pgf/utilities/pgfkeys.sty
(/nix/store/2jpbkaqjgrk7r6b3aacp5vvlgjfhmpbg-texlive-combined-2025-texmfdist/te
x/generic/pgf/utilities/pgfkeys.code.tex))
(/nix/store/2jpbkaqjgrk7r6b3aacp5vvlgjfhmpbg-texlive-combined-2025-texmfdist/te
x/latex/pgf/math/pgfmath.sty
(/nix/store/2jpbkaqjgrk7r6b3aacp5vvlgjfhmpbg-texlive-combined-2025-texmfdist/te
x/generic/pgf/math/pgfmath.code.tex))
(/nix/store/2jpbkaqjgrk7r6b3aacp5vvlgjfhmpbg-texlive-combined-2025-texmfdist/te
x/generic/pgf/utilities/pgffor.code.tex
Package: pgffor 2023-01-15 v3.1.10 (3.1.10)
\pgffor@iter=\dimen259
\pgffor@skip=\dimen260
\pgffor@stack=\toks37
\pgffor@toks=\toks38
))
(/nix/store/2jpbkaqjgrk7r6b3aacp5vvlgjfhmpbg-texlive-combined-2025-texmfdist/te
x/generic/pgf/frontendlayer/tikz/tikz.code.tex
Package: tikz 2023-01-15 v3.1.10 (3.1.10)

(/nix/store/2jpbkaqjgrk7r6b3aacp5vvlgjfhmpbg-texlive-combined-2025-texmfdist/te
x/generic/pgf/libraries/pgflibraryplothandlers.code.tex
File: pgflibraryplothandlers.code.tex 2023-01-15 v3.1.10 (3.1.10)
\pgf@plot@mark@count=\count321
\pgfplotmarksize=\dimen261
)
\tikz@lastx=\dimen262
\tikz@lasty=\dimen263
\tikz@lastxsaved=\dimen264
\tikz@lastysaved=\dimen265
\tikz@lastmovetox=\dimen266
\tikz@lastmovetoy=\dimen267
\tikzleveldistance=\dimen268
\tikzsiblingdistance=\dimen269
\tikz@figbox=\box62
\tikz@figbox@bg=\box63
\tikz@tempbox=\box64
\tikz@tempbox@bg=\box65
\tikztreelevel=\count322
\tikznumberofchildren=\count323
\tikznumberofcurrentchild=\count324
\tikz@fig@count=\count325

(/nix/store/2jpbkaqjgrk7r6b3aacp5vvlgjfhmpbg-texlive-combined-2025-texmfdist/te
x/generic/pgf/modules/pgfmodulematrix.code.tex
File: pgfmodulematrix.code.tex 2023-01-15 v3.1.10 (3.1.10)
\pgfmatrixcurrentrow=\count326
\pgfmatrixcurrentcolumn=\count327
\pgf@matrix@numberofcolumns=\count328
)
\tikz@expandcount=\count329

(/nix/store/2jpbkaqjgrk7r6b3aacp5vvlgjfhmpbg-texlive-combined-2025-texmfdist/te
x/generic/pgf/frontendlayer/tikz/libraries/tikzlibrarytopaths.code.tex
File: tikzlibrarytopaths.code.tex 2023-01-15 v3.1.10 (3.1.10)
)))
(/nix/store/2jpbkaqjgrk7r6b3aacp5vvlgjfhmpbg-texlive-combined-2025-texmfdist/te
x/generic/pgf/frontendlayer/tikz/libraries/tikzlibrarypositioning.code.tex
File: tikzlibrarypositioning.code.tex 2023-01-15 v3.1.10 (3.1.10)
)
(/nix/store/2jpbkaqjgrk7r6b3aacp5vvlgjfhmpbg-texlive-combined-2025-texmfdist/te
x/latex/tools/calc.sty
Package: calc 2025/03/01 v4.3b Infix arithmetic (KKT,FJ)
\calc@Acount=\count330
\calc@Bcount=\count331
\calc@Adimen=\dimen270
\calc@Bdimen=\dimen271
\calc@Askip=\skip57
\calc@Bskip=\skip58
LaTeX Info: Redefining \setlength on input line 86.
LaTeX Info: Redefining \addtolength on input line 87.
\calc@Ccount=\count332
\calc@Cskip=\skip59
)
\c@@todonotes@numberoftodonotes=\count333
)
(/nix/store/2jpbkaqjgrk7r6b3aacp5vvlgjfhmpbg-texlive-combined-2025-texmfdist/te
x/latex/parskip/parskip.sty
Package: parskip 2021-03-14 v2.0h non-zero parskip adjustments
)
(/nix/store/2jpbkaqjgrk7r6b3aacp5vvlgjfhmpbg-texlive-combined-2025-texmfdist/te
x/generic/pgf/frontendlayer/tikz/libraries/tikzlibraryarrows.code.tex
File: tikzlibraryarrows.code.tex 2023-01-15 v3.1.10 (3.1.10)

(/nix/store/2jpbkaqjgrk7r6b3aacp5vvlgjfhmpbg-texlive-combined-2025-texmfdist/te
x/generic/pgf/libraries/pgflibraryarrows.code.tex
File: pgflibraryarrows.code.tex 2023-01-15 v3.1.10 (3.1.10)
\arrowsize=\dimen272
))
(/nix/store/2jpbkaqjgrk7r6b3aacp5vvlgjfhmpbg-texlive-combined-2025-texmfdist/te
x/generic/pgf/frontendlayer/tikz/libraries/tikzlibrarydecorations.markings.code
.tex
(/nix/store/2jpbkaqjgrk7r6b3aacp5vvlgjfhmpbg-texlive-combined-2025-texmfdist/te
x/generic/pgf/frontendlayer/tikz/libraries/tikzlibrarydecorations.code.tex
(/nix/store/2jpbkaqjgrk7r6b3aacp5vvlgjfhmpbg-texlive-combined-2025-texmfdist/te
x/generic/pgf/modules/pgfmoduledecorations.code.tex
\pgfdecoratedcompleteddistance=\dimen273
\pgfdecoratedremainingdistance=\dimen274
\pgfdecoratedinputsegmentcompleteddistance=\dimen275
\pgfdecoratedinputsegmentremainingdistance=\dimen276
\pgf@decorate@distancetomove=\dimen277
\pgf@decorate@repeatstate=\count334
\pgfdecorationsegmentamplitude=\dimen278
\pgfdecorationsegmentlength=\dimen279
)
\tikz@lib@dec@box=\box66
)
(/nix/store/2jpbkaqjgrk7r6b3aacp5vvlgjfhmpbg-texlive-combined-2025-texmfdist/te
x/generic/pgf/libraries/decorations/pgflibrarydecorations.markings.code.tex))
(/nix/store/2jpbkaqjgrk7r6b3aacp5vvlgjfhmpbg-texlive-combined-2025-texmfdist/te
x/latex/chngcntr/chngcntr.sty
Package: chngcntr 2018/04/09 v1.1a change counter resetting
Package chngcntr Info: \counterwithout already defined.
(chngcntr)             Quitting chngcntr on input line 21.
)
(/nix/store/2jpbkaqjgrk7r6b3aacp5vvlgjfhmpbg-texlive-combined-2025-texmfdist/te
x/latex/l3backend/l3backend-pdftex.def
File: l3backend-pdftex.def 2025-06-09 L3 backend support: PDF output (pdfTeX)
\l__color_backend_stack_int=\count335
) (./prop.aux)
\openout1 = `prop.aux'.

LaTeX Font Info:    Checking defaults for OML/cmm/m/it on input line 22.
LaTeX Font Info:    ... okay on input line 22.
LaTeX Font Info:    Checking defaults for OMS/cmsy/m/n on input line 22.
LaTeX Font Info:    ... okay on input line 22.
LaTeX Font Info:    Checking defaults for OT1/cmr/m/n on input line 22.
LaTeX Font Info:    ... okay on input line 22.
LaTeX Font Info:    Checking defaults for T1/cmr/m/n on input line 22.
LaTeX Font Info:    ... okay on input line 22.
LaTeX Font Info:    Checking defaults for TS1/cmr/m/n on input line 22.
LaTeX Font Info:    ... okay on input line 22.
LaTeX Font Info:    Checking defaults for OMX/cmex/m/n on input line 22.
LaTeX Font Info:    ... okay on input line 22.
LaTeX Font Info:    Checking defaults for U/cmr/m/n on input line 22.
LaTeX Font Info:    ... okay on input line 22.
LaTeX Font Info:    Checking defaults for PD1/pdf/m/n on input line 22.
LaTeX Font Info:    ... okay on input line 22.
LaTeX Font Info:    Checking defaults for PU/pdf/m/n on input line 22.
LaTeX Font Info:    ... okay on input line 22.
Package hyperref Info: Link coloring OFF on input line 22.
 (./prop.out) (./prop.out)
\@outlinefile=\write4
\openout4 = `prop.out'.


(/nix/store/2jpbkaqjgrk7r6b3aacp5vvlgjfhmpbg-texlive-combined-2025-texmfdist/te
x/context/base/mkii/supp-pdf.mkii
[Loading MPS to PDF converter (version 2006.09.02).]
\scratchcounter=\count336
\scratchdimen=\dimen280
\scratchbox=\box67
\nofMPsegments=\count337
\nofMParguments=\count338
\everyMPshowfont=\toks39
\MPscratchCnt=\count339
\MPscratchDim=\dimen281
\MPnumerator=\count340
\makeMPintoPDFobject=\count341
\everyMPtoPDFconversion=\toks40
)
(/nix/store/2jpbkaqjgrk7r6b3aacp5vvlgjfhmpbg-texlive-combined-2025-texmfdist/te
x/latex/epstopdf-pkg/epstopdf-base.sty
Package: epstopdf-base 2020-01-24 v2.11 Base part for package epstopdf
Package epstopdf-base Info: Redefining graphics rule for `.eps' on input line 4
85.

(/nix/store/2jpbkaqjgrk7r6b3aacp5vvlgjfhmpbg-texlive-combined-2025-texmfdist/te
x/latex/latexconfig/epstopdf-sys.cfg
File: epstopdf-sys.cfg 2010/07/13 v1.3 Configuration of (r)epstopdf for TeX Liv
e
))

[1

{/nix/store/9zcv8nkx9ilj9c61j5647iz7cki0v4gp-texlive-combined-2025/share/texmf-
var/fonts/map/pdftex/updmap/pdftex.map}]


pdfTeX warning (ext4): destination with the same identifier (name{page.1}) has 
been already used, duplicate ignored
<to be read again> 
                   \relax 
l.72 
      [1]
<addxz.png, id=87, 242.9075pt x 369.38pt>
File: addxz.png Graphic file (type png)
<use addxz.png>
Package pdftex.def Info: addxz.png  used on input line 86.
(pdftex.def)             Requested size: 103.50105pt x 157.3874pt.


[2]
<addxyz.png, id=95, 612.2875pt x 438.63875pt>
File: addxyz.png Graphic file (type png)
<use addxyz.png>
Package pdftex.def Info: addxyz.png  used on input line 100.
(pdftex.def)             Requested size: 345.0pt x 247.15535pt.
<add.png, id=97, 915.42pt x 388.45125pt>
File: add.png Graphic file (type png)
<use add.png>
Package pdftex.def Info: add.png  used on input line 110.
(pdftex.def)             Requested size: 345.0pt x 146.3979pt.


[3 <./addxz.png (PNG copy)>]

[4 <./addxyz.png (PNG copy)> <./add.png (PNG copy)>]
<addf1xyz.png, id=109, 806.01125pt x 377.41pt>
File: addf1xyz.png Graphic file (type png)
<use addf1xyz.png>
Package pdftex.def Info: addf1xyz.png  used on input line 137.
(pdftex.def)             Requested size: 345.0pt x 161.546pt.


[5]

[6 <./addf1xyz.png (PNG copy)>]
<addmt1.png, id=125, 232.87pt x 401.5pt>
File: addmt1.png Graphic file (type png)
<use addmt1.png>
Package pdftex.def Info: addmt1.png  used on input line 164.
(pdftex.def)             Requested size: 103.50105pt x 178.44945pt.


[7 <./addmt1.png (PNG copy)>]
<addmt2.png, id=132, 457.71pt x 398.48875pt>
File: addmt2.png Graphic file (type png)
<use addmt2.png>
Package pdftex.def Info: addmt2.png  used on input line 177.
(pdftex.def)             Requested size: 276.00105pt x 240.29901pt.
<addmt3.png, id=134, 372.39125pt x 398.48875pt>
File: addmt3.png Graphic file (type png)
<use addmt3.png>
Package pdftex.def Info: addmt3.png  used on input line 186.
(pdftex.def)             Requested size: 276.00105pt x 295.35133pt.
<addmt4.png, id=136, 508.90125pt x 416.55624pt>
File: addmt4.png Graphic file (type png)
<use addmt4.png>
Package pdftex.def Info: addmt4.png  used on input line 195.
(pdftex.def)             Requested size: 276.00105pt x 225.92857pt.


[8 <./addmt2.png (PNG copy)>]

[9 <./addmt3.png (PNG copy)>]

[10 <./addmt4.png (PNG copy)>]

[11] (./prop.bbl

[12])

[13] (./prop.aux)
 ***********
LaTeX2e <2025-06-01> patch level 1
L3 programming layer <2025-06-09>
 ***********
Package rerunfilecheck Info: File `prop.out' has not changed.
(rerunfilecheck)             Checksum: BC24D61B1847AF79E4E3F1C1659D0AEE;3166.
 ) 
Here is how much of TeX's memory you used:
 21709 strings out of 467888
 428028 string characters out of 5412697
 788429 words of memory out of 5000000
 49869 multiletter control sequences out of 15000+600000
 630211 words of font info for 52 fonts, out of 8000000 for 9000
 1141 hyphenation exceptions out of 8191
 99i,8n,101p,1050b,564s stack positions out of 10000i,1000n,20000p,200000b,200000s
</nix/store/2jpbkaqjgrk7r6b3aacp5vvlgjfhmpbg-texlive-combined-2025-texmfdist/
fonts/type1/public/amsfonts/cm/cmbx12.pfb></nix/store/2jpbkaqjgrk7r6b3aacp5vvlg
jfhmpbg-texlive-combined-2025-texmfdist/fonts/type1/public/amsfonts/cm/cmcsc10.
pfb></nix/store/2jpbkaqjgrk7r6b3aacp5vvlgjfhmpbg-texlive-combined-2025-texmfdis
t/fonts/type1/public/amsfonts/cm/cmmi10.pfb></nix/store/2jpbkaqjgrk7r6b3aacp5vv
lgjfhmpbg-texlive-combined-2025-texmfdist/fonts/type1/public/amsfonts/cm/cmmi7.
pfb></nix/store/2jpbkaqjgrk7r6b3aacp5vvlgjfhmpbg-texlive-combined-2025-texmfdis
t/fonts/type1/public/amsfonts/cm/cmr10.pfb></nix/store/2jpbkaqjgrk7r6b3aacp5vvl
gjfhmpbg-texlive-combined-2025-texmfdist/fonts/type1/public/amsfonts/cm/cmr12.p
fb></nix/store/2jpbkaqjgrk7r6b3aacp5vvlgjfhmpbg-texlive-combined-2025-texmfdist
/fonts/type1/public/amsfonts/cm/cmr7.pfb></nix/store/2jpbkaqjgrk7r6b3aacp5vvlgj
fhmpbg-texlive-combined-2025-texmfdist/fonts/type1/public/amsfonts/cm/cmsy10.pf
b></nix/store/2jpbkaqjgrk7r6b3aacp5vvlgjfhmpbg-texlive-combined-2025-texmfdist/
fonts/type1/public/amsfonts/cm/cmti10.pfb></nix/store/2jpbkaqjgrk7r6b3aacp5vvlg
jfhmpbg-texlive-combined-2025-texmfdist/fonts/type1/public/amsfonts/cm/cmtt10.p
fb>
Output written on prop.pdf (14 pages, 736139 bytes).
PDF statistics:
 241 PDF objects out of 1000 (max. 8388607)
 195 compressed objects within 2 object streams
 46 named destinations out of 1000 (max. 500000)
 165 words of extra memory for PDF output out of 10000 (max. 10000000)

