This is pdfTeX, Version 3.141592653-2.6-1.40.27 (TeX Live 2025/nixos.org) (preloaded format=pdflatex 1980.1.1)  25 MAY 2026 11:12
entering extended mode
 restricted \write18 enabled.
 %&-line parsing enabled.
**thesis.tex
(./thesis.tex
LaTeX2e <2025-11-01>
L3 programming layer <2026-01-19>

(/nix/store/7l5j4bssdra1lws101cha60fg5l2jli7-texlive-combined-2025-texmfdist/te
x/latex/base/report.cls
Document Class: report 2025/01/22 v1.4n Standard LaTeX document class

(/nix/store/7l5j4bssdra1lws101cha60fg5l2jli7-texlive-combined-2025-texmfdist/te
x/latex/base/size10.clo
File: size10.clo 2025/01/22 v1.4n Standard LaTeX file (size option)
)
\c@part=\count275
\c@chapter=\count276
\c@section=\count277
\c@subsection=\count278
\c@subsubsection=\count279
\c@paragraph=\count280
\c@subparagraph=\count281
\c@figure=\count282
\c@table=\count283
\abovecaptionskip=\skip49
\belowcaptionskip=\skip50
\bibindent=\dimen148
)
(/nix/store/7l5j4bssdra1lws101cha60fg5l2jli7-texlive-combined-2025-texmfdist/te
x/latex/base/inputenc.sty
Package: inputenc 2024/02/08 v1.3d Input encoding file
\inpenc@prehook=\toks17
\inpenc@posthook=\toks18
)
(/nix/store/7l5j4bssdra1lws101cha60fg5l2jli7-texlive-combined-2025-texmfdist/te
x/latex/biblatex/biblatex.sty
Package: biblatex 2025/07/10 v3.21 programmable bibliographies (PK/MW)

(/nix/store/7l5j4bssdra1lws101cha60fg5l2jli7-texlive-combined-2025-texmfdist/te
x/generic/pdftexcmds/pdftexcmds.sty
Package: pdftexcmds 2020-06-27 v0.33 Utility functions of pdfTeX for LuaTeX (HO
)

(/nix/store/7l5j4bssdra1lws101cha60fg5l2jli7-texlive-combined-2025-texmfdist/te
x/generic/infwarerr/infwarerr.sty
Package: infwarerr 2019/12/03 v1.5 Providing info/warning/error messages (HO)
)
(/nix/store/7l5j4bssdra1lws101cha60fg5l2jli7-texlive-combined-2025-texmfdist/te
x/generic/iftex/iftex.sty
Package: iftex 2024/12/12 v1.0g TeX engine tests
)
(/nix/store/7l5j4bssdra1lws101cha60fg5l2jli7-texlive-combined-2025-texmfdist/te
x/generic/ltxcmds/ltxcmds.sty
Package: ltxcmds 2023-12-04 v1.26 LaTeX kernel commands for general use (HO)
)
Package pdftexcmds Info: \pdf@primitive is available.
Package pdftexcmds Info: \pdf@ifprimitive is available.
Package pdftexcmds Info: \pdfdraftmode found.
)
(/nix/store/7l5j4bssdra1lws101cha60fg5l2jli7-texlive-combined-2025-texmfdist/te
x/latex/etoolbox/etoolbox.sty
Package: etoolbox 2025/10/02 v2.5m e-TeX tools for LaTeX (JAW)
\etb@tempcnta=\count284
)
(/nix/store/7l5j4bssdra1lws101cha60fg5l2jli7-texlive-combined-2025-texmfdist/te
x/latex/graphics/keyval.sty
Package: keyval 2022/05/29 v1.15 key=value parser (DPC)
\KV@toks@=\toks19
)
(/nix/store/7l5j4bssdra1lws101cha60fg5l2jli7-texlive-combined-2025-texmfdist/te
x/latex/kvoptions/kvoptions.sty
Package: kvoptions 2022-06-15 v3.15 Key value format for package options (HO)

(/nix/store/7l5j4bssdra1lws101cha60fg5l2jli7-texlive-combined-2025-texmfdist/te
x/latex/kvsetkeys/kvsetkeys.sty
Package: kvsetkeys 2022-10-05 v1.19 Key value parser (HO)
))
(/nix/store/7l5j4bssdra1lws101cha60fg5l2jli7-texlive-combined-2025-texmfdist/te
x/latex/logreq/logreq.sty
Package: logreq 2010/08/04 v1.0 xml request logger
\lrq@indent=\count285

(/nix/store/7l5j4bssdra1lws101cha60fg5l2jli7-texlive-combined-2025-texmfdist/te
x/latex/logreq/logreq.def
File: logreq.def 2010/08/04 v1.0 logreq spec v1.0
))
(/nix/store/7l5j4bssdra1lws101cha60fg5l2jli7-texlive-combined-2025-texmfdist/te
x/latex/base/ifthen.sty
Package: ifthen 2024/03/16 v1.1e Standard LaTeX ifthen package (DPC)
)
(/nix/store/7l5j4bssdra1lws101cha60fg5l2jli7-texlive-combined-2025-texmfdist/te
x/latex/url/url.sty
\Urlmuskip=\muskip17
Package: url 2013/09/16  ver 3.4  Verb mode for urls, etc.
)
\c@tabx@nest=\count286
\c@listtotal=\count287
\c@listcount=\count288
\c@liststart=\count289
\c@liststop=\count290
\c@citecount=\count291
\c@citetotal=\count292
\c@multicitecount=\count293
\c@multicitetotal=\count294
\c@instcount=\count295
\c@maxnames=\count296
\c@minnames=\count297
\c@maxitems=\count298
\c@minitems=\count299
\c@citecounter=\count300
\c@maxcitecounter=\count301
\c@savedcitecounter=\count302
\c@uniquelist=\count303
\c@uniquename=\count304
\c@refsection=\count305
\c@refsegment=\count306
\c@maxextratitle=\count307
\c@maxextratitleyear=\count308
\c@maxextraname=\count309
\c@maxextradate=\count310
\c@maxextraalpha=\count311
\c@abbrvpenalty=\count312
\c@highnamepenalty=\count313
\c@lownamepenalty=\count314
\c@maxparens=\count315
\c@parenlevel=\count316
\blx@tempcnta=\count317
\blx@tempcntb=\count318
\blx@tempcntc=\count319
\c@blx@maxsection=\count320
\blx@maxsegment@0=\count321
\blx@notetype=\count322
\blx@parenlevel@text=\count323
\blx@parenlevel@foot=\count324
\blx@sectionciteorder@0=\count325
\blx@sectionciteorderinternal@0=\count326
\blx@entrysetcounter=\count327
\blx@biblioinstance=\count328
\labelnumberwidth=\skip51
\labelalphawidth=\skip52
\biblabelsep=\skip53
\bibitemsep=\skip54
\bibnamesep=\skip55
\bibinitsep=\skip56
\bibparsep=\skip57
\bibhang=\skip58
\blx@bcfin=\read2
\blx@bcfout=\write3
\blx@langwohyphens=\language90
\c@mincomprange=\count329
\c@maxcomprange=\count330
\c@mincompwidth=\count331
Package biblatex Info: Trying to load biblatex default data model...
Package biblatex Info: ... file 'blx-dm.def' found.

(/nix/store/7l5j4bssdra1lws101cha60fg5l2jli7-texlive-combined-2025-texmfdist/te
x/latex/biblatex/blx-dm.def
File: blx-dm.def 2025/07/10 v3.21 biblatex datamodel (PK/MW)
)
Package biblatex Info: Trying to load biblatex custom data model...
Package biblatex Info: ... file 'biblatex-dm.cfg' not found.
\c@afterword=\count332
\c@savedafterword=\count333
\c@annotator=\count334
\c@savedannotator=\count335
\c@author=\count336
\c@savedauthor=\count337
\c@bookauthor=\count338
\c@savedbookauthor=\count339
\c@commentator=\count340
\c@savedcommentator=\count341
\c@editor=\count342
\c@savededitor=\count343
\c@editora=\count344
\c@savededitora=\count345
\c@editorb=\count346
\c@savededitorb=\count347
\c@editorc=\count348
\c@savededitorc=\count349
\c@foreword=\count350
\c@savedforeword=\count351
\c@holder=\count352
\c@savedholder=\count353
\c@introduction=\count354
\c@savedintroduction=\count355
\c@namea=\count356
\c@savednamea=\count357
\c@nameb=\count358
\c@savednameb=\count359
\c@namec=\count360
\c@savednamec=\count361
\c@translator=\count362
\c@savedtranslator=\count363
\c@shortauthor=\count364
\c@savedshortauthor=\count365
\c@shorteditor=\count366
\c@savedshorteditor=\count367
\c@labelname=\count368
\c@savedlabelname=\count369
\c@institution=\count370
\c@savedinstitution=\count371
\c@lista=\count372
\c@savedlista=\count373
\c@listb=\count374
\c@savedlistb=\count375
\c@listc=\count376
\c@savedlistc=\count377
\c@listd=\count378
\c@savedlistd=\count379
\c@liste=\count380
\c@savedliste=\count381
\c@listf=\count382
\c@savedlistf=\count383
\c@location=\count384
\c@savedlocation=\count385
\c@organization=\count386
\c@savedorganization=\count387
\c@origlocation=\count388
\c@savedoriglocation=\count389
\c@origpublisher=\count390
\c@savedorigpublisher=\count391
\c@publisher=\count392
\c@savedpublisher=\count393
\c@language=\count394
\c@savedlanguage=\count395
\c@origlanguage=\count396
\c@savedoriglanguage=\count397
\c@pageref=\count398
\c@savedpageref=\count399
\shorthandwidth=\skip59
\shortjournalwidth=\skip60
\shortserieswidth=\skip61
\shorttitlewidth=\skip62
\shortauthorwidth=\skip63
\shorteditorwidth=\skip64
\locallabelnumberwidth=\skip65
\locallabelalphawidth=\skip66
\localshorthandwidth=\skip67
\localshortjournalwidth=\skip68
\localshortserieswidth=\skip69
\localshorttitlewidth=\skip70
\localshortauthorwidth=\skip71
\localshorteditorwidth=\skip72
Package biblatex Info: Trying to load compatibility code...
Package biblatex Info: ... file 'blx-compat.def' found.

(/nix/store/7l5j4bssdra1lws101cha60fg5l2jli7-texlive-combined-2025-texmfdist/te
x/latex/biblatex/blx-compat.def
File: blx-compat.def 2025/07/10 v3.21 biblatex compatibility (PK/MW)
)
Package biblatex Info: Trying to load generic definitions...
Package biblatex Info: ... file 'biblatex.def' found.

(/nix/store/7l5j4bssdra1lws101cha60fg5l2jli7-texlive-combined-2025-texmfdist/te
x/latex/biblatex/biblatex.def
File: biblatex.def 2025/07/10 v3.21 biblatex compatibility (PK/MW)
\c@textcitecount=\count400
\c@textcitetotal=\count401
\c@textcitemaxnames=\count402
\c@biburlbigbreakpenalty=\count403
\c@biburlbreakpenalty=\count404
\c@biburlnumpenalty=\count405
\c@biburlucpenalty=\count406
\c@biburllcpenalty=\count407
\biburlbigskip=\muskip18
\biburlnumskip=\muskip19
\biburlucskip=\muskip20
\biburllcskip=\muskip21
\c@smartand=\count408
)
Package biblatex Info: Trying to load natbib compatibility...
Package biblatex Info: ... file 'blx-natbib.def' found.

(/nix/store/7l5j4bssdra1lws101cha60fg5l2jli7-texlive-combined-2025-texmfdist/te
x/latex/biblatex/blx-natbib.def
File: blx-natbib.def 2025/07/10 v3.21 biblatex compatibility (PK/MW)
Package biblatex Info: Delimiter 'nameyeardelim' in context '' already defined,
 overwriting.
)
Package biblatex Info: Trying to load bibliography style 'numeric'...
Package biblatex Info: ... file 'numeric.bbx' found.

(/nix/store/7l5j4bssdra1lws101cha60fg5l2jli7-texlive-combined-2025-texmfdist/te
x/latex/biblatex/bbx/numeric.bbx
File: numeric.bbx 2025/07/10 v3.21 biblatex bibliography style (PK/MW)
Package biblatex Info: Trying to load bibliography style 'standard'...
Package biblatex Info: ... file 'standard.bbx' found.

(/nix/store/7l5j4bssdra1lws101cha60fg5l2jli7-texlive-combined-2025-texmfdist/te
x/latex/biblatex/bbx/standard.bbx
File: standard.bbx 2025/07/10 v3.21 biblatex bibliography style (PK/MW)
\c@bbx:relatedcount=\count409
\c@bbx:relatedtotal=\count410
))
Package biblatex Info: Trying to load citation style 'numeric'...
Package biblatex Info: ... file 'numeric.cbx' found.

(/nix/store/7l5j4bssdra1lws101cha60fg5l2jli7-texlive-combined-2025-texmfdist/te
x/latex/biblatex/cbx/numeric.cbx
File: numeric.cbx 2025/07/10 v3.21 biblatex citation style (PK/MW)
Package biblatex Info: Redefining '\cite'.
Package biblatex Info: Redefining '\parencite'.
Package biblatex Info: Redefining '\footcite'.
Package biblatex Info: Redefining '\footcitetext'.
Package biblatex Info: Redefining '\smartcite'.
Package biblatex Info: Redefining '\supercite'.
Package biblatex Info: Redefining '\textcite'.
Package biblatex Info: Redefining '\textcites'.
Package biblatex Info: Redefining '\cites'.
Package biblatex Info: Redefining '\parencites'.
Package biblatex Info: Redefining '\smartcites'.
)
Package biblatex Info: Trying to load configuration file...
Package biblatex Info: ... file 'biblatex.cfg' found.

(/nix/store/7l5j4bssdra1lws101cha60fg5l2jli7-texlive-combined-2025-texmfdist/te
x/latex/biblatex/biblatex.cfg
File: biblatex.cfg 
)
Package biblatex Info: Input encoding 'utf8' detected.
Package biblatex Info: Document encoding is UTF8 ....

(/nix/store/7l5j4bssdra1lws101cha60fg5l2jli7-texlive-combined-2025-texmfdist/te
x/latex/l3kernel/expl3.sty
Package: expl3 2026-01-19 L3 programming layer (loader) 

(/nix/store/7l5j4bssdra1lws101cha60fg5l2jli7-texlive-combined-2025-texmfdist/te
x/latex/l3backend/l3backend-pdftex.def
File: l3backend-pdftex.def 2025-10-09 L3 backend support: PDF output (pdfTeX)
\l__color_backend_stack_int=\count411
))
Package biblatex Info: ... and expl3
(biblatex)             2026-01-19 L3 programming layer (loader) 
(biblatex)             is new enough (at least 2020/04/06),
(biblatex)             setting 'casechanger=expl3'.

(/nix/store/7l5j4bssdra1lws101cha60fg5l2jli7-texlive-combined-2025-texmfdist/te
x/latex/biblatex/blx-case-expl3.sty
(/nix/store/7l5j4bssdra1lws101cha60fg5l2jli7-texlive-combined-2025-texmfdist/te
x/latex/l3packages/xparse/xparse.sty
Package: xparse 2025-10-09 L3 Experimental document command parser
)
Package: blx-case-expl3 2025/07/10 v3.21 expl3 case changing code for biblatex
))
(/nix/store/7l5j4bssdra1lws101cha60fg5l2jli7-texlive-combined-2025-texmfdist/te
x/latex/hyperref/hyperref.sty
Package: hyperref 2026-01-29 v7.01p Hypertext links for LaTeX

(/nix/store/7l5j4bssdra1lws101cha60fg5l2jli7-texlive-combined-2025-texmfdist/te
x/generic/kvdefinekeys/kvdefinekeys.sty
Package: kvdefinekeys 2019-12-19 v1.6 Define keys (HO)
)
(/nix/store/7l5j4bssdra1lws101cha60fg5l2jli7-texlive-combined-2025-texmfdist/te
x/generic/pdfescape/pdfescape.sty
Package: pdfescape 2019/12/09 v1.15 Implements pdfTeX's escape features (HO)
)
(/nix/store/7l5j4bssdra1lws101cha60fg5l2jli7-texlive-combined-2025-texmfdist/te
x/latex/hycolor/hycolor.sty
Package: hycolor 2020-01-27 v1.10 Color options for hyperref/bookmark (HO)
)
(/nix/store/7l5j4bssdra1lws101cha60fg5l2jli7-texlive-combined-2025-texmfdist/te
x/latex/hyperref/nameref.sty
Package: nameref 2026-01-29 v2.58 Cross-referencing by name of section

(/nix/store/7l5j4bssdra1lws101cha60fg5l2jli7-texlive-combined-2025-texmfdist/te
x/latex/refcount/refcount.sty
Package: refcount 2019/12/15 v3.6 Data extraction from label references (HO)
)
(/nix/store/7l5j4bssdra1lws101cha60fg5l2jli7-texlive-combined-2025-texmfdist/te
x/generic/gettitlestring/gettitlestring.sty
Package: gettitlestring 2019/12/15 v1.6 Cleanup title references (HO)
)
\c@section@level=\count412
)
(/nix/store/7l5j4bssdra1lws101cha60fg5l2jli7-texlive-combined-2025-texmfdist/te
x/generic/stringenc/stringenc.sty
Package: stringenc 2019/11/29 v1.12 Convert strings between diff. encodings (HO
)
)
\@linkdim=\dimen149
\Hy@linkcounter=\count413
\Hy@pagecounter=\count414

(/nix/store/7l5j4bssdra1lws101cha60fg5l2jli7-texlive-combined-2025-texmfdist/te
x/latex/hyperref/pd1enc.def
File: pd1enc.def 2026-01-29 v7.01p Hyperref: PDFDocEncoding definition (HO)
Now handling font encoding PD1 ...
... no UTF-8 mapping file for font encoding PD1
)
(/nix/store/7l5j4bssdra1lws101cha60fg5l2jli7-texlive-combined-2025-texmfdist/te
x/generic/intcalc/intcalc.sty
Package: intcalc 2019/12/15 v1.3 Expandable calculations with integers (HO)
)
\Hy@SavedSpaceFactor=\count415

(/nix/store/7l5j4bssdra1lws101cha60fg5l2jli7-texlive-combined-2025-texmfdist/te
x/latex/hyperref/puenc.def
File: puenc.def 2026-01-29 v7.01p Hyperref: PDF Unicode definition (HO)
Now handling font encoding PU ...
... no UTF-8 mapping file for font encoding PU
)
Package hyperref Info: Hyper figures OFF on input line 4201.
Package hyperref Info: Link nesting OFF on input line 4206.
Package hyperref Info: Hyper index ON on input line 4209.
Package hyperref Info: Plain pages OFF on input line 4216.
Package hyperref Info: Backreferencing OFF on input line 4221.
Package hyperref Info: Implicit mode ON; LaTeX internals redefined.
Package hyperref Info: Bookmarks ON on input line 4468.
\c@Hy@tempcnt=\count416
LaTeX Info: Redefining \url on input line 4807.
\XeTeXLinkMargin=\dimen150

(/nix/store/7l5j4bssdra1lws101cha60fg5l2jli7-texlive-combined-2025-texmfdist/te
x/generic/bitset/bitset.sty
Package: bitset 2019/12/09 v1.3 Handle bit-vector datatype (HO)

(/nix/store/7l5j4bssdra1lws101cha60fg5l2jli7-texlive-combined-2025-texmfdist/te
x/generic/bigintcalc/bigintcalc.sty
Package: bigintcalc 2019/12/15 v1.5 Expandable calculations on big integers (HO
)
))
\Fld@menulength=\count417
\Field@Width=\dimen151
\Fld@charsize=\dimen152
Package hyperref Info: Hyper figures OFF on input line 6084.
Package hyperref Info: Link nesting OFF on input line 6089.
Package hyperref Info: Hyper index ON on input line 6092.
Package hyperref Info: backreferencing OFF on input line 6099.
Package hyperref Info: Link coloring OFF on input line 6104.
Package hyperref Info: Link coloring with OCG OFF on input line 6109.
Package hyperref Info: PDF/A mode OFF on input line 6114.
\Hy@abspage=\count418
\c@Item=\count419
\c@Hfootnote=\count420
)
Package hyperref Info: Driver (autodetected): hpdftex.

(/nix/store/7l5j4bssdra1lws101cha60fg5l2jli7-texlive-combined-2025-texmfdist/te
x/latex/hyperref/hpdftex.def
File: hpdftex.def 2026-01-29 v7.01p Hyperref driver for pdfTeX
\Fld@listcount=\count421
\c@bookmark@seq@number=\count422

(/nix/store/7l5j4bssdra1lws101cha60fg5l2jli7-texlive-combined-2025-texmfdist/te
x/latex/rerunfilecheck/rerunfilecheck.sty
Package: rerunfilecheck 2025-06-21 v1.11 Rerun checks for auxiliary files (HO)

(/nix/store/7l5j4bssdra1lws101cha60fg5l2jli7-texlive-combined-2025-texmfdist/te
x/generic/uniquecounter/uniquecounter.sty
Package: uniquecounter 2019/12/15 v1.4 Provide unlimited unique counter (HO)
)
Package uniquecounter Info: New unique counter `rerunfilecheck' on input line 2
84.
)
\Hy@SectionHShift=\skip73
)
Package hyperref Info: Option `colorlinks' set `true' on input line 14.

(/nix/store/7l5j4bssdra1lws101cha60fg5l2jli7-texlive-combined-2025-texmfdist/te
x/latex/graphviz/graphviz.sty
Package: graphviz 2013/08/15 v0.94 .dtx graphviz file

(/nix/store/7l5j4bssdra1lws101cha60fg5l2jli7-texlive-combined-2025-texmfdist/te
x/latex/graphics/graphicx.sty
Package: graphicx 2024/12/31 v1.2e Enhanced LaTeX Graphics (DPC,SPQR)

(/nix/store/7l5j4bssdra1lws101cha60fg5l2jli7-texlive-combined-2025-texmfdist/te
x/latex/graphics/graphics.sty
Package: graphics 2024/08/06 v1.4g Standard LaTeX Graphics (DPC,SPQR)

(/nix/store/7l5j4bssdra1lws101cha60fg5l2jli7-texlive-combined-2025-texmfdist/te
x/latex/graphics/trig.sty
Package: trig 2023/12/02 v1.11 sin cos tan (DPC)
)
(/nix/store/7l5j4bssdra1lws101cha60fg5l2jli7-texlive-combined-2025-texmfdist/te
x/latex/graphics-cfg/graphics.cfg
File: graphics.cfg 2016/06/04 v1.11 sample graphics configuration
)
Package graphics Info: Driver file: pdftex.def on input line 106.

(/nix/store/7l5j4bssdra1lws101cha60fg5l2jli7-texlive-combined-2025-texmfdist/te
x/latex/graphics-def/pdftex.def
File: pdftex.def 2025/09/29 v1.2d Graphics/color driver for pdftex
))
\Gin@req@height=\dimen153
\Gin@req@width=\dimen154
))
(/nix/store/7l5j4bssdra1lws101cha60fg5l2jli7-texlive-combined-2025-texmfdist/te
x/latex/amsmath/amsmath.sty
Package: amsmath 2025/07/09 v2.17z AMS math features
\@mathmargin=\skip74

For additional information on amsmath, use the `?' option.

(/nix/store/7l5j4bssdra1lws101cha60fg5l2jli7-texlive-combined-2025-texmfdist/te
x/latex/amsmath/amstext.sty
Package: amstext 2024/11/17 v2.01 AMS text

(/nix/store/7l5j4bssdra1lws101cha60fg5l2jli7-texlive-combined-2025-texmfdist/te
x/latex/amsmath/amsgen.sty
File: amsgen.sty 1999/11/30 v2.0 generic functions
\@emptytoks=\toks20
\ex@=\dimen155
))
(/nix/store/7l5j4bssdra1lws101cha60fg5l2jli7-texlive-combined-2025-texmfdist/te
x/latex/amsmath/amsbsy.sty
Package: amsbsy 1999/11/29 v1.2d Bold Symbols
\pmbraise@=\dimen156
)
(/nix/store/7l5j4bssdra1lws101cha60fg5l2jli7-texlive-combined-2025-texmfdist/te
x/latex/amsmath/amsopn.sty
Package: amsopn 2022/04/08 v2.04 operator names
)
\inf@bad=\count423
LaTeX Info: Redefining \frac on input line 233.
\uproot@=\count424
\leftroot@=\count425
LaTeX Info: Redefining \overline on input line 398.
LaTeX Info: Redefining \colon on input line 409.
\classnum@=\count426
\DOTSCASE@=\count427
LaTeX Info: Redefining \ldots on input line 495.
LaTeX Info: Redefining \dots on input line 498.
LaTeX Info: Redefining \cdots on input line 619.
\Mathstrutbox@=\box53
\strutbox@=\box54
LaTeX Info: Redefining \big on input line 721.
LaTeX Info: Redefining \Big on input line 722.
LaTeX Info: Redefining \bigg on input line 723.
LaTeX Info: Redefining \Bigg on input line 724.
\big@size=\dimen157
LaTeX Font Info:    Redeclaring font encoding OML on input line 742.
LaTeX Font Info:    Redeclaring font encoding OMS on input line 743.
\macc@depth=\count428
LaTeX Info: Redefining \bmod on input line 904.
LaTeX Info: Redefining \pmod on input line 909.
LaTeX Info: Redefining \smash on input line 939.
LaTeX Info: Redefining \relbar on input line 969.
LaTeX Info: Redefining \Relbar on input line 970.
\c@MaxMatrixCols=\count429
\dotsspace@=\muskip22
\c@parentequation=\count430
\dspbrk@lvl=\count431
\tag@help=\toks21
\row@=\count432
\column@=\count433
\maxfields@=\count434
\andhelp@=\toks22
\eqnshift@=\dimen158
\alignsep@=\dimen159
\tagshift@=\dimen160
\tagwidth@=\dimen161
\totwidth@=\dimen162
\lineht@=\dimen163
\@envbody=\toks23
\multlinegap=\skip75
\multlinetaggap=\skip76
\mathdisplay@stack=\toks24
LaTeX Info: Redefining \[ on input line 2950.
LaTeX Info: Redefining \] on input line 2951.
)
(/nix/store/7l5j4bssdra1lws101cha60fg5l2jli7-texlive-combined-2025-texmfdist/te
x/latex/amscls/amsthm.sty
Package: amsthm 2020/05/29 v2.20.6
\thm@style=\toks25
\thm@bodyfont=\toks26
\thm@headfont=\toks27
\thm@notefont=\toks28
\thm@headpunct=\toks29
\thm@preskip=\skip77
\thm@postskip=\skip78
\thm@headsep=\skip79
\dth@everypar=\toks30
)
(/nix/store/7l5j4bssdra1lws101cha60fg5l2jli7-texlive-combined-2025-texmfdist/te
x/latex/amsfonts/amssymb.sty
Package: amssymb 2013/01/14 v3.01 AMS font symbols

(/nix/store/7l5j4bssdra1lws101cha60fg5l2jli7-texlive-combined-2025-texmfdist/te
x/latex/amsfonts/amsfonts.sty
Package: amsfonts 2013/01/14 v3.01 Basic AMSFonts support
\symAMSa=\mathgroup4
\symAMSb=\mathgroup5
LaTeX Font Info:    Redeclaring math symbol \hbar on input line 98.
LaTeX Font Info:    Overwriting math alphabet `\mathfrak' in version `bold'
(Font)                  U/euf/m/n --> U/euf/b/n on input line 106.
))
(/nix/store/7l5j4bssdra1lws101cha60fg5l2jli7-texlive-combined-2025-texmfdist/te
x/latex/pgf/frontendlayer/tikz.sty
(/nix/store/7l5j4bssdra1lws101cha60fg5l2jli7-texlive-combined-2025-texmfdist/te
x/latex/pgf/basiclayer/pgf.sty
(/nix/store/7l5j4bssdra1lws101cha60fg5l2jli7-texlive-combined-2025-texmfdist/te
x/latex/pgf/utilities/pgfrcs.sty
(/nix/store/7l5j4bssdra1lws101cha60fg5l2jli7-texlive-combined-2025-texmfdist/te
x/generic/pgf/utilities/pgfutil-common.tex
\pgfutil@everybye=\toks31
\pgfutil@tempdima=\dimen164
\pgfutil@tempdimb=\dimen165
)
(/nix/store/7l5j4bssdra1lws101cha60fg5l2jli7-texlive-combined-2025-texmfdist/te
x/generic/pgf/utilities/pgfutil-latex.def
\pgfutil@abb=\box55
)
(/nix/store/7l5j4bssdra1lws101cha60fg5l2jli7-texlive-combined-2025-texmfdist/te
x/generic/pgf/utilities/pgfrcs.code.tex
(/nix/store/7l5j4bssdra1lws101cha60fg5l2jli7-texlive-combined-2025-texmfdist/te
x/generic/pgf/pgf.revision.tex)
Package: pgfrcs 2025-08-29 v3.1.11a (3.1.11a)
))
Package: pgf 2025-08-29 v3.1.11a (3.1.11a)

(/nix/store/7l5j4bssdra1lws101cha60fg5l2jli7-texlive-combined-2025-texmfdist/te
x/latex/pgf/basiclayer/pgfcore.sty
(/nix/store/7l5j4bssdra1lws101cha60fg5l2jli7-texlive-combined-2025-texmfdist/te
x/latex/pgf/systemlayer/pgfsys.sty
(/nix/store/7l5j4bssdra1lws101cha60fg5l2jli7-texlive-combined-2025-texmfdist/te
x/generic/pgf/systemlayer/pgfsys.code.tex
Package: pgfsys 2025-08-29 v3.1.11a (3.1.11a)

(/nix/store/7l5j4bssdra1lws101cha60fg5l2jli7-texlive-combined-2025-texmfdist/te
x/generic/pgf/utilities/pgfkeys.code.tex
\pgfkeys@pathtoks=\toks32
\pgfkeys@temptoks=\toks33

(/nix/store/7l5j4bssdra1lws101cha60fg5l2jli7-texlive-combined-2025-texmfdist/te
x/generic/pgf/utilities/pgfkeyslibraryfiltered.code.tex
\pgfkeys@tmptoks=\toks34
))
\pgf@x=\dimen166
\pgf@y=\dimen167
\pgf@xa=\dimen168
\pgf@ya=\dimen169
\pgf@xb=\dimen170
\pgf@yb=\dimen171
\pgf@xc=\dimen172
\pgf@yc=\dimen173
\pgf@xd=\dimen174
\pgf@yd=\dimen175
\w@pgf@writea=\write4
\r@pgf@reada=\read3
\c@pgf@counta=\count435
\c@pgf@countb=\count436
\c@pgf@countc=\count437
\c@pgf@countd=\count438
\t@pgf@toka=\toks35
\t@pgf@tokb=\toks36
\t@pgf@tokc=\toks37
\pgf@sys@id@count=\count439

(/nix/store/7l5j4bssdra1lws101cha60fg5l2jli7-texlive-combined-2025-texmfdist/te
x/generic/pgf/systemlayer/pgf.cfg
File: pgf.cfg 2025-08-29 v3.1.11a (3.1.11a)
)
Driver file for pgf: pgfsys-pdftex.def

(/nix/store/7l5j4bssdra1lws101cha60fg5l2jli7-texlive-combined-2025-texmfdist/te
x/generic/pgf/systemlayer/pgfsys-pdftex.def
File: pgfsys-pdftex.def 2025-08-29 v3.1.11a (3.1.11a)

(/nix/store/7l5j4bssdra1lws101cha60fg5l2jli7-texlive-combined-2025-texmfdist/te
x/generic/pgf/systemlayer/pgfsys-common-pdf.def
File: pgfsys-common-pdf.def 2025-08-29 v3.1.11a (3.1.11a)
)))
(/nix/store/7l5j4bssdra1lws101cha60fg5l2jli7-texlive-combined-2025-texmfdist/te
x/generic/pgf/systemlayer/pgfsyssoftpath.code.tex
File: pgfsyssoftpath.code.tex 2025-08-29 v3.1.11a (3.1.11a)
\pgfsyssoftpath@smallbuffer@items=\count440
\pgfsyssoftpath@bigbuffer@items=\count441
)
(/nix/store/7l5j4bssdra1lws101cha60fg5l2jli7-texlive-combined-2025-texmfdist/te
x/generic/pgf/systemlayer/pgfsysprotocol.code.tex
File: pgfsysprotocol.code.tex 2025-08-29 v3.1.11a (3.1.11a)
))
(/nix/store/7l5j4bssdra1lws101cha60fg5l2jli7-texlive-combined-2025-texmfdist/te
x/latex/xcolor/xcolor.sty
Package: xcolor 2024/09/29 v3.02 LaTeX color extensions (UK)

(/nix/store/7l5j4bssdra1lws101cha60fg5l2jli7-texlive-combined-2025-texmfdist/te
x/latex/graphics-cfg/color.cfg
File: color.cfg 2016/01/02 v1.6 sample color configuration
)
Package xcolor Info: Driver file: pdftex.def on input line 274.

(/nix/store/7l5j4bssdra1lws101cha60fg5l2jli7-texlive-combined-2025-texmfdist/te
x/latex/graphics/mathcolor.ltx)
Package xcolor Info: Model `cmy' substituted by `cmy0' on input line 1349.
Package xcolor Info: Model `hsb' substituted by `rgb' on input line 1353.
Package xcolor Info: Model `RGB' extended on input line 1365.
Package xcolor Info: Model `HTML' substituted by `rgb' on input line 1367.
Package xcolor Info: Model `Hsb' substituted by `hsb' on input line 1368.
Package xcolor Info: Model `tHsb' substituted by `hsb' on input line 1369.
Package xcolor Info: Model `HSB' substituted by `hsb' on input line 1370.
Package xcolor Info: Model `Gray' substituted by `gray' on input line 1371.
Package xcolor Info: Model `wave' substituted by `hsb' on input line 1372.
)
(/nix/store/7l5j4bssdra1lws101cha60fg5l2jli7-texlive-combined-2025-texmfdist/te
x/generic/pgf/basiclayer/pgfcore.code.tex
Package: pgfcore 2025-08-29 v3.1.11a (3.1.11a)

(/nix/store/7l5j4bssdra1lws101cha60fg5l2jli7-texlive-combined-2025-texmfdist/te
x/generic/pgf/math/pgfmath.code.tex
(/nix/store/7l5j4bssdra1lws101cha60fg5l2jli7-texlive-combined-2025-texmfdist/te
x/generic/pgf/math/pgfmathutil.code.tex)
(/nix/store/7l5j4bssdra1lws101cha60fg5l2jli7-texlive-combined-2025-texmfdist/te
x/generic/pgf/math/pgfmathparser.code.tex
\pgfmath@dimen=\dimen176
\pgfmath@count=\count442
\pgfmath@box=\box56
\pgfmath@toks=\toks38
\pgfmath@stack@operand=\toks39
\pgfmath@stack@operation=\toks40
)
(/nix/store/7l5j4bssdra1lws101cha60fg5l2jli7-texlive-combined-2025-texmfdist/te
x/generic/pgf/math/pgfmathfunctions.code.tex)
(/nix/store/7l5j4bssdra1lws101cha60fg5l2jli7-texlive-combined-2025-texmfdist/te
x/generic/pgf/math/pgfmathfunctions.basic.code.tex)
(/nix/store/7l5j4bssdra1lws101cha60fg5l2jli7-texlive-combined-2025-texmfdist/te
x/generic/pgf/math/pgfmathfunctions.trigonometric.code.tex)
(/nix/store/7l5j4bssdra1lws101cha60fg5l2jli7-texlive-combined-2025-texmfdist/te
x/generic/pgf/math/pgfmathfunctions.random.code.tex)
(/nix/store/7l5j4bssdra1lws101cha60fg5l2jli7-texlive-combined-2025-texmfdist/te
x/generic/pgf/math/pgfmathfunctions.comparison.code.tex)
(/nix/store/7l5j4bssdra1lws101cha60fg5l2jli7-texlive-combined-2025-texmfdist/te
x/generic/pgf/math/pgfmathfunctions.base.code.tex)
(/nix/store/7l5j4bssdra1lws101cha60fg5l2jli7-texlive-combined-2025-texmfdist/te
x/generic/pgf/math/pgfmathfunctions.round.code.tex)
(/nix/store/7l5j4bssdra1lws101cha60fg5l2jli7-texlive-combined-2025-texmfdist/te
x/generic/pgf/math/pgfmathfunctions.misc.code.tex)
(/nix/store/7l5j4bssdra1lws101cha60fg5l2jli7-texlive-combined-2025-texmfdist/te
x/generic/pgf/math/pgfmathfunctions.integerarithmetics.code.tex)
(/nix/store/7l5j4bssdra1lws101cha60fg5l2jli7-texlive-combined-2025-texmfdist/te
x/generic/pgf/math/pgfmathcalc.code.tex)
(/nix/store/7l5j4bssdra1lws101cha60fg5l2jli7-texlive-combined-2025-texmfdist/te
x/generic/pgf/math/pgfmathfloat.code.tex
\c@pgfmathroundto@lastzeros=\count443
))
(/nix/store/7l5j4bssdra1lws101cha60fg5l2jli7-texlive-combined-2025-texmfdist/te
x/generic/pgf/math/pgfint.code.tex)
(/nix/store/7l5j4bssdra1lws101cha60fg5l2jli7-texlive-combined-2025-texmfdist/te
x/generic/pgf/basiclayer/pgfcorepoints.code.tex
File: pgfcorepoints.code.tex 2025-08-29 v3.1.11a (3.1.11a)
\pgf@picminx=\dimen177
\pgf@picmaxx=\dimen178
\pgf@picminy=\dimen179
\pgf@picmaxy=\dimen180
\pgf@pathminx=\dimen181
\pgf@pathmaxx=\dimen182
\pgf@pathminy=\dimen183
\pgf@pathmaxy=\dimen184
\pgf@xx=\dimen185
\pgf@xy=\dimen186
\pgf@yx=\dimen187
\pgf@yy=\dimen188
\pgf@zx=\dimen189
\pgf@zy=\dimen190
)
(/nix/store/7l5j4bssdra1lws101cha60fg5l2jli7-texlive-combined-2025-texmfdist/te
x/generic/pgf/basiclayer/pgfcorepathconstruct.code.tex
File: pgfcorepathconstruct.code.tex 2025-08-29 v3.1.11a (3.1.11a)
\pgf@path@lastx=\dimen191
\pgf@path@lasty=\dimen192
)
(/nix/store/7l5j4bssdra1lws101cha60fg5l2jli7-texlive-combined-2025-texmfdist/te
x/generic/pgf/basiclayer/pgfcorepathusage.code.tex
File: pgfcorepathusage.code.tex 2025-08-29 v3.1.11a (3.1.11a)
\pgf@shorten@end@additional=\dimen193
\pgf@shorten@start@additional=\dimen194
)
(/nix/store/7l5j4bssdra1lws101cha60fg5l2jli7-texlive-combined-2025-texmfdist/te
x/generic/pgf/basiclayer/pgfcorescopes.code.tex
File: pgfcorescopes.code.tex 2025-08-29 v3.1.11a (3.1.11a)
\pgfpic=\box57
\pgf@hbox=\box58
\pgf@layerbox@main=\box59
\pgf@picture@serial@count=\count444
)
(/nix/store/7l5j4bssdra1lws101cha60fg5l2jli7-texlive-combined-2025-texmfdist/te
x/generic/pgf/basiclayer/pgfcoregraphicstate.code.tex
File: pgfcoregraphicstate.code.tex 2025-08-29 v3.1.11a (3.1.11a)
\pgflinewidth=\dimen195
)
(/nix/store/7l5j4bssdra1lws101cha60fg5l2jli7-texlive-combined-2025-texmfdist/te
x/generic/pgf/basiclayer/pgfcoretransformations.code.tex
File: pgfcoretransformations.code.tex 2025-08-29 v3.1.11a (3.1.11a)
\pgf@pt@x=\dimen196
\pgf@pt@y=\dimen197
\pgf@pt@temp=\dimen198
)
(/nix/store/7l5j4bssdra1lws101cha60fg5l2jli7-texlive-combined-2025-texmfdist/te
x/generic/pgf/basiclayer/pgfcorequick.code.tex
File: pgfcorequick.code.tex 2025-08-29 v3.1.11a (3.1.11a)
)
(/nix/store/7l5j4bssdra1lws101cha60fg5l2jli7-texlive-combined-2025-texmfdist/te
x/generic/pgf/basiclayer/pgfcoreobjects.code.tex
File: pgfcoreobjects.code.tex 2025-08-29 v3.1.11a (3.1.11a)
)
(/nix/store/7l5j4bssdra1lws101cha60fg5l2jli7-texlive-combined-2025-texmfdist/te
x/generic/pgf/basiclayer/pgfcorepathprocessing.code.tex
File: pgfcorepathprocessing.code.tex 2025-08-29 v3.1.11a (3.1.11a)
)
(/nix/store/7l5j4bssdra1lws101cha60fg5l2jli7-texlive-combined-2025-texmfdist/te
x/generic/pgf/basiclayer/pgfcorearrows.code.tex
File: pgfcorearrows.code.tex 2025-08-29 v3.1.11a (3.1.11a)
\pgfarrowsep=\dimen199
)
(/nix/store/7l5j4bssdra1lws101cha60fg5l2jli7-texlive-combined-2025-texmfdist/te
x/generic/pgf/basiclayer/pgfcoreshade.code.tex
File: pgfcoreshade.code.tex 2025-08-29 v3.1.11a (3.1.11a)
\pgf@max=\dimen256
\pgf@sys@shading@range@num=\count445
\pgf@shadingcount=\count446
)
(/nix/store/7l5j4bssdra1lws101cha60fg5l2jli7-texlive-combined-2025-texmfdist/te
x/generic/pgf/basiclayer/pgfcoreimage.code.tex
File: pgfcoreimage.code.tex 2025-08-29 v3.1.11a (3.1.11a)
)
(/nix/store/7l5j4bssdra1lws101cha60fg5l2jli7-texlive-combined-2025-texmfdist/te
x/generic/pgf/basiclayer/pgfcoreexternal.code.tex
File: pgfcoreexternal.code.tex 2025-08-29 v3.1.11a (3.1.11a)
\pgfexternal@startupbox=\box60
)
(/nix/store/7l5j4bssdra1lws101cha60fg5l2jli7-texlive-combined-2025-texmfdist/te
x/generic/pgf/basiclayer/pgfcorelayers.code.tex
File: pgfcorelayers.code.tex 2025-08-29 v3.1.11a (3.1.11a)
)
(/nix/store/7l5j4bssdra1lws101cha60fg5l2jli7-texlive-combined-2025-texmfdist/te
x/generic/pgf/basiclayer/pgfcoretransparency.code.tex
File: pgfcoretransparency.code.tex 2025-08-29 v3.1.11a (3.1.11a)
)
(/nix/store/7l5j4bssdra1lws101cha60fg5l2jli7-texlive-combined-2025-texmfdist/te
x/generic/pgf/basiclayer/pgfcorepatterns.code.tex
File: pgfcorepatterns.code.tex 2025-08-29 v3.1.11a (3.1.11a)
)
(/nix/store/7l5j4bssdra1lws101cha60fg5l2jli7-texlive-combined-2025-texmfdist/te
x/generic/pgf/basiclayer/pgfcorerdf.code.tex
File: pgfcorerdf.code.tex 2025-08-29 v3.1.11a (3.1.11a)
)))
(/nix/store/7l5j4bssdra1lws101cha60fg5l2jli7-texlive-combined-2025-texmfdist/te
x/generic/pgf/modules/pgfmoduleshapes.code.tex
File: pgfmoduleshapes.code.tex 2025-08-29 v3.1.11a (3.1.11a)
\pgfnodeparttextbox=\box61
)
(/nix/store/7l5j4bssdra1lws101cha60fg5l2jli7-texlive-combined-2025-texmfdist/te
x/generic/pgf/modules/pgfmoduleplot.code.tex
File: pgfmoduleplot.code.tex 2025-08-29 v3.1.11a (3.1.11a)
)
(/nix/store/7l5j4bssdra1lws101cha60fg5l2jli7-texlive-combined-2025-texmfdist/te
x/latex/pgf/compatibility/pgfcomp-version-0-65.sty
Package: pgfcomp-version-0-65 2025-08-29 v3.1.11a (3.1.11a)
\pgf@nodesepstart=\dimen257
\pgf@nodesepend=\dimen258
)
(/nix/store/7l5j4bssdra1lws101cha60fg5l2jli7-texlive-combined-2025-texmfdist/te
x/latex/pgf/compatibility/pgfcomp-version-1-18.sty
Package: pgfcomp-version-1-18 2025-08-29 v3.1.11a (3.1.11a)
))
(/nix/store/7l5j4bssdra1lws101cha60fg5l2jli7-texlive-combined-2025-texmfdist/te
x/latex/pgf/utilities/pgffor.sty
(/nix/store/7l5j4bssdra1lws101cha60fg5l2jli7-texlive-combined-2025-texmfdist/te
x/latex/pgf/utilities/pgfkeys.sty
(/nix/store/7l5j4bssdra1lws101cha60fg5l2jli7-texlive-combined-2025-texmfdist/te
x/generic/pgf/utilities/pgfkeys.code.tex))
(/nix/store/7l5j4bssdra1lws101cha60fg5l2jli7-texlive-combined-2025-texmfdist/te
x/latex/pgf/math/pgfmath.sty
(/nix/store/7l5j4bssdra1lws101cha60fg5l2jli7-texlive-combined-2025-texmfdist/te
x/generic/pgf/math/pgfmath.code.tex))
(/nix/store/7l5j4bssdra1lws101cha60fg5l2jli7-texlive-combined-2025-texmfdist/te
x/generic/pgf/utilities/pgffor.code.tex
Package: pgffor 2025-08-29 v3.1.11a (3.1.11a)
\pgffor@iter=\dimen259
\pgffor@skip=\dimen260
\pgffor@stack=\toks41
\pgffor@toks=\toks42
))
(/nix/store/7l5j4bssdra1lws101cha60fg5l2jli7-texlive-combined-2025-texmfdist/te
x/generic/pgf/frontendlayer/tikz/tikz.code.tex
Package: tikz 2025-08-29 v3.1.11a (3.1.11a)

(/nix/store/7l5j4bssdra1lws101cha60fg5l2jli7-texlive-combined-2025-texmfdist/te
x/generic/pgf/libraries/pgflibraryplothandlers.code.tex
File: pgflibraryplothandlers.code.tex 2025-08-29 v3.1.11a (3.1.11a)
\pgf@plot@mark@count=\count447
\pgfplotmarksize=\dimen261
)
\tikz@lastx=\dimen262
\tikz@lasty=\dimen263
\tikz@lastxsaved=\dimen264
\tikz@lastysaved=\dimen265
\tikz@lastmovetox=\dimen266
\tikz@lastmovetoy=\dimen267
\tikzleveldistance=\dimen268
\tikzsiblingdistance=\dimen269
\tikz@figbox=\box62
\tikz@figbox@bg=\box63
\tikz@tempbox=\box64
\tikz@tempbox@bg=\box65
\tikztreelevel=\count448
\tikznumberofchildren=\count449
\tikznumberofcurrentchild=\count450
\tikz@fig@count=\count451

(/nix/store/7l5j4bssdra1lws101cha60fg5l2jli7-texlive-combined-2025-texmfdist/te
x/generic/pgf/modules/pgfmodulematrix.code.tex
File: pgfmodulematrix.code.tex 2025-08-29 v3.1.11a (3.1.11a)
\pgfmatrixcurrentrow=\count452
\pgfmatrixcurrentcolumn=\count453
\pgf@matrix@numberofcolumns=\count454
)
\tikz@expandcount=\count455

(/nix/store/7l5j4bssdra1lws101cha60fg5l2jli7-texlive-combined-2025-texmfdist/te
x/generic/pgf/frontendlayer/tikz/libraries/tikzlibrarytopaths.code.tex
File: tikzlibrarytopaths.code.tex 2025-08-29 v3.1.11a (3.1.11a)
)))
(./freetikz.sty
Package: freetikz 
\pgf@layerbox@edgelayer=\box66
\pgf@layerboxsaved@edgelayer=\box67
\pgf@layerbox@nodelayer=\box68
\pgf@layerboxsaved@nodelayer=\box69
\pgf@layerbox@foreground=\box70
\pgf@layerboxsaved@foreground=\box71
\pgf@layerbox@background=\box72
\pgf@layerboxsaved@background=\box73
\morphismheight=\skip80
\minimummorphismwidth=\skip81
\stateheight=\skip82
\minimumstatewidth=\skip83
\connectheight=\skip84
)
(/nix/store/7l5j4bssdra1lws101cha60fg5l2jli7-texlive-combined-2025-texmfdist/te
x/generic/pgf/frontendlayer/tikz/libraries/tikzlibraryshapes.geometric.code.tex
File: tikzlibraryshapes.geometric.code.tex 2025-08-29 v3.1.11a (3.1.11a)

(/nix/store/7l5j4bssdra1lws101cha60fg5l2jli7-texlive-combined-2025-texmfdist/te
x/generic/pgf/libraries/shapes/pgflibraryshapes.geometric.code.tex
File: pgflibraryshapes.geometric.code.tex 2025-08-29 v3.1.11a (3.1.11a)
))
(/nix/store/7l5j4bssdra1lws101cha60fg5l2jli7-texlive-combined-2025-texmfdist/te
x/generic/pgf/frontendlayer/tikz/libraries/tikzlibrarycalc.code.tex
File: tikzlibrarycalc.code.tex 2025-08-29 v3.1.11a (3.1.11a)
)
(/nix/store/7l5j4bssdra1lws101cha60fg5l2jli7-texlive-combined-2025-texmfdist/te
x/generic/pgf/frontendlayer/tikz/libraries/tikzlibraryarrows.code.tex
File: tikzlibraryarrows.code.tex 2025-08-29 v3.1.11a (3.1.11a)

(/nix/store/7l5j4bssdra1lws101cha60fg5l2jli7-texlive-combined-2025-texmfdist/te
x/generic/pgf/libraries/pgflibraryarrows.code.tex
File: pgflibraryarrows.code.tex 2025-08-29 v3.1.11a (3.1.11a)
\arrowsize=\dimen270
))
(/nix/store/7l5j4bssdra1lws101cha60fg5l2jli7-texlive-combined-2025-texmfdist/te
x/generic/pgf/frontendlayer/tikz/libraries/tikzlibrarydecorations.markings.code
.tex
(/nix/store/7l5j4bssdra1lws101cha60fg5l2jli7-texlive-combined-2025-texmfdist/te
x/generic/pgf/frontendlayer/tikz/libraries/tikzlibrarydecorations.code.tex
(/nix/store/7l5j4bssdra1lws101cha60fg5l2jli7-texlive-combined-2025-texmfdist/te
x/generic/pgf/modules/pgfmoduledecorations.code.tex
\pgfdecoratedcompleteddistance=\dimen271
\pgfdecoratedremainingdistance=\dimen272
\pgfdecoratedinputsegmentcompleteddistance=\dimen273
\pgfdecoratedinputsegmentremainingdistance=\dimen274
\pgf@decorate@distancetomove=\dimen275
\pgf@decorate@repeatstate=\count456
\pgfdecorationsegmentamplitude=\dimen276
\pgfdecorationsegmentlength=\dimen277
)
\tikz@lib@dec@box=\box74
)
(/nix/store/7l5j4bssdra1lws101cha60fg5l2jli7-texlive-combined-2025-texmfdist/te
x/generic/pgf/libraries/decorations/pgflibrarydecorations.markings.code.tex))
(/nix/store/7l5j4bssdra1lws101cha60fg5l2jli7-texlive-combined-2025-texmfdist/te
x/generic/pgf/frontendlayer/tikz/libraries/tikzlibraryshapes.code.tex
File: tikzlibraryshapes.code.tex 2025-08-29 v3.1.11a (3.1.11a)

(/nix/store/7l5j4bssdra1lws101cha60fg5l2jli7-texlive-combined-2025-texmfdist/te
x/generic/pgf/frontendlayer/tikz/libraries/tikzlibraryshapes.misc.code.tex
File: tikzlibraryshapes.misc.code.tex 2025-08-29 v3.1.11a (3.1.11a)

(/nix/store/7l5j4bssdra1lws101cha60fg5l2jli7-texlive-combined-2025-texmfdist/te
x/generic/pgf/libraries/shapes/pgflibraryshapes.misc.code.tex
File: pgflibraryshapes.misc.code.tex 2025-08-29 v3.1.11a (3.1.11a)
))
(/nix/store/7l5j4bssdra1lws101cha60fg5l2jli7-texlive-combined-2025-texmfdist/te
x/generic/pgf/frontendlayer/tikz/libraries/tikzlibraryshapes.symbols.code.tex
File: tikzlibraryshapes.symbols.code.tex 2025-08-29 v3.1.11a (3.1.11a)

(/nix/store/7l5j4bssdra1lws101cha60fg5l2jli7-texlive-combined-2025-texmfdist/te
x/generic/pgf/libraries/shapes/pgflibraryshapes.symbols.code.tex
File: pgflibraryshapes.symbols.code.tex 2025-08-29 v3.1.11a (3.1.11a)
))
(/nix/store/7l5j4bssdra1lws101cha60fg5l2jli7-texlive-combined-2025-texmfdist/te
x/generic/pgf/frontendlayer/tikz/libraries/tikzlibraryshapes.arrows.code.tex
File: tikzlibraryshapes.arrows.code.tex 2025-08-29 v3.1.11a (3.1.11a)

(/nix/store/7l5j4bssdra1lws101cha60fg5l2jli7-texlive-combined-2025-texmfdist/te
x/generic/pgf/libraries/shapes/pgflibraryshapes.arrows.code.tex
File: pgflibraryshapes.arrows.code.tex 2025-08-29 v3.1.11a (3.1.11a)
))
(/nix/store/7l5j4bssdra1lws101cha60fg5l2jli7-texlive-combined-2025-texmfdist/te
x/generic/pgf/frontendlayer/tikz/libraries/tikzlibraryshapes.callouts.code.tex
(/nix/store/7l5j4bssdra1lws101cha60fg5l2jli7-texlive-combined-2025-texmfdist/te
x/generic/pgf/libraries/shapes/pgflibraryshapes.callouts.code.tex))
(/nix/store/7l5j4bssdra1lws101cha60fg5l2jli7-texlive-combined-2025-texmfdist/te
x/generic/pgf/frontendlayer/tikz/libraries/tikzlibraryshapes.multipart.code.tex
File: tikzlibraryshapes.multipart.code.tex 2025-08-29 v3.1.11a (3.1.11a)

(/nix/store/7l5j4bssdra1lws101cha60fg5l2jli7-texlive-combined-2025-texmfdist/te
x/generic/pgf/libraries/shapes/pgflibraryshapes.multipart.code.tex
File: pgflibraryshapes.multipart.code.tex 2025-08-29 v3.1.11a (3.1.11a)
\pgfnodepartlowerbox=\box75
\pgfnodeparttwobox=\box76
\pgfnodepartthreebox=\box77
\pgfnodepartfourbox=\box78
\pgfnodeparttwentybox=\box79
\pgfnodepartnineteenbox=\box80
\pgfnodeparteighteenbox=\box81
\pgfnodepartseventeenbox=\box82
\pgfnodepartsixteenbox=\box83
\pgfnodepartfifteenbox=\box84
\pgfnodepartfourteenbox=\box85
\pgfnodepartthirteenbox=\box86
\pgfnodeparttwelvebox=\box87
\pgfnodepartelevenbox=\box88
\pgfnodeparttenbox=\box89
\pgfnodepartninebox=\box90
\pgfnodeparteightbox=\box91
\pgfnodepartsevenbox=\box92
\pgfnodepartsixbox=\box93
\pgfnodepartfivebox=\box94
)))
(/nix/store/7l5j4bssdra1lws101cha60fg5l2jli7-texlive-combined-2025-texmfdist/te
x/generic/pgf/frontendlayer/tikz/libraries/tikzlibrarypositioning.code.tex
File: tikzlibrarypositioning.code.tex 2025-08-29 v3.1.11a (3.1.11a)
)
(/nix/store/7l5j4bssdra1lws101cha60fg5l2jli7-texlive-combined-2025-texmfdist/te
x/latex/xcolor/x11nam.def
File: x11nam.def 2024/09/29 v3.02 Predefined colors according to Unix/X11 (UK)
)
(/nix/store/7l5j4bssdra1lws101cha60fg5l2jli7-texlive-combined-2025-texmfdist/te
x/latex/xcolor/svgnam.def
File: svgnam.def 2024/09/29 v3.02 Predefined colors according to SVG 1.1 (UK)
)
(/nix/store/7l5j4bssdra1lws101cha60fg5l2jli7-texlive-combined-2025-texmfdist/te
x/generic/pgf/frontendlayer/tikz/libraries/tikzlibraryfit.code.tex
File: tikzlibraryfit.code.tex 2025-08-29 v3.1.11a (3.1.11a)
)
(/nix/store/7l5j4bssdra1lws101cha60fg5l2jli7-texlive-combined-2025-texmfdist/te
x/latex/string-diagrams/string-diagrams.sty
Package: string-diagrams 2023/06/13 v0.2.1 Draw string diagrams using TikZ
)
(/nix/store/7l5j4bssdra1lws101cha60fg5l2jli7-texlive-combined-2025-texmfdist/te
x/latex/comment/comment.sty
\CommentStream=\write5
 Excluding comment 'comment')
(/nix/store/7l5j4bssdra1lws101cha60fg5l2jli7-texlive-combined-2025-texmfdist/te
x/latex/tools/tabularx.sty
Package: tabularx 2023/12/11 v2.12a `tabularx' package (DPC)

(/nix/store/7l5j4bssdra1lws101cha60fg5l2jli7-texlive-combined-2025-texmfdist/te
x/latex/tools/array.sty
Package: array 2025/09/25 v2.6n Tabular extension package (FMi)
\col@sep=\dimen278
\ar@mcellbox=\box95
\extrarowheight=\dimen279
\NC@list=\toks43
\extratabsurround=\skip85
\backup@length=\skip86
\ar@cellbox=\box96
)
\TX@col@width=\dimen280
\TX@old@table=\dimen281
\TX@old@col=\dimen282
\TX@target=\dimen283
\TX@delta=\dimen284
\TX@cols=\count457
\TX@ftn=\toks44
)
(/nix/store/7l5j4bssdra1lws101cha60fg5l2jli7-texlive-combined-2025-texmfdist/te
x/latex/fixme/fixme.sty
Package: fixme 2019/01/03 v4.5 Collaborative annotations for LaTeX2e

(/nix/store/7l5j4bssdra1lws101cha60fg5l2jli7-texlive-combined-2025-texmfdist/te
x/latex/tools/verbatim.sty
Package: verbatim 2024-01-22 v1.5x LaTeX2e package for verbatim enhancements
\every@verbatim=\toks45
\verbatim@line=\toks46
\verbatim@in@stream=\read4
)
(/nix/store/7l5j4bssdra1lws101cha60fg5l2jli7-texlive-combined-2025-texmfdist/te
x/latex/xkeyval/xkeyval.sty
Package: xkeyval 2025/11/04 v2.10 package option processing (HA)

(/nix/store/7l5j4bssdra1lws101cha60fg5l2jli7-texlive-combined-2025-texmfdist/te
x/generic/xkeyval/xkeyval.tex
(/nix/store/7l5j4bssdra1lws101cha60fg5l2jli7-texlive-combined-2025-texmfdist/te
x/generic/xkeyval/xkvutils.tex
\XKV@toks=\toks47
\XKV@tempa@toks=\toks48
\XKV@tempb@toks=\toks49
)
\XKV@depth=\count458
File: xkeyval.tex 2014/12/03 v2.7a key=value parser (HA)
))
\lox@file=\read5
\c@fixmecount=\count459
\c@fxnotecount=\count460
\c@fxwarningcount=\count461
\c@fxerrorcount=\count462
\c@fxfatalcount=\count463
)
(/nix/store/7l5j4bssdra1lws101cha60fg5l2jli7-texlive-combined-2025-texmfdist/te
x/latex/fixme/themes/fxthemecolor.sty
Package: fxthemecolor 

(/nix/store/7l5j4bssdra1lws101cha60fg5l2jli7-texlive-combined-2025-texmfdist/te
x/latex/fixme/layouts/env/fxenvlayoutcolor.sty
Package: fxenvlayoutcolor 
)
(/nix/store/7l5j4bssdra1lws101cha60fg5l2jli7-texlive-combined-2025-texmfdist/te
x/latex/fixme/layouts/target/fxtargetlayoutcolor.sty
Package: fxtargetlayoutcolor 
))
(/nix/store/7l5j4bssdra1lws101cha60fg5l2jli7-texlive-combined-2025-texmfdist/te
x/latex/parskip/parskip.sty
Package: parskip 2021-03-14 v2.0h non-zero parskip adjustments
)
(/nix/store/7l5j4bssdra1lws101cha60fg5l2jli7-texlive-combined-2025-texmfdist/te
x/latex/chngcntr/chngcntr.sty
Package: chngcntr 2018/04/09 v1.1a change counter resetting
Package chngcntr Info: \counterwithout already defined.
(chngcntr)             Quitting chngcntr on input line 21.
)
(/nix/store/7l5j4bssdra1lws101cha60fg5l2jli7-texlive-combined-2025-texmfdist/te
x/generic/ulem/ulem.sty
\UL@box=\box97
\UL@hyphenbox=\box98
\UL@skip=\skip87
\UL@hook=\toks50
\UL@height=\dimen285
\UL@pe=\count464
\UL@pixel=\dimen286
\ULC@box=\box99
Package: ulem 2019/11/18
\ULdepth=\dimen287
)
(/nix/store/7l5j4bssdra1lws101cha60fg5l2jli7-texlive-combined-2025-texmfdist/te
x/latex/listings/listings.sty
\lst@mode=\count465
\lst@gtempboxa=\box100
\lst@token=\toks51
\lst@length=\count466
\lst@currlwidth=\dimen288
\lst@column=\count467
\lst@pos=\count468
\lst@lostspace=\dimen289
\lst@width=\dimen290
\lst@newlines=\count469
\lst@lineno=\count470
\lst@maxwidth=\dimen291

(/nix/store/7l5j4bssdra1lws101cha60fg5l2jli7-texlive-combined-2025-texmfdist/te
x/latex/listings/lstpatch.sty
File: lstpatch.sty 2025/11/14 1.11b (Carsten Heinz)
)
(/nix/store/7l5j4bssdra1lws101cha60fg5l2jli7-texlive-combined-2025-texmfdist/te
x/latex/listings/lstmisc.sty
File: lstmisc.sty 2025/11/14 1.11b (Carsten Heinz)
\c@lstnumber=\count471
\lst@skipnumbers=\count472
\lst@framebox=\box101
)
(/nix/store/7l5j4bssdra1lws101cha60fg5l2jli7-texlive-combined-2025-texmfdist/te
x/latex/listings/listings.cfg
File: listings.cfg 2025/11/14 1.11b listings configuration
))
Package: listings 2025/11/14 1.11b (Carsten Heinz)

==> First Aid for listings.sty no longer applied!
    Expected:
        2024/09/23 1.10c (Carsten Heinz)
    but found:
        2025/11/14 1.11b (Carsten Heinz)
    so I'm assuming it got fixed.

(/nix/store/7l5j4bssdra1lws101cha60fg5l2jli7-texlive-combined-2025-texmfdist/te
x/latex/makecell/makecell.sty
Package: makecell 2009/08/03 V0.1e Managing of Tab Column Heads and Cells
\rotheadsize=\dimen292
\c@nlinenum=\count473
\TeXr@lab=\toks52
)
(/nix/store/7l5j4bssdra1lws101cha60fg5l2jli7-texlive-combined-2025-texmfdist/te
x/latex/changepage/changepage.sty
Package: changepage 2009/10/20 v1.0c check page and change page layout
\c@cp@cntr=\count474
\cp@tempcnt=\count475
)
\@quotelevel=\count476
\@quotereset=\count477
 (./thesis.aux)
\openout1 = `thesis.aux'.

LaTeX Font Info:    Checking defaults for OML/cmm/m/it on input line 55.
LaTeX Font Info:    ... okay on input line 55.
LaTeX Font Info:    Checking defaults for OMS/cmsy/m/n on input line 55.
LaTeX Font Info:    ... okay on input line 55.
LaTeX Font Info:    Checking defaults for OT1/cmr/m/n on input line 55.
LaTeX Font Info:    ... okay on input line 55.
LaTeX Font Info:    Checking defaults for T1/cmr/m/n on input line 55.
LaTeX Font Info:    ... okay on input line 55.
LaTeX Font Info:    Checking defaults for TS1/cmr/m/n on input line 55.
LaTeX Font Info:    ... okay on input line 55.
LaTeX Font Info:    Checking defaults for OMX/cmex/m/n on input line 55.
LaTeX Font Info:    ... okay on input line 55.
LaTeX Font Info:    Checking defaults for U/cmr/m/n on input line 55.
LaTeX Font Info:    ... okay on input line 55.
LaTeX Font Info:    Checking defaults for PD1/pdf/m/n on input line 55.
LaTeX Font Info:    ... okay on input line 55.
LaTeX Font Info:    Checking defaults for PU/pdf/m/n on input line 55.
LaTeX Font Info:    ... okay on input line 55.
Package biblatex Info: Trying to load language 'english'...
Package biblatex Info: ... file 'english.lbx' found.

(/nix/store/7l5j4bssdra1lws101cha60fg5l2jli7-texlive-combined-2025-texmfdist/te
x/latex/biblatex/lbx/english.lbx
File: english.lbx 2025/07/10 v3.21 biblatex localization (PK/MW)
)
Package biblatex Info: Input encoding 'utf8' detected.
Package biblatex Info: Automatic encoding selection.
(biblatex)             Assuming data encoding 'utf8'.
\openout3 = `thesis.bcf'.

Package biblatex Info: Trying to load bibliographic data...
Package biblatex Info: ... file 'thesis.bbl' found.
 (./thesis.bbl)
Package biblatex Info: Reference section=0 on input line 55.
Package biblatex Info: Reference segment=0 on input line 55.
Package hyperref Info: Link coloring ON on input line 55.
 (./thesis.out) (./thesis.out)
\@outlinefile=\write6
\openout6 = `thesis.out'.


(/nix/store/7l5j4bssdra1lws101cha60fg5l2jli7-texlive-combined-2025-texmfdist/te
x/context/base/mkii/supp-pdf.mkii
[Loading MPS to PDF converter (version 2006.09.02).]
\scratchcounter=\count478
\scratchdimen=\dimen293
\scratchbox=\box102
\nofMPsegments=\count479
\nofMParguments=\count480
\everyMPshowfont=\toks53
\MPscratchCnt=\count481
\MPscratchDim=\dimen294
\MPnumerator=\count482
\makeMPintoPDFobject=\count483
\everyMPtoPDFconversion=\toks54
)
(/nix/store/7l5j4bssdra1lws101cha60fg5l2jli7-texlive-combined-2025-texmfdist/te
x/latex/epstopdf-pkg/epstopdf-base.sty
Package: epstopdf-base 2020-01-24 v2.11 Base part for package epstopdf
Package epstopdf-base Info: Redefining graphics rule for `.eps' on input line 4
85.

(/nix/store/7l5j4bssdra1lws101cha60fg5l2jli7-texlive-combined-2025-texmfdist/te
x/latex/latexconfig/epstopdf-sys.cfg
File: epstopdf-sys.cfg 2010/07/13 v1.3 Configuration of (r)epstopdf for TeX Liv
e
))
Couldn't patch \deferred@thm@head!
\c@lstlisting=\count484
[1

{/nix/store/bib76l0b0iaq5iybajbz1wf8124ljplp-texlive-combined-2025/share/texmf-
var/fonts/map/pdftex/updmap/pdftex.map}] (./thesis.toc
LaTeX Font Info:    Trying to load font information for U+msa on input line 3.

(/nix/store/7l5j4bssdra1lws101cha60fg5l2jli7-texlive-combined-2025-texmfdist/te
x/latex/amsfonts/umsa.fd
File: umsa.fd 2013/01/14 v3.01 AMS symbols A
)
LaTeX Font Info:    Trying to load font information for U+msb on input line 3.

(/nix/store/7l5j4bssdra1lws101cha60fg5l2jli7-texlive-combined-2025-texmfdist/te
x/latex/amsfonts/umsb.fd
File: umsb.fd 2013/01/14 v3.01 AMS symbols B
)
pdfTeX warning (ext4): destination with the same identifier (name{page.1}) has 
been already used, duplicate ignored
<to be read again> 
                   \relax 
l.28 ...MTs and the word problem}{43}{section.7.2}
                                                  % [1

])
\tf@toc=\write7
\openout7 = `thesis.toc'.

 [2]
Chapter 1.
[3

] [4]
Chapter 2.
[5

]
Package hyperref Info: bookmark level for unknown fixme defaults to 0 on input 
line 146.


FiXme Error: 'need ref for program synthesis. Also theorem proving?' on input l
ine 146.

[6] [7]
Missing character: There is no ; in font nullfont!
Missing character: There is no ; in font nullfont!
Missing character: There is no ; in font nullfont!
Missing character: There is no ; in font nullfont!
[8]
Missing character: There is no ; in font nullfont!
Missing character: There is no ; in font nullfont!
Missing character: There is no ; in font nullfont!
Missing character: There is no ; in font nullfont!
Missing character: There is no ; in font nullfont!
Missing character: There is no ; in font nullfont!
Missing character: There is no ; in font nullfont!
[9]
Missing character: There is no ; in font nullfont!
Missing character: There is no ; in font nullfont!
Missing character: There is no ; in font nullfont!
Missing character: There is no ; in font nullfont!
Missing character: There is no ; in font nullfont!
Missing character: There is no ; in font nullfont!
Missing character: There is no ; in font nullfont!
[10]
Missing character: There is no ; in font nullfont!
Missing character: There is no ; in font nullfont!
Missing character: There is no ; in font nullfont!
Missing character: There is no ; in font nullfont!
Missing character: There is no ; in font nullfont!
Missing character: There is no ; in font nullfont!
Missing character: There is no ; in font nullfont!
Missing character: There is no ; in font nullfont!
Missing character: There is no ; in font nullfont!
Missing character: There is no ; in font nullfont!
Missing character: There is no ; in font nullfont!
Missing character: There is no ; in font nullfont!
[11]
Missing character: There is no ; in font nullfont!
Missing character: There is no ; in font nullfont!
Missing character: There is no ; in font nullfont!
Missing character: There is no ; in font nullfont!
Missing character: There is no ; in font nullfont!
Missing character: There is no ; in font nullfont!
Missing character: There is no ; in font nullfont!
Missing character: There is no ; in font nullfont!
Missing character: There is no ; in font nullfont!
Missing character: There is no ; in font nullfont!
Missing character: There is no ; in font nullfont!
Missing character: There is no ; in font nullfont!
[12]
Missing character: There is no ; in font nullfont!
Missing character: There is no ; in font nullfont!
Missing character: There is no ; in font nullfont!
Missing character: There is no ; in font nullfont!
Missing character: There is no ; in font nullfont!
Missing character: There is no ; in font nullfont!
Missing character: There is no ; in font nullfont!
Missing character: There is no ; in font nullfont!
Missing character: There is no ; in font nullfont!
Missing character: There is no ; in font nullfont!
[13]
Missing character: There is no ; in font nullfont!
Missing character: There is no ; in font nullfont!
Missing character: There is no ; in font nullfont!
Missing character: There is no ; in font nullfont!
Missing character: There is no ; in font nullfont!
Missing character: There is no ; in font nullfont!
Missing character: There is no ; in font nullfont!
Missing character: There is no ; in font nullfont!
Missing character: There is no ; in font nullfont!
Missing character: There is no ; in font nullfont!

Overfull \hbox (29.72328pt too wide) in paragraph at lines 1407--1409
 [] 
 []

[14] [15] [16]
Chapter 3.
Missing character: There is no ; in font nullfont!
Missing character: There is no ; in font nullfont!
Missing character: There is no ; in font nullfont!
[17

]
Missing character: There is no ; in font nullfont!
Missing character: There is no ; in font nullfont!
Missing character: There is no ; in font nullfont!
Missing character: There is no ; in font nullfont!
Missing character: There is no ; in font nullfont!
Missing character: There is no ; in font nullfont!
Missing character: There is no ; in font nullfont!
Missing character: There is no ; in font nullfont!
Missing character: There is no ; in font nullfont!
Missing character: There is no ; in font nullfont!
Missing character: There is no ; in font nullfont!
Missing character: There is no ; in font nullfont!
Missing character: There is no ; in font nullfont!
Missing character: There is no ; in font nullfont!
Missing character: There is no ; in font nullfont!
Missing character: There is no ; in font nullfont!
Missing character: There is no ; in font nullfont!
Missing character: There is no ; in font nullfont!
Missing character: There is no ; in font nullfont!
Missing character: There is no ; in font nullfont!
Missing character: There is no ; in font nullfont!
Missing character: There is no ; in font nullfont!
Missing character: There is no ; in font nullfont!
Missing character: There is no ; in font nullfont!
Missing character: There is no ; in font nullfont!
Missing character: There is no ; in font nullfont!
Missing character: There is no ; in font nullfont!
Missing character: There is no ; in font nullfont!
Missing character: There is no ; in font nullfont!
Missing character: There is no ; in font nullfont!
Missing character: There is no ; in font nullfont!
Missing character: There is no ; in font nullfont!
Missing character: There is no ; in font nullfont!
Missing character: There is no ; in font nullfont!
Missing character: There is no ; in font nullfont!
Missing character: There is no ; in font nullfont!
Missing character: There is no ; in font nullfont!
Missing character: There is no ; in font nullfont!
Missing character: There is no ; in font nullfont!
Missing character: There is no ; in font nullfont!
Missing character: There is no ; in font nullfont!
Missing character: There is no ; in font nullfont!
Missing character: There is no ; in font nullfont!
Missing character: There is no ; in font nullfont!
Missing character: There is no ; in font nullfont!
Missing character: There is no ; in font nullfont!

Overfull \hbox (73.56694pt too wide) in paragraph at lines 2208--2210
 [] 
 []

[18]
<blowup5.png, id=367, 2206.2425pt x 538.01pt>
File: blowup5.png Graphic file (type png)
<use blowup5.png>
Package pdftex.def Info: blowup5.png  used on input line 2214.
(pdftex.def)             Requested size: 551.55928pt x 134.50217pt.

Overfull \hbox (6.55928pt too wide) in paragraph at lines 2214--2215
[][] 
 []

[19 <./blowup5.png>]
Overfull \hbox (0.6732pt too wide) in paragraph at lines 2495--2496
 [][] 
 []


Overfull \hbox (56.97316pt too wide) in paragraph at lines 2701--2702
 [][] 
 []


FiXme Error: 'Should I unfloat the preceding diagrams?' on input line 2704.

[20] [21] [22] [23]

FiXme Error: 'Write this when I'm less impatient' on input line 2810.


FiXme Error: 'Do I need a source here' on input line 2815.

[24] [25{/nix/store/7l5j4bssdra1lws101cha60fg5l2jli7-texlive-combined-2025-texm
fdist/fonts/enc/dvips/cm-super/cm-super-ts1.enc}]
Chapter 4.

FiXme Error: 'To be reorganized' on input line 2825.

[26

]

FiXme Error: 'source' on input line 2888.


Overfull \hbox (10.8463pt too wide) in paragraph at lines 2890--2890
[]\OT1/cmr/bx/n/14.4 Congruence re-la-tions and Congruence-closure 
 []

[27] [28]

LaTeX Warning: `!h' float specifier changed to `!ht'.


Overfull \hbox (5.45631pt too wide) in paragraph at lines 3211--3212
[]\OT1/cmr/m/n/10 Now, we need to pro-cess the re-main-ing two equa-tions. $\OM
L/cmm/m/it/10 g\OT1/cmr/m/n/10 (\OML/cmm/m/it/10 f\OT1/cmr/m/n/10 (\OML/cmm/m/i
t/10 f\OT1/cmr/m/n/10 (\OML/cmm/m/it/10 a\OT1/cmr/m/n/10 ))\OML/cmm/m/it/10 ; b
\OT1/cmr/m/n/10 ) = \OML/cmm/m/it/10 g\OT1/cmr/m/n/10 (\OML/cmm/m/it/10 a; g\OT
1/cmr/m/n/10 (\OML/cmm/m/it/10 a; b\OT1/cmr/m/n/10 ))$
 []


LaTeX Warning: `!h' float specifier changed to `!ht'.


LaTeX Warning: `!h' float specifier changed to `!ht'.


Overfull \hbox (34.88213pt too wide) in paragraph at lines 3326--3327
\OT1/cmr/m/n/10 we might have cy-cles go-ing through mul-ti-ple in-ter-me-di-ar
y nodes: $\OML/cmm/m/it/10 f\OT1/cmr/m/n/10 ([] \OML/cmm/m/it/10 g\OT1/cmr/m/n/
10 ([] \OML/cmm/m/it/10 e[] []\OT1/cmr/m/n/10 ) []) =
 []

[29]

LaTeX Warning: Text page 30 contains only floats.

[30]
Overfull \hbox (49.57076pt too wide) in paragraph at lines 3328--3329
\OT1/cmr/m/n/10 find seems dif-fi-cult to make use of, as we need to de-tect th
e con-gru-ence $\OML/cmm/m/it/10 f\OT1/cmr/m/n/10 (\OML/cmm/m/it/10 a[]; [] ; b
; [] ; a[]\OT1/cmr/m/n/10 ) =
 []


FiXme Error: 'Refs for connections to rewrite systems' on input line 3347.

[31] [32] [33]

Package hyperref Warning: Token not allowed in a PDF string (Unicode):
(hyperref)                removing `\\' on input line 3466.

[34] [35]
Chapter 5.
[36

]
Chapter 6.
[37

]
Chapter 7.

FiXme Error: 'cite' on input line 3680.

[38

] [39]
(/nix/store/7l5j4bssdra1lws101cha60fg5l2jli7-texlive-combined-2025-texmfdist/te
x/latex/listings/lstlang1.sty
File: lstlang1.sty 2025/11/14 1.11b listings language file
)
(/nix/store/7l5j4bssdra1lws101cha60fg5l2jli7-texlive-combined-2025-texmfdist/te
x/latex/listings/lstlang2.sty
File: lstlang2.sty 2025/11/14 1.11b listings language file
)
LaTeX Font Info:    Trying to load font information for OMS+cmr on input line 3
704.

(/nix/store/7l5j4bssdra1lws101cha60fg5l2jli7-texlive-combined-2025-texmfdist/te
x/latex/base/omscmr.fd
File: omscmr.fd 2024/11/19 v2.5n Standard LaTeX font definitions
)
LaTeX Font Info:    Font shape `OMS/cmr/m/n' in size <10> not available
(Font)              Font shape `OMS/cmsy/m/n' tried instead on input line 3704.



FiXme Error: 'Cite literature on polynomial functors/containers?' on input line
 3720.

[40]

FiXme Error: 'Cite literature on unbiased presentations? This is a monad law...
' on input line 3752.

[41]

FiXme Error: 'Backward ref to minimally expansive theories, to be renamed to we
ak acyclicity or whatever. Actually, conjecture: all minimally expansive/weakly
 acyclicity theories can be done with just a canonizer/container' on input line
 3784.

[42]

FiXme Error: 'Expand this. For theories where a canonizer works/solves the word
 problem, is Zucker's bottom-up idea sufficient?' on input line 3791.


FiXme Error: 'Change to include weak EMTs for A etc' on input line 3803.

[43]

FiXme Error: 'Writing this makes me think we really ought to introduce $\vdash 
$ at some point for brevity. Also, check later if we have commented on the suff
iciency of our requirements' on input line 3809.

[44]
Chapter 8.

FiXme Error: 'Make sure we have cited `congruence closure mod AC' by Bachmair a
nd the Cochon paper as very relevant prior work. Tiwari also' on input line 382
2.

[45

]

FiXme Error: 'TODO: proof' on input line 3838.

[46]
Chapter 9.
[47

]
Chapter 10.
[48

]
Chapter 11.

FiXme Error: 'It feels better to include this stuff in the main EMT section? Th
e `canonizer' and `containers' approach is what prior work consists of, and tac
king it on here feels a bit strange. On the other hand, I guess I need somewher
e to cite Bachmair, Kapur, Tiwari, and Conchon' on input line 3854.

[49

]
Chapter 12.
[50

]
Overfull \hbox (6.14262pt too wide) in paragraph at lines 3940--3940
\OT1/cmr/m/n/10 cial-iza-tions''. In: \OT1/cmr/m/it/10 Au-to-mated De-duc-tion 
- CADE-17\OT1/cmr/m/n/10 . Ed. by David McAllester.
 []


Overfull \hbox (3.01651pt too wide) in paragraph at lines 3940--3940
[]\OT1/cmr/m/n/10 Saul Shanabrook. \OT1/cmr/m/it/10 Cus-tom Data Struc-tures in
 E-Graphs\OT1/cmr/m/n/10 . PLSE Blog. Feb. 24,
 []


Overfull \hbox (1.7768pt too wide) in paragraph at lines 3940--3940
[]\OT1/cmr/m/n/10 Philip Zucker. \OT1/cmr/m/it/10 Omelets Need Onions: E-graphs
 Mod-ulo The-o-ries via Bottom-
 []

[51

]

FiXme Summary: Number of notes: 0,
(FiXme)        Number of warnings: 0,
(FiXme)        Number of errors: 17,
(FiXme)        Number of fatal errors: 0,
(FiXme)        Total: 17.

[52] (./thesis.aux)
 ***********
LaTeX2e <2025-11-01>
L3 programming layer <2026-01-19>
 ***********


Package rerunfilecheck Warning: File `thesis.out' has changed.
(rerunfilecheck)                Rerun to get outlines right
(rerunfilecheck)                or use package `bookmark'.

Package rerunfilecheck Info: Checksums for `thesis.out':
(rerunfilecheck)             Before: 2F1CDEFF3355812F27E72F6F9DCFFA0D;8305
(rerunfilecheck)             After:  E75A04AE00BF3EE47472EA1999B2243D;8305.
Package logreq Info: Writing requests to 'thesis.run.xml'.
\openout1 = `thesis.run.xml'.

 ) 
Here is how much of TeX's memory you used:
 36273 strings out of 467533
 719831 string characters out of 5398125
 1558857 words of memory out of 5000000
 64468 multiletter control sequences out of 15000+600000
 638956 words of font info for 83 fonts, out of 8000000 for 9000
 1141 hyphenation exceptions out of 8191
 84i,13n,104p,1529b,1855s stack positions out of 10000i,1000n,20000p,200000b,200000s
</nix/store/7l5j4bssdra1lws101cha60fg5l2jli7-texlive-combined-2025-texmfdist/
fonts/type1/public/amsfonts/cm/cmbx10.pfb></nix/store/7l5j4bssdra1lws101cha60fg
5l2jli7-texlive-combined-2025-texmfdist/fonts/type1/public/amsfonts/cm/cmbx12.p
fb></nix/store/7l5j4bssdra1lws101cha60fg5l2jli7-texlive-combined-2025-texmfdist
/fonts/type1/public/amsfonts/cm/cmcsc10.pfb></nix/store/7l5j4bssdra1lws101cha60
fg5l2jli7-texlive-combined-2025-texmfdist/fonts/type1/public/amsfonts/cm/cmex10
.pfb></nix/store/7l5j4bssdra1lws101cha60fg5l2jli7-texlive-combined-2025-texmfdi
st/fonts/type1/public/amsfonts/cm/cmmi10.pfb></nix/store/7l5j4bssdra1lws101cha6
0fg5l2jli7-texlive-combined-2025-texmfdist/fonts/type1/public/amsfonts/cm/cmmi5
.pfb></nix/store/7l5j4bssdra1lws101cha60fg5l2jli7-texlive-combined-2025-texmfdi
st/fonts/type1/public/amsfonts/cm/cmmi6.pfb></nix/store/7l5j4bssdra1lws101cha60
fg5l2jli7-texlive-combined-2025-texmfdist/fonts/type1/public/amsfonts/cm/cmmi7.
pfb></nix/store/7l5j4bssdra1lws101cha60fg5l2jli7-texlive-combined-2025-texmfdis
t/fonts/type1/public/amsfonts/cm/cmmi8.pfb></nix/store/7l5j4bssdra1lws101cha60f
g5l2jli7-texlive-combined-2025-texmfdist/fonts/type1/public/amsfonts/cm/cmmi9.p
fb></nix/store/7l5j4bssdra1lws101cha60fg5l2jli7-texlive-combined-2025-texmfdist
/fonts/type1/public/amsfonts/cm/cmr10.pfb></nix/store/7l5j4bssdra1lws101cha60fg
5l2jli7-texlive-combined-2025-texmfdist/fonts/type1/public/amsfonts/cm/cmr12.pf
b></nix/store/7l5j4bssdra1lws101cha60fg5l2jli7-texlive-combined-2025-texmfdist/
fonts/type1/public/amsfonts/cm/cmr17.pfb></nix/store/7l5j4bssdra1lws101cha60fg5
l2jli7-texlive-combined-2025-texmfdist/fonts/type1/public/amsfonts/cm/cmr6.pfb>
</nix/store/7l5j4bssdra1lws101cha60fg5l2jli7-texlive-combined-2025-texmfdist/fo
nts/type1/public/amsfonts/cm/cmr7.pfb></nix/store/7l5j4bssdra1lws101cha60fg5l2j
li7-texlive-combined-2025-texmfdist/fonts/type1/public/amsfonts/cm/cmr8.pfb></n
ix/store/7l5j4bssdra1lws101cha60fg5l2jli7-texlive-combined-2025-texmfdist/fonts
/type1/public/amsfonts/cm/cmss10.pfb></nix/store/7l5j4bssdra1lws101cha60fg5l2jl
i7-texlive-combined-2025-texmfdist/fonts/type1/public/amsfonts/cm/cmsy10.pfb></
nix/store/7l5j4bssdra1lws101cha60fg5l2jli7-texlive-combined-2025-texmfdist/font
s/type1/public/amsfonts/cm/cmsy7.pfb></nix/store/7l5j4bssdra1lws101cha60fg5l2jl
i7-texlive-combined-2025-texmfdist/fonts/type1/public/amsfonts/cm/cmti10.pfb></
nix/store/7l5j4bssdra1lws101cha60fg5l2jli7-texlive-combined-2025-texmfdist/font
s/type1/public/amsfonts/cm/cmtt10.pfb></nix/store/7l5j4bssdra1lws101cha60fg5l2j
li7-texlive-combined-2025-texmfdist/fonts/type1/public/cm-super/sfrm1000.pfb>
Output written on thesis.pdf (53 pages, 660258 bytes).
PDF statistics:
 754 PDF objects out of 1000 (max. 8388607)
 625 compressed objects within 7 object streams
 164 named destinations out of 1000 (max. 500000)
 338 words of extra memory for PDF output out of 10000 (max. 10000000)

