\BOOKMARK [0][-]{chapter.1}{\376\377\000A\000b\000s\000t\000r\000a\000c\000t}{}% 1
\BOOKMARK [0][-]{chapter.2}{\376\377\000I\000n\000t\000r\000o\000d\000u\000c\000t\000i\000o\000n\000\040\000t\000o\000\040\000E\000-\000g\000r\000a\000p\000h\000s}{}% 2
\BOOKMARK [1][-]{section.2.1}{\376\377\000E\000q\000u\000a\000t\000i\000o\000n\000a\000l\000\040\000t\000h\000e\000o\000r\000e\000m\000\040\000p\000r\000o\000v\000i\000n\000g}{chapter.2}% 3
\BOOKMARK [1][-]{section.2.2}{\376\377\000U\000n\000i\000o\000n\000-\000f\000i\000n\000d\000,\000\040\000c\000o\000n\000g\000r\000u\000e\000n\000c\000e\000\040\000c\000l\000o\000s\000u\000r\000e\000,\000\040\000a\000n\000d\000\040\000e\000q\000u\000a\000l\000i\000t\000y\000\040\000s\000a\000t\000u\000r\000a\000t\000i\000o\000n}{chapter.2}% 4
\BOOKMARK [2][-]{subsection.2.2.1}{\376\377\000E\000-\000g\000r\000a\000p\000h\000s\000\040\000f\000o\000r\000\040\000c\000o\000n\000g\000r\000u\000e\000n\000c\000e\000-\000c\000l\000o\000s\000u\000r\000e}{section.2.2}% 5
\BOOKMARK [0][-]{chapter.3}{\376\377\000E\000g\000r\000a\000p\000h\000s\000\040\000m\000o\000d\000u\000l\000o\000\040\000A\000C}{}% 6
\BOOKMARK [1][-]{section.3.1}{\376\377\000H\000a\000n\000d\000l\000i\000n\000g\000\040\000A\000C\000\040\000w\000i\000t\000h\000\040\000E\000M\000T\000s\000:\000\040\000a\000\040\000f\000i\000r\000s\000t\000\040\000e\000x\000a\000m\000p\000l\000e}{chapter.3}% 7
\BOOKMARK [1][-]{section.3.2}{\376\377\000C\000h\000a\000l\000l\000e\000n\000g\000e\000s\000\040\000f\000o\000r\000\040\000E\000M\000T\000\050\000A\000C\000\051}{chapter.3}% 8
\BOOKMARK [1][-]{section.3.3}{\376\377\000F\000i\000l\000l\000i\000n\000g\000\040\000t\000h\000e\000\040\000g\000a\000p}{chapter.3}% 9
\BOOKMARK [1][-]{section.3.4}{\376\377\000P\000r\000o\000s\000p\000e\000c\000t\000s\000\040\000f\000o\000r\000\040\000E\000M\000T\000\050\000A\000C\000\051}{chapter.3}% 10
\BOOKMARK [0][-]{chapter.4}{\376\377\000E\000-\000g\000r\000a\000p\000h\000s\000,\000\040\000E\000M\000T\000s\000,\000\040\000a\000n\000d\000\040\000r\000e\000w\000r\000i\000t\000i\000n\000g}{}% 11
\BOOKMARK [1][-]{section.4.1}{\376\377\000E\000q\000u\000i\000v\000a\000l\000e\000n\000c\000e\000\040\000r\000e\000l\000a\000t\000i\000o\000n\000s\000\040\000a\000n\000d\000\040\000U\000n\000i\000o\000n\000-\000f\000i\000n\000d}{chapter.4}% 12
\BOOKMARK [1][-]{section.4.2}{\376\377\000C\000o\000n\000g\000r\000u\000e\000n\000c\000e\000\040\000r\000e\000l\000a\000t\000i\000o\000n\000s\000\040\000a\000n\000d\000\040\000C\000o\000n\000g\000r\000u\000e\000n\000c\000e\000-\000c\000l\000o\000s\000u\000r\000e}{chapter.4}% 13
\BOOKMARK [2][-]{subsection.4.2.1}{\376\377\000C\000o\000n\000g\000r\000u\000e\000n\000c\000e\000\040\000c\000l\000o\000s\000u\000r\000e\000\040\000b\000u\000i\000l\000d\000s\000\040\000a\000\040\000r\000e\000w\000r\000i\000t\000e\000\040\000s\000y\000s\000t\000e\000m}{section.4.2}% 14
\BOOKMARK [1][-]{section.4.3}{\376\377\000E\000q\000u\000a\000l\000i\000t\000y\000\040\000s\000a\000t\000u\000r\000a\000t\000i\000o\000n}{chapter.4}% 15
\BOOKMARK [2][-]{subsection.4.3.1}{\376\377\000A\000\040\000f\000e\000w\000\040\000v\000a\000r\000i\000a\000t\000i\000o\000n\000s}{section.4.3}% 16
\BOOKMARK [2][-]{subsection.4.3.2}{\376\377\000H\000o\000w\000\040\000E\000-\000g\000r\000a\000p\000h\000s\000\040\000h\000a\000n\000d\000l\000e\000\040\000o\000r\000d\000i\000n\000a\000r\000y\000\040\000c\000r\000i\000t\000i\000c\000a\000l\000\040\000p\000a\000i\000r\000s\000,\000\040\000b\000u\000t\000\040\000n\000o\000t\000\040\000A\000C\000-\000c\000r\000i\000t\000i\000c\000a\000l\000\040\000p\000a\000i\000r\000s}{section.4.3}% 17
\BOOKMARK [2][-]{subsection.4.3.3}{\376\377\000E\000q\000u\000a\000l\000i\000t\000y\000\040\000s\000a\000t\000u\000a\000t\000i\000o\000n\000:\000\040\000\040\000h\000a\000n\000d\000l\000i\000n\000g\000\040\000A\000C\000-\000c\000r\000i\000t\000i\000c\000a\000l\000\040\000p\000a\000i\000r\000s\000\040\000b\000y\000\040\000b\000r\000u\000t\000e\000\040\000f\000o\000r\000c\000e}{section.4.3}% 18
\BOOKMARK [2][-]{subsection.4.3.4}{\376\377\000E\000M\000T\000s\000:\000\040\000H\000a\000n\000d\000l\000i\000n\000g\000\040\000A\000C\000-\000c\000r\000i\000t\000i\000c\000a\000l\000\040\000p\000a\000i\000r\000s\000\040\000l\000e\000s\000s\000\040\000n\000a\000\357\000v\000e\000l\000y}{section.4.3}% 19
\BOOKMARK [0][-]{chapter.5}{\376\377\000O\000L\000D\000\040\000d\000u\000m\000p\000i\000n\000g\000\040\000g\000r\000o\000u\000n\000d}{}% 20
\BOOKMARK [0][-]{chapter.6}{\376\377\000E\000M\000T\000\040\000w\000i\000t\000h\000\040\000o\000t\000h\000e\000r\000\040\000t\000h\000e\000o\000r\000i\000e\000s}{}% 21
\BOOKMARK [0][-]{chapter.7}{\376\377\000E\000-\000g\000r\000a\000p\000h\000s\000\040\000m\000o\000d\000u\000l\000o\000\040\000t\000h\000e\000o\000r\000i\000e\000s}{}% 22
\BOOKMARK [1][-]{section.7.1}{\376\377\000E\000M\000T\000s\000:\000\040\000p\000r\000i\000o\000r\000\040\000a\000t\000t\000e\000m\000p\000t\000s}{chapter.7}% 23
\BOOKMARK [2][-]{subsection.7.1.1}{\376\377\000I\000n\000t\000u\000i\000t\000i\000o\000n\000\040\0001\000:\000\040\000C\000a\000n\000o\000n\000i\000z\000e\000r\000s}{section.7.1}% 24
\BOOKMARK [2][-]{subsection.7.1.2}{\376\377\000I\000n\000t\000u\000t\000i\000t\000i\000o\000n\000\040\0002\000:\000\040\000C\000o\000n\000t\000a\000i\000n\000e\000r\000s}{section.7.1}% 25
\BOOKMARK [2][-]{subsection.7.1.3}{\376\377\000C\000a\000n\000o\000n\000i\000z\000e\000r\000s\000\040\000a\000n\000d\000\040\000c\000o\000n\000t\000a\000i\000n\000e\000r\000s\000\040\000a\000n\000d\000\040\000t\000h\000e\000\040\000p\000r\000o\000b\000l\000e\000m\000\040\000o\000f\000\040\000f\000l\000a\000t\000t\000e\000n\000i\000n\000g}{section.7.1}% 26
\BOOKMARK [1][-]{section.7.2}{\376\377\000E\000M\000T\000s\000\040\000a\000n\000d\000\040\000t\000h\000e\000\040\000w\000o\000r\000d\000\040\000p\000r\000o\000b\000l\000e\000m}{chapter.7}% 27
\BOOKMARK [2][-]{subsection.7.2.1}{\376\377\000T\000h\000e\000\040\000p\000r\000o\000b\000l\000e\000m\000\040\000o\000f\000\040\000m\000a\000t\000c\000h\000i\000n\000g\000\040\000m\000o\000d\000u\000l\000o\000\040\000t\000h\000e\000o\000r\000i\000e\000s}{section.7.2}% 28
\BOOKMARK [1][-]{section.7.3}{\376\377\000E\000-\000g\000r\000a\000p\000h\000s\000\040\000m\000o\000d\000u\000l\000o\000\040\000t\000h\000e\000o\000r\000i\000e}{chapter.7}% 29
\BOOKMARK [2][-]{subsection.7.3.1}{\376\377\000D\000e\000f\000i\000n\000i\000n\000g\000\040\000E\000M\000T\000s}{section.7.3}% 30
\BOOKMARK [0][-]{chapter.8}{\376\377\000E\000-\000g\000r\000a\000p\000h\000s\000\040\000m\000o\000d\000u\000l\000o\000\040\000A\000C}{}% 31
\BOOKMARK [1][-]{section.8.1}{\376\377\000S\000o\000l\000v\000i\000n\000g\000\040\000t\000h\000e\000\040\000w\000o\000r\000d\000\040\000p\000r\000o\000b\000l\000e\000m\000\040\000m\000o\000d\000u\000l\000o\000\040\000A\000C}{chapter.8}% 32
\BOOKMARK [2][-]{subsection.8.1.1}{\376\377\000P\000o\000l\000y\000n\000o\000m\000i\000a\000l\000\040\000i\000d\000e\000a\000l\000s\000\040\000a\000n\000d\000\040\000t\000h\000e\000\040\000A\000C\000\040\000e\000m\000b\000e\000d\000d\000i\000n\000g}{section.8.1}% 33
\BOOKMARK [2][-]{subsection.8.1.2}{\376\377\000G\000r\000\366\000b\000n\000e\000r\000\040\000b\000a\000s\000e\000s\000\040\000f\000o\000r\000\040\000i\000d\000e\000a\000l\000s}{section.8.1}% 34
\BOOKMARK [2][-]{subsection.8.1.3}{\376\377\000C\000o\000m\000p\000u\000t\000i\000n\000g\000\040\000G\000r\000\366\000b\000n\000e\000r\000\040\000b\000a\000s\000e\000s\000\040\000v\000i\000a\000\040\000B\000u\000c\000h\000b\000e\000r\000g\000e\000r\000'\000s\000\040\000a\000l\000g\000o\000r\000i\000t\000h\000m}{section.8.1}% 35
\BOOKMARK [1][-]{section.8.2}{\376\377\000M\000a\000t\000c\000h\000i\000n\000g\000\040\000m\000o\000d\000u\000l\000o\000\040\000A\000C}{chapter.8}% 36
\BOOKMARK [0][-]{chapter.9}{\376\377\000A\000n\000\040\000i\000m\000p\000l\000e\000m\000e\000n\000t\000a\000t\000i\000o\000n}{}% 37
\BOOKMARK [0][-]{chapter.10}{\376\377\000E\000v\000a\000l\000u\000a\000t\000i\000o\000n}{}% 38
\BOOKMARK [0][-]{chapter.11}{\376\377\000P\000r\000i\000o\000r\000\040\000w\000o\000r\000k}{}% 39
\BOOKMARK [0][-]{chapter.12}{\376\377\000C\000o\000n\000c\000l\000u\000s\000i\000o\000n\000\040\000a\000n\000d\000\040\000f\000u\000t\000u\000r\000e\000\040\000w\000o\000r\000k}{}% 40
